Archive member included to satisfy reference by file (symbol)

/opt/wonderful/thirdparty/blocksds/external/nflib/lib/libnflib.a(nf_2d.c.o)
                              build/source/main.cpp.o (NF_Set2D)
/opt/wonderful/thirdparty/blocksds/external/nflib/lib/libnflib.a(nf_basic.c.o)
                              /opt/wonderful/thirdparty/blocksds/external/nflib/lib/libnflib.a(nf_2d.c.o) (NF_Error)
/opt/wonderful/thirdparty/blocksds/external/nflib/lib/libnflib.a(nf_sprite256.c.o)
                              build/source/main.cpp.o (NF_InitSpriteBuffers)
/opt/wonderful/thirdparty/blocksds/external/nflib/lib/libnflib.a(nf_text.c.o)
                              build/source/main.cpp.o (NF_InitTextSys)
/opt/wonderful/thirdparty/blocksds/external/nflib/lib/libnflib.a(nf_tiledbg.c.o)
                              build/source/main.cpp.o (NF_InitTiledBgBuffers)
/opt/wonderful/thirdparty/blocksds/core/libs/libnds/lib/libnds9.a(IntrWait.s.o)
                              build/source/main.cpp.o (swiWaitForVBlank)
/opt/wonderful/thirdparty/blocksds/core/libs/libnds/lib/libnds9.a(mpu_setup.s.o)
                              /opt/wonderful/thirdparty/blocksds/core/sys/crts/ds_arm9_crt0.o (__libnds_mpu_setup)
/opt/wonderful/thirdparty/blocksds/core/libs/libnds/lib/libnds9.a(cp15.s.o)
                              /opt/wonderful/thirdparty/blocksds/core/libs/libnds/lib/libnds9.a(mpu_setup.s.o) (CP15_CleanAndFlushDCache)
/opt/wonderful/thirdparty/blocksds/core/libs/libnds/lib/libnds9.a(dma.s.o)
                              /opt/wonderful/thirdparty/blocksds/external/nflib/lib/libnflib.a(nf_basic.c.o) (dmaSetParams)
/opt/wonderful/thirdparty/blocksds/core/libs/libnds/lib/libnds9.a(memcpy.s.o)
                              /opt/wonderful/thirdparty/blocksds/external/nflib/lib/libnflib.a(nf_basic.c.o) (memcpy)
/opt/wonderful/thirdparty/blocksds/core/libs/libnds/lib/libnds9.a(memset.s.o)
                              /opt/wonderful/thirdparty/blocksds/external/nflib/lib/libnflib.a(nf_sprite256.c.o) (memset)
/opt/wonderful/thirdparty/blocksds/core/libs/libnds/lib/libnds9.a(touch.c.o)
                              build/source/main.cpp.o (touchRead)
/opt/wonderful/thirdparty/blocksds/core/libs/libnds/lib/libnds9.a(sprite.c.o)
                              /opt/wonderful/thirdparty/blocksds/external/nflib/lib/libnflib.a(nf_sprite256.c.o) (oamInit)
/opt/wonderful/thirdparty/blocksds/core/libs/libnds/lib/libnds9.a(sprite_alloc.c.o)
                              /opt/wonderful/thirdparty/blocksds/core/libs/libnds/lib/libnds9.a(sprite.c.o) (oamAllocReset)
/opt/wonderful/thirdparty/blocksds/core/libs/libnds/lib/libnds9.a(video.c.o)
                              /opt/wonderful/thirdparty/blocksds/external/nflib/lib/libnflib.a(nf_basic.c.o) (setBrightness)
/opt/wonderful/thirdparty/blocksds/core/libs/libnds/lib/libnds9.a(securearea.c.o)
                              /opt/wonderful/thirdparty/blocksds/core/sys/crts/ds_arm9_crt0.o (__secure_area__)
/opt/wonderful/thirdparty/blocksds/core/libs/libnds/lib/libnds9.a(keys.c.o)
                              build/source/main.cpp.o (scanKeys)
/opt/wonderful/thirdparty/blocksds/core/libs/libnds/lib/libnds9.a(initSystem.c.o)
                              /opt/wonderful/thirdparty/blocksds/core/sys/crts/ds_arm9_crt0.o (initSystem)
/opt/wonderful/thirdparty/blocksds/core/libs/libnds/lib/libnds9.a(cache.c.o)
                              /opt/wonderful/thirdparty/blocksds/external/nflib/lib/libnflib.a(nf_basic.c.o) (CP15_CleanAndFlushDCacheRange)
/opt/wonderful/thirdparty/blocksds/core/libs/libnds/lib/libnds9.a(console.c.o)
                              build/source/main.cpp.o (consoleDemoInit)
/opt/wonderful/thirdparty/blocksds/core/libs/libnds/lib/libnds9.a(trig.c.o)
                              /opt/wonderful/thirdparty/blocksds/core/libs/libnds/lib/libnds9.a(sprite.c.o) (sinLerp)
/opt/wonderful/thirdparty/blocksds/core/libs/libnds/lib/libnds9.a(filesystem.c.o)
                              /opt/wonderful/thirdparty/blocksds/external/nflib/lib/libnflib.a(nf_basic.c.o) (access)
/opt/wonderful/thirdparty/blocksds/core/libs/libnds/lib/libnds9.a(fatfs.c.o)
                              /opt/wonderful/thirdparty/blocksds/core/libs/libnds/lib/libnds9.a(filesystem.c.o) (fatfs_error_to_posix)
/opt/wonderful/thirdparty/blocksds/core/libs/libnds/lib/libnds9.a(ff.c.o)
                              /opt/wonderful/thirdparty/blocksds/core/libs/libnds/lib/libnds9.a(fatfs.c.o) (f_mount)
/opt/wonderful/thirdparty/blocksds/core/libs/libnds/lib/libnds9.a(ffunicode.c.o)
                              /opt/wonderful/thirdparty/blocksds/core/libs/libnds/lib/libnds9.a(ff.c.o) (ff_uni2oem)
/opt/wonderful/thirdparty/blocksds/core/libs/libnds/lib/libnds9.a(ffsystem.c.o)
                              /opt/wonderful/thirdparty/blocksds/core/libs/libnds/lib/libnds9.a(ff.c.o) (ff_mutex_create)
/opt/wonderful/thirdparty/blocksds/core/libs/libnds/lib/libnds9.a(diskio.c.o)
[...]
Memory Configuration

Name             Origin             Length             Attributes
ewram            0x02000000         0x00380000
dtcm             0x02ff0000         0x00004000
vectors          0x01000000         0x00000100
itcm             0x01000100         0x00007f00
*default*        0x00000000         0xffffffff

Linker script and memory map

LOAD build/source/main.cpp.o
LOAD /opt/wonderful/thirdparty/blocksds/core/sys/crts/ds_arm9_crt0.o
START GROUP
LOAD /opt/wonderful/thirdparty/blocksds/external/nflib/lib/libnflib.a
LOAD /opt/wonderful/thirdparty/blocksds/core/libs/dswifi/lib/libdswifi9.a
LOAD /opt/wonderful/thirdparty/blocksds/core/libs/libnds/lib/libnds9.a
LOAD /opt/wonderful/toolchain/gcc-arm-none-eabi/lib/gcc/arm-none-eabi/13.2.0/../../../../arm-none-eabi/lib/libc.a
LOAD /opt/wonderful/toolchain/gcc-arm-none-eabi/lib/gcc/arm-none-eabi/13.2.0/../../../../arm-none-eabi/lib/thumb/libstdc++.a
LOAD /opt/wonderful/toolchain/gcc-arm-none-eabi/lib/gcc/arm-none-eabi/13.2.0/../../../../arm-none-eabi/lib/libc.a
LOAD /opt/wonderful/toolchain/gcc-arm-none-eabi/lib/gcc/arm-none-eabi/13.2.0/thumb/libgcc.a
END GROUP
                0x02380000                        __ewram_end = (ORIGIN (ewram) + LENGTH (ewram))
                0x02380000                        __eheap_end = (ORIGIN (ewram) + LENGTH (ewram))
                0x02ff4000                        __dtcm_top = (ORIGIN (dtcm) + LENGTH (dtcm))
                0x02ff3ff8                        __irq_flags = (__dtcm_top - 0x8)
                0x02ff3ffc                        __irq_vector = (__dtcm_top - 0x4)
                0x02ff3f00                        __sp_svc = (__dtcm_top - 0x100)
                0x02ff3e00                        __sp_irq = (__sp_svc - 0x100)
                0x02ff3d00                        __sp_usr = (__sp_irq - 0x100)

.secure         0x02000000      0x800
 *(.secure)
 .secure        0x02000000      0x800 /opt/wonderful/thirdparty/blocksds/core/libs/libnds/lib/libnds9.a(securearea.c.o)
                0x02000000                __secure_area__

.crt0           0x02000800      0x308
                0x02000800                        __text_start = .
 *(.crt0)
 .crt0          0x02000800      0x308 /opt/wonderful/thirdparty/blocksds/core/sys/crts/ds_arm9_crt0.o
                0x02000800                _start
                0x02000b08                        . = ALIGN (0x4)
                0x00004000                        PROVIDE (__dldi_size = 0x4000)
                0x0000000e                        __dldi_log2_size = (LOG2CEIL ((__dldi_size + 0x1)) - 0x1)

.dldi           0x02000b40     0x4000
                0x02000b40                        __dldi_start = .
 *(.dldi)
 .dldi          0x02000b40       0x88 /opt/wonderful/thirdparty/blocksds/core/libs/libnds/lib/libnds9.a(dldi_stub.s.o)
                0x02000b40                _io_dldi_stub
                0x02000bc8                        . = ALIGN (0x4)
                0x02000bc8                        __dldi_data_end = .
                0x02004b40                        __dldi_end = (__dldi_data_end > __dldi_start)?(__dldi_start + __dldi_size):__dldi_start
                0x02004b40                        . = __dldi_end
 *fill*         0x02000bc8     0x3f78 00
                0x02004b40                        . = ALIGN (0x4)

.plt
 *(.plt)

.init
 *(SORT_NONE(.init))

.text           0x02004b40     0xebd0
 *(EXCLUDE_FILE(*.twl* *.vectors* *.itcm*) .text)
 .text          0x02004b40       0x14 /opt/wonderful/toolchain/gcc-arm-none-eabi/lib/gcc/arm-none-eabi/13.2.0/../../../../arm-none-eabi/lib/libc.a(strcmp.S.o)
                0x02004b40                strcmp
 .text          0x02004b54        0xe /opt/wonderful/toolchain/gcc-arm-none-eabi/lib/gcc/arm-none-eabi/13.2.0/../../../../arm-none-eabi/lib/libc.a(strlen.S.o)
                0x02004b54                strlen
 *fill*         0x02004b62        0x2 ff
 .text          0x02004b64       0x14 /opt/wonderful/toolchain/gcc-arm-none-eabi/lib/gcc/arm-none-eabi/13.2.0/thumb/libgcc.a(_thumb1_case_uqi.o)
                0x02004b64                __gnu_thumb1_case_uqi
 .text          0x02004b78      0x11c /opt/wonderful/toolchain/gcc-arm-none-eabi/lib/gcc/arm-none-eabi/13.2.0/thumb/libgcc.a(_udivsi3.o)
                0x02004b78                __udivsi3
                0x02004b78                __aeabi_uidiv
                0x02004c74                __aeabi_uidivmod
 .text          0x02004c94      0x150 /opt/wonderful/toolchain/gcc-arm-none-eabi/lib/gcc/arm-none-eabi/13.2.0/thumb/libgcc.a(_divsi3.o)
                0x02004c94                __aeabi_idiv
                0x02004c94                __divsi3
                0x02004dc4                __aeabi_idivmod
 .text          0x02004de4        0x4 /opt/wonderful/toolchain/gcc-arm-none-eabi/lib/gcc/arm-none-eabi/13.2.0/thumb/libgcc.a(_dvmd_tls.o)
                0x02004de4                __aeabi_ldiv0
                0x02004de4                __aeabi_idiv0
 .text          0x02004de8       0x18 /opt/wonderful/toolchain/gcc-arm-none-eabi/lib/gcc/arm-none-eabi/13.2.0/thumb/libgcc.a(_lshrdi3.o)
                0x02004de8                __aeabi_llsr
                0x02004de8                __lshrdi3
 .text          0x02004e00       0x1c /opt/wonderful/toolchain/gcc-arm-none-eabi/lib/gcc/arm-none-eabi/13.2.0/thumb/libgcc.a(_ashrdi3.o)
                0x02004e00                __ashrdi3
                0x02004e00                __aeabi_lasr
 .text          0x02004e1c       0x18 /opt/wonderful/toolchain/gcc-arm-none-eabi/lib/gcc/arm-none-eabi/13.2.0/thumb/libgcc.a(_ashldi3.o)
                0x02004e1c                __ashldi3
                0x02004e1c                __aeabi_llsl
 .text          0x02004e34      0x424 /opt/wonderful/toolchain/gcc-arm-none-eabi/lib/gcc/arm-none-eabi/13.2.0/thumb/libgcc.a(_arm_addsubdf3.o)
                0x02004e34                __aeabi_drsub
                0x02004e3c                __subdf3
                0x02004e3c                __aeabi_dsub
                0x02004e40                __adddf3
                0x02004e40                __aeabi_dadd
                0x02005150                __aeabi_ui2d
                0x02005150                __floatunsidf
                0x02005174                __floatsidf
                0x02005174                __aeabi_i2d
                0x0200519c                __extendsfdf2
                0x0200519c                __aeabi_f2d
                0x020051e4                __aeabi_ul2d
                0x020051e4                __floatundidf
                0x020051f8                __aeabi_l2d
                0x020051f8                __floatdidf
 .text          0x02005258       0xa0 /opt/wonderful/toolchain/gcc-arm-none-eabi/lib/gcc/arm-none-eabi/13.2.0/thumb/libgcc.a(_arm_truncdfsf2.o)
                0x02005258                __aeabi_d2f
                0x02005258                __truncdfsf2
 .text          0x020052f8       0x48 /opt/wonderful/toolchain/gcc-arm-none-eabi/lib/gcc/arm-none-eabi/13.2.0/thumb/libgcc.a(_clzsi2.o)
                0x020052f8                __clzsi2
 .text          0x02005340       0x28 /opt/wonderful/toolchain/gcc-arm-none-eabi/lib/gcc/arm-none-eabi/13.2.0/thumb/libgcc.a(_clzdi2.o)
                0x02005340                __clzdi2
 .text          0x02005368       0xd4 /opt/wonderful/toolchain/gcc-arm-none-eabi/lib/gcc/arm-none-eabi/13.2.0/thumb/libgcc.a(_aeabi_ldivmod.o)
                0x02005368                __aeabi_ldivmod
 .text          0x0200543c       0x3c /opt/wonderful/toolchain/gcc-arm-none-eabi/lib/gcc/arm-none-eabi/13.2.0/thumb/libgcc.a(_aeabi_uldivmod.o)
                0x0200543c                __aeabi_uldivmod
 .text          0x02005478       0x64 /opt/wonderful/toolchain/gcc-arm-none-eabi/lib/gcc/arm-none-eabi/13.2.0/thumb/libgcc.a(_muldi3.o)
                0x02005478                __aeabi_lmul
                0x02005478                __muldi3
 .text          0x020054dc      0x19c /opt/wonderful/toolchain/gcc-arm-none-eabi/lib/gcc/arm-none-eabi/13.2.0/thumb/libgcc.a(_udivmoddi4.o)
                0x020054dc                __udivmoddi4
 *(EXCLUDE_FILE(*.twl* *.vectors* *.itcm*) .stub)
 *(EXCLUDE_FILE(*.twl* *.vectors* *.itcm*) .text.*)
 .text._Z23load_minigame_signaturev
                0x02005678       0xac build/source/main.cpp.o
                0x02005678                _Z23load_minigame_signaturev
 .text._Z23minigame_main_signaturev
                0x02005724       0xc0 build/source/main.cpp.o
                0x02005724                _Z23minigame_main_signaturev
 .text._Z13init_nitro_fsv
                0x020057e4       0x40 build/source/main.cpp.o
                0x020057e4                _Z13init_nitro_fsv
 .text._Z7init_nfv
                0x02005824       0x34 build/source/main.cpp.o
                0x02005824                _Z7init_nfv
 .text._Z17load_title_screenv
                0x02005858       0x30 build/source/main.cpp.o
                0x02005858                _Z17load_title_screenv
 .text._Z19unload_title_screenv
                0x02005888       0x14 build/source/main.cpp.o
                0x02005888                _Z19unload_title_screenv
 .text._Z10main_titlev
                0x0200589c       0x70 build/source/main.cpp.o
                0x0200589c                _Z10main_titlev
 .text.startup.main
                0x0200590c       0x14 build/source/main.cpp.o
                0x0200590c                main
 .text.NF_Set2D
                0x02005920       0x64 /opt/wonderful/thirdparty/blocksds/external/nflib/lib/libnflib.a(nf_2d.c.o)
                0x02005920                NF_Set2D
 .text.NF_ShowBg
                0x02005984       0x74 /opt/wonderful/thirdparty/blocksds/external/nflib/lib/libnflib.a(nf_2d.c.o)
                0x02005984                NF_ShowBg
 .text.NF_HideBg
                0x020059f8       0x9c /opt/wonderful/thirdparty/blocksds/external/nflib/lib/libnflib.a(nf_2d.c.o)
                0x020059f8                NF_HideBg
 .text.NF_ScrollBg
                0x02005a94      0x2fc /opt/wonderful/thirdparty/blocksds/external/nflib/lib/libnflib.a(nf_2d.c.o)
                0x02005a94                NF_ScrollBg
 .text.NF_Error
                0x02005d90      0x2a4 /opt/wonderful/thirdparty/blocksds/external/nflib/lib/libnflib.a(nf_basic.c.o)
                0x02005d90                NF_Error
 .text.NF_SetRootFolder
                0x02006034      0x1dc /opt/wonderful/thirdparty/blocksds/external/nflib/lib/libnflib.a(nf_basic.c.o)
                0x02006034                NF_SetRootFolder
 .text.NF_DmaMemCopy
                0x02006210       0x7c /opt/wonderful/thirdparty/blocksds/external/nflib/lib/libnflib.a(nf_basic.c.o)
                0x02006210                NF_DmaMemCopy
 .text.NF_FileLoad
                0x0200628c       0x7c /opt/wonderful/thirdparty/blocksds/external/nflib/lib/libnflib.a(nf_basic.c.o)
                0x0200628c                NF_FileLoad
 .text.NF_InitSpriteBuffers
                0x02006308       0x5c /opt/wonderful/thirdparty/blocksds/external/nflib/lib/libnflib.a(nf_sprite256.c.o)
                0x02006308                NF_InitSpriteBuffers
 .text.NF_InitSpriteSys
                0x02006364      0x210 /opt/wonderful/thirdparty/blocksds/external/nflib/lib/libnflib.a(nf_sprite256.c.o)
                0x02006364                NF_InitSpriteSys
 .text.NF_LoadSpriteGfx
                0x02006574       0x98 /opt/wonderful/thirdparty/blocksds/external/nflib/lib/libnflib.a(nf_sprite256.c.o)
                0x02006574                NF_LoadSpriteGfx
 .text.NF_LoadSpritePal
                0x0200660c       0x80 /opt/wonderful/thirdparty/blocksds/external/nflib/lib/libnflib.a(nf_sprite256.c.o)
                0x0200660c                NF_LoadSpritePal
 .text.NF_VramSpriteGfx
                0x0200668c      0x2a4 /opt/wonderful/thirdparty/blocksds/external/nflib/lib/libnflib.a(nf_sprite256.c.o)
                0x0200668c                NF_VramSpriteGfx
 .text.NF_VramSpritePal
                0x02006930       0xb0 /opt/wonderful/thirdparty/blocksds/external/nflib/lib/libnflib.a(nf_sprite256.c.o)
                0x02006930                NF_VramSpritePal
 .text.NF_CreateSprite
                0x020069e0      0x1cc /opt/wonderful/thirdparty/blocksds/external/nflib/lib/libnflib.a(nf_sprite256.c.o)
                0x020069e0                NF_CreateSprite
 .text.NF_DeleteSprite
                0x02006bac       0x80 /opt/wonderful/thirdparty/blocksds/external/nflib/lib/libnflib.a(nf_sprite256.c.o)
                0x02006bac                NF_DeleteSprite
 .text.NF_SpriteOamSet
                0x02006c2c       0xc4 /opt/wonderful/thirdparty/blocksds/external/nflib/lib/libnflib.a(nf_sprite256.c.o)
                0x02006c2c                NF_SpriteOamSet
 .text.NF_InitTextSys
                0x02006cf0       0x34 /opt/wonderful/thirdparty/blocksds/external/nflib/lib/libnflib.a(nf_text.c.o)
                0x02006cf0                NF_InitTextSys
 .text.NF_LoadTextFont
                0x02006d24      0x1b0 /opt/wonderful/thirdparty/blocksds/external/nflib/lib/libnflib.a(nf_text.c.o)
                0x02006d24                NF_LoadTextFont
 .text.NF_CreateTextLayer
                0x02006ed4       0x8c /opt/wonderful/thirdparty/blocksds/external/nflib/lib/libnflib.a(nf_text.c.o)
                0x02006ed4                NF_CreateTextLayer
 .text.NF_WriteText
                0x02006f60      0x2d0 /opt/wonderful/thirdparty/blocksds/external/nflib/lib/libnflib.a(nf_text.c.o)
                0x02006f60                NF_WriteText
 .text.NF_UpdateTextLayers
                0x02007230       0x4c /opt/wonderful/thirdparty/blocksds/external/nflib/lib/libnflib.a(nf_text.c.o)
                0x02007230                NF_UpdateTextLayers
 .text.NF_InitTiledBgBuffers
                0x0200727c       0x94 /opt/wonderful/thirdparty/blocksds/external/nflib/lib/libnflib.a(nf_tiledbg.c.o)
                0x0200727c                NF_InitTiledBgBuffers
 .text.NF_InitTiledBgSys
                0x02007310      0x120 /opt/wonderful/thirdparty/blocksds/external/nflib/lib/libnflib.a(nf_tiledbg.c.o)
                0x02007310                NF_InitTiledBgSys
 .text.NF_LoadTiledBg
                0x02007430      0x1ac /opt/wonderful/thirdparty/blocksds/external/nflib/lib/libnflib.a(nf_tiledbg.c.o)
                0x02007430                NF_LoadTiledBg
 .text.NF_DeleteTiledBg
                0x020075dc      0x198 /opt/wonderful/thirdparty/blocksds/external/nflib/lib/libnflib.a(nf_tiledbg.c.o)
                0x020075dc                NF_DeleteTiledBg
 .text.NF_CreateTiledBg
                0x02007774      0x578 /opt/wonderful/thirdparty/blocksds/external/nflib/lib/libnflib.a(nf_tiledbg.c.o)
                0x02007774                NF_CreateTiledBg
 .text.NF_GetTileMapAddress
                0x02007cec       0x88 /opt/wonderful/thirdparty/blocksds/external/nflib/lib/libnflib.a(nf_tiledbg.c.o)
                0x02007cec                NF_GetTileMapAddress
 .text.NF_SetTileOfMap
                0x02007d74       0x40 /opt/wonderful/thirdparty/blocksds/external/nflib/lib/libnflib.a(nf_tiledbg.c.o)
                0x02007d74                NF_SetTileOfMap
 .text.NF_UpdateVramMap
                0x02007db4       0xf8 /opt/wonderful/thirdparty/blocksds/external/nflib/lib/libnflib.a(nf_tiledbg.c.o)
                0x02007db4                NF_UpdateVramMap
 .text.NF_RotateTileGfx
                0x02007eac      0x104 /opt/wonderful/thirdparty/blocksds/external/nflib/lib/libnflib.a(nf_tiledbg.c.o)
                0x02007eac                NF_RotateTileGfx
 .text.swiWaitForVBlank
                0x02007fb0        0x8 /opt/wonderful/thirdparty/blocksds/core/libs/libnds/lib/libnds9.a(IntrWait.s.o)
                0x02007fb0                swiWaitForVBlank
 .text.swiIntrWait
                0x02007fb8       0x70 /opt/wonderful/thirdparty/blocksds/core/libs/libnds/lib/libnds9.a(IntrWait.s.o)
                0x02007fb8                swiIntrWait
 .text.__libnds_mpu_setup
                0x02008028      0x168 /opt/wonderful/thirdparty/blocksds/core/libs/libnds/lib/libnds9.a(mpu_setup.s.o)
                0x02008028                __libnds_mpu_setup
 .text.memUncached
                0x02008190       0x20 /opt/wonderful/thirdparty/blocksds/core/libs/libnds/lib/libnds9.a(mpu_setup.s.o)
                0x02008190                memUncached
 .text.dmaSetParams
                0x020081b0       0x1c /opt/wonderful/thirdparty/blocksds/core/libs/libnds/lib/libnds9.a(dma.s.o)
                0x020081b0                dmaSetParams
 .text.__aeabi_memcpy
                0x020081cc       0xdc /opt/wonderful/thirdparty/blocksds/core/libs/libnds/lib/libnds9.a(memcpy.s.o)
                0x020081cc                __aeabi_memcpy
                0x02008204                __aeabi_memcpy4
                0x02008204                __aeabi_memcpy8
                0x02008270                __ndsabi_memcpy2
                0x02008294                __ndsabi_memcpy1
 .text.memcpy   0x020082a8       0x10 /opt/wonderful/thirdparty/blocksds/core/libs/libnds/lib/libnds9.a(memcpy.s.o)
                0x020082a8                memcpy
 .text.__aeabi_memset
                0x020082b8       0x9c /opt/wonderful/thirdparty/blocksds/core/libs/libnds/lib/libnds9.a(memset.s.o)
                0x020082b8                __aeabi_memset
                0x020082dc                __aeabi_memset8
                0x020082dc                __aeabi_memset4
                0x020082e8                __ndsabi_wordset4
                0x020082ec                __ndsabi_lwordset4
 .text.__ndsabi_memset1
                0x02008354       0x10 /opt/wonderful/thirdparty/blocksds/core/libs/libnds/lib/libnds9.a(memset.s.o)
                0x02008354                __ndsabi_memset1
 .text.memset   0x02008364       0x1c /opt/wonderful/thirdparty/blocksds/core/libs/libnds/lib/libnds9.a(memset.s.o)
                0x02008364                memset
 .text.touchRead
                0x02008380       0x3c /opt/wonderful/thirdparty/blocksds/core/libs/libnds/lib/libnds9.a(touch.c.o)
                0x02008380                touchRead
 .text.oamInit  0x020083bc      0x100 /opt/wonderful/thirdparty/blocksds/core/libs/libnds/lib/libnds9.a(sprite.c.o)
                0x020083bc                oamInit
 .text.oamGfxPtrToOffset
                0x020084bc       0x34 /opt/wonderful/thirdparty/blocksds/core/libs/libnds/lib/libnds9.a(sprite.c.o)
                0x020084bc                oamGfxPtrToOffset
 .text.oamSet   0x020084f0      0x104 /opt/wonderful/thirdparty/blocksds/core/libs/libnds/lib/libnds9.a(sprite.c.o)
                0x020084f0                oamSet
 .text.oamUpdate
                0x020085f4       0x50 /opt/wonderful/thirdparty/blocksds/core/libs/libnds/lib/libnds9.a(sprite.c.o)
                0x020085f4                oamUpdate
 .text.oamAllocReset
                0x02008644       0x1c /opt/wonderful/thirdparty/blocksds/core/libs/libnds/lib/libnds9.a(sprite_alloc.c.o)
                0x02008644                oamAllocReset
 .text.setBrightness
                0x02008660       0x40 /opt/wonderful/thirdparty/blocksds/core/libs/libnds/lib/libnds9.a(video.c.o)
                0x02008660                setBrightness
 .text.vramDefault
                0x020086a0       0xc8 /opt/wonderful/thirdparty/blocksds/core/libs/libnds/lib/libnds9.a(video.c.o)
                0x020086a0                vramDefault
 .text.scanKeys
                0x02008768       0xb0 /opt/wonderful/thirdparty/blocksds/core/libs/libnds/lib/libnds9.a(keys.c.o)
                0x02008768                scanKeys
 .text.keysHeld
                0x02008818        0xc /opt/wonderful/thirdparty/blocksds/core/libs/libnds/lib/libnds9.a(keys.c.o)
                0x02008818                keysHeld
 .text.keysDown
                0x02008824       0x14 /opt/wonderful/thirdparty/blocksds/core/libs/libnds/lib/libnds9.a(keys.c.o)
                0x02008824                keysDown
 .text.keysCurrent
                0x02008838       0x60 /opt/wonderful/thirdparty/blocksds/core/libs/libnds/lib/libnds9.a(keys.c.o)
                0x02008838                keysCurrent
 .text.initSystem
                0x02008898      0x1a8 /opt/wonderful/thirdparty/blocksds/core/libs/libnds/lib/libnds9.a(initSystem.c.o)
                0x02008898                initSystem
 .text.newRow   0x02008a40       0xdc /opt/wonderful/thirdparty/blocksds/core/libs/libnds/lib/libnds9.a(console.c.o)
 .text.consolePrintChar
                0x02008b1c       0xe0 /opt/wonderful/thirdparty/blocksds/core/libs/libnds/lib/libnds9.a(console.c.o)
                0x02008b1c                consolePrintChar
 .text.con_write
                0x02008bfc      0x344 /opt/wonderful/thirdparty/blocksds/core/libs/libnds/lib/libnds9.a(console.c.o)
 .text.consoleLoadFont
                0x02008f40      0x374 /opt/wonderful/thirdparty/blocksds/core/libs/libnds/lib/libnds9.a(console.c.o)
                0x02008f40                consoleLoadFont
 .text.consoleInit
                0x020092b4      0x194 /opt/wonderful/thirdparty/blocksds/core/libs/libnds/lib/libnds9.a(console.c.o)
                0x020092b4                consoleInit
 .text.consoleDemoInit
                0x02009448       0x48 /opt/wonderful/thirdparty/blocksds/core/libs/libnds/lib/libnds9.a(console.c.o)
                0x02009448                consoleDemoInit
 .text.sinLutLookup
                0x02009490       0x4c /opt/wonderful/thirdparty/blocksds/core/libs/libnds/lib/libnds9.a(trig.c.o)
                0x02009490                sinLutLookup
 .text.sinLerp  0x020094dc       0x38 /opt/wonderful/thirdparty/blocksds/core/libs/libnds/lib/libnds9.a(trig.c.o)
                0x020094dc                sinLerp
 .text.cosLerp  0x02009514       0x48 /opt/wonderful/thirdparty/blocksds/core/libs/libnds/lib/libnds9.a(trig.c.o)
                0x02009514                cosLerp
 .text.open     0x0200955c       0xf0 /opt/wonderful/thirdparty/blocksds/core/libs/libnds/lib/libnds9.a(filesystem.c.o)
                0x0200955c                open
 .text.read     0x0200964c       0x44 /opt/wonderful/thirdparty/blocksds/core/libs/libnds/lib/libnds9.a(filesystem.c.o)
                0x0200964c                read
 .text.write    0x02009690       0x54 /opt/wonderful/thirdparty/blocksds/core/libs/libnds/lib/libnds9.a(filesystem.c.o)
                0x02009690                write
 .text.close    0x020096e4       0x50 /opt/wonderful/thirdparty/blocksds/core/libs/libnds/lib/libnds9.a(filesystem.c.o)
                0x020096e4                close
 .text.lseek    0x02009734       0x70 /opt/wonderful/thirdparty/blocksds/core/libs/libnds/lib/libnds9.a(filesystem.c.o)
                0x02009734                lseek
 .text.access   0x020097a4       0x80 /opt/wonderful/thirdparty/blocksds/core/libs/libnds/lib/libnds9.a(filesystem.c.o)
                0x020097a4                access
 .text.fatfs_error_to_posix
                0x02009824       0x24 /opt/wonderful/thirdparty/blocksds/core/libs/libnds/lib/libnds9.a(fatfs.c.o)
                0x02009824                fatfs_error_to_posix
 .text.get_dirname
                0x02009848       0x6c /opt/wonderful/thirdparty/blocksds/core/libs/libnds/lib/libnds9.a(fatfs.c.o)
                0x02009848                get_dirname
 .text.fatGetDefaultCwd
                0x020098b4       0x70 /opt/wonderful/thirdparty/blocksds/core/libs/libnds/lib/libnds9.a(fatfs.c.o)
                0x020098b4                fatGetDefaultCwd
 .text.fatInit.part.0
                0x02009924      0x108 /opt/wonderful/thirdparty/blocksds/core/libs/libnds/lib/libnds9.a(fatfs.c.o)
 .text.fatInitDefault
                0x02009a2c       0x24 /opt/wonderful/thirdparty/blocksds/core/libs/libnds/lib/libnds9.a(fatfs.c.o)
                0x02009a2c                fatInitDefault
 .text.fatInitLookupCache
                0x02009a50       0x5c /opt/wonderful/thirdparty/blocksds/core/libs/libnds/lib/libnds9.a(fatfs.c.o)
                0x02009a50                fatInitLookupCache
 .text.get_ldnumber
                0x02009aac       0xd0 /opt/wonderful/thirdparty/blocksds/core/libs/libnds/lib/libnds9.a(ff.c.o)
 .text.put_utf  0x02009b7c       0xec /opt/wonderful/thirdparty/blocksds/core/libs/libnds/lib/libnds9.a(ff.c.o)
 .text.get_fileinfo
                0x02009c68      0x1c0 /opt/wonderful/thirdparty/blocksds/core/libs/libnds/lib/libnds9.a(ff.c.o)
 .text.dir_clear
                0x02009e28      0x110 /opt/wonderful/thirdparty/blocksds/core/libs/libnds/lib/libnds9.a(ff.c.o)
 .text.unlock_volume.part.0.isra.0
                0x02009f38        0x8 /opt/wonderful/thirdparty/blocksds/core/libs/libnds/lib/libnds9.a(ff.c.o)
 .text.sync_fs  0x02009f40      0x11c /opt/wonderful/thirdparty/blocksds/core/libs/libnds/lib/libnds9.a(ff.c.o)
 .text.move_window
                0x0200a05c       0x6c /opt/wonderful/thirdparty/blocksds/core/libs/libnds/lib/libnds9.a(ff.c.o)
 .text.put_fat.part.0
                0x0200a0c8      0x11c /opt/wonderful/thirdparty/blocksds/core/libs/libnds/lib/libnds9.a(ff.c.o)
 .text.get_fat.isra.0
                0x0200a1e4       0xbc /opt/wonderful/thirdparty/blocksds/core/libs/libnds/lib/libnds9.a(ff.c.o)
 .text.remove_chain
                0x0200a2a0       0x90 /opt/wonderful/thirdparty/blocksds/core/libs/libnds/lib/libnds9.a(ff.c.o)
 .text.create_chain
                0x0200a330      0x120 /opt/wonderful/thirdparty/blocksds/core/libs/libnds/lib/libnds9.a(ff.c.o)
 .text.dir_next
                0x0200a450       0xdc /opt/wonderful/thirdparty/blocksds/core/libs/libnds/lib/libnds9.a(ff.c.o)
 .text.dir_sdi  0x0200a52c       0x9c /opt/wonderful/thirdparty/blocksds/core/libs/libnds/lib/libnds9.a(ff.c.o)
 .text.dir_find
                0x0200a5c8      0x1a8 /opt/wonderful/thirdparty/blocksds/core/libs/libnds/lib/libnds9.a(ff.c.o)
 .text.follow_path
                0x0200a770      0x50c /opt/wonderful/thirdparty/blocksds/core/libs/libnds/lib/libnds9.a(ff.c.o)
 .text.dir_register
                0x0200ac7c      0x31c /opt/wonderful/thirdparty/blocksds/core/libs/libnds/lib/libnds9.a(ff.c.o)
 .text.validate
                0x0200af98       0x5c /opt/wonderful/thirdparty/blocksds/core/libs/libnds/lib/libnds9.a(ff.c.o)
 .text.check_fs
                0x0200aff4      0x16c /opt/wonderful/thirdparty/blocksds/core/libs/libnds/lib/libnds9.a(ff.c.o)
 .text.mount_volume
                0x0200b160      0x3e8 /opt/wonderful/thirdparty/blocksds/core/libs/libnds/lib/libnds9.a(ff.c.o)
 .text.f_mount  0x0200b548       0xa4 /opt/wonderful/thirdparty/blocksds/core/libs/libnds/lib/libnds9.a(ff.c.o)
                0x0200b548                f_mount
 .text.f_open   0x0200b5ec      0x354 /opt/wonderful/thirdparty/blocksds/core/libs/libnds/lib/libnds9.a(ff.c.o)
                0x0200b5ec                f_open
 .text.f_read   0x0200b940      0x2c8 /opt/wonderful/thirdparty/blocksds/core/libs/libnds/lib/libnds9.a(ff.c.o)
                0x0200b940                f_read
 .text.f_write  0x0200bc08      0x308 /opt/wonderful/thirdparty/blocksds/core/libs/libnds/lib/libnds9.a(ff.c.o)
                0x0200bc08                f_write
 .text.f_sync   0x0200bf10       0xe4 /opt/wonderful/thirdparty/blocksds/core/libs/libnds/lib/libnds9.a(ff.c.o)
                0x0200bf10                f_sync
 .text.f_close  0x0200bff4       0x30 /opt/wonderful/thirdparty/blocksds/core/libs/libnds/lib/libnds9.a(ff.c.o)
                0x0200bff4                f_close
 .text.f_chdrive
                0x0200c024       0x24 /opt/wonderful/thirdparty/blocksds/core/libs/libnds/lib/libnds9.a(ff.c.o)
                0x0200c024                f_chdrive
 .text.f_chdir  0x0200c048       0xc4 /opt/wonderful/thirdparty/blocksds/core/libs/libnds/lib/libnds9.a(ff.c.o)
                0x0200c048                f_chdir
 .text.f_lseek  0x0200c10c      0x340 /opt/wonderful/thirdparty/blocksds/core/libs/libnds/lib/libnds9.a(ff.c.o)
                0x0200c10c                f_lseek
 .text.f_stat   0x0200c44c       0xc0 /opt/wonderful/thirdparty/blocksds/core/libs/libnds/lib/libnds9.a(ff.c.o)
                0x0200c44c                f_stat
 .text.ff_uni2oem
                0x0200c50c       0x44 /opt/wonderful/thirdparty/blocksds/core/libs/libnds/lib/libnds9.a(ffunicode.c.o)
                0x0200c50c                ff_uni2oem
 .text.ff_oem2uni
                0x0200c550       0x2c /opt/wonderful/thirdparty/blocksds/core/libs/libnds/lib/libnds9.a(ffunicode.c.o)
                0x0200c550                ff_oem2uni
 .text.ff_wtoupper
                0x0200c57c       0xcc /opt/wonderful/thirdparty/blocksds/core/libs/libnds/lib/libnds9.a(ffunicode.c.o)
                0x0200c57c                ff_wtoupper
 .text.ff_mutex_create
                0x0200c648       0x10 /opt/wonderful/thirdparty/blocksds/core/libs/libnds/lib/libnds9.a(ffsystem.c.o)
                0x0200c648                ff_mutex_create
 .text.ff_mutex_delete
                0x0200c658        0x4 /opt/wonderful/thirdparty/blocksds/core/libs/libnds/lib/libnds9.a(ffsystem.c.o)
                0x0200c658                ff_mutex_delete
 .text.ff_mutex_take
                0x0200c65c       0x1c /opt/wonderful/thirdparty/blocksds/core/libs/libnds/lib/libnds9.a(ffsystem.c.o)
                0x0200c65c                ff_mutex_take
 .text.ff_mutex_give
                0x0200c678       0x10 /opt/wonderful/thirdparty/blocksds/core/libs/libnds/lib/libnds9.a(ffsystem.c.o)
                0x0200c678                ff_mutex_give
 .text.disk_status
                0x0200c688       0x28 /opt/wonderful/thirdparty/blocksds/core/libs/libnds/lib/libnds9.a(diskio.c.o)
                0x0200c688                disk_status
 .text.disk_initialize
                0x0200c6b0       0x50 /opt/wonderful/thirdparty/blocksds/core/libs/libnds/lib/libnds9.a(diskio.c.o)
                0x0200c6b0                disk_initialize
 .text.disk_read
                0x0200c700       0xf8 /opt/wonderful/thirdparty/blocksds/core/libs/libnds/lib/libnds9.a(diskio.c.o)
                0x0200c700                disk_read
 .text.disk_write
                0x0200c7f8       0xc8 /opt/wonderful/thirdparty/blocksds/core/libs/libnds/lib/libnds9.a(diskio.c.o)
                0x0200c7f8                disk_write
 .text.disk_ioctl
                0x0200c8c0       0x2c /opt/wonderful/thirdparty/blocksds/core/libs/libnds/lib/libnds9.a(diskio.c.o)
                0x0200c8c0                disk_ioctl
 .text.get_fattime
                0x0200c8ec       0x40 /opt/wonderful/thirdparty/blocksds/core/libs/libnds/lib/libnds9.a(diskio.c.o)
                0x0200c8ec                get_fattime
 .text.cache_init
                0x0200c92c       0x9c /opt/wonderful/thirdparty/blocksds/core/libs/libnds/lib/libnds9.a(cache.c.o)
                0x0200c92c                cache_init
 .text.cache_sector_get
                0x0200c9c8       0x70 /opt/wonderful/thirdparty/blocksds/core/libs/libnds/lib/libnds9.a(cache.c.o)
                0x0200c9c8                cache_sector_get
 .text.cache_sector_add
                0x0200ca38      0x144 /opt/wonderful/thirdparty/blocksds/core/libs/libnds/lib/libnds9.a(cache.c.o)
                0x0200ca38                cache_sector_add
 .text.cache_sector_invalidate
                0x0200cb7c       0x44 /opt/wonderful/thirdparty/blocksds/core/libs/libnds/lib/libnds9.a(cache.c.o)
                0x0200cb7c                cache_sector_invalidate
 .text.nitrofs_read_internal
                0x0200cbc0       0x70 /opt/wonderful/thirdparty/blocksds/core/libs/libnds/lib/libnds9.a(nitrofs.c.o)
 .text.nitrofs_dir_state_init
                0x0200cc30       0x7c /opt/wonderful/thirdparty/blocksds/core/libs/libnds/lib/libnds9.a(nitrofs.c.o)
 .text.nitrofs_dir_state_next
                0x0200ccac       0xc0 /opt/wonderful/thirdparty/blocksds/core/libs/libnds/lib/libnds9.a(nitrofs.c.o)
 .text.nitrofs_dir_step
                0x0200cd6c       0xf4 /opt/wonderful/thirdparty/blocksds/core/libs/libnds/lib/libnds9.a(nitrofs.c.o)
 .text.nitrofs_use_for_path
                0x0200ce60       0x30 /opt/wonderful/thirdparty/blocksds/core/libs/libnds/lib/libnds9.a(nitrofs.c.o)
                0x0200ce60                nitrofs_use_for_path
 .text.nitrofs_path_resolve
                0x0200ce90       0x68 /opt/wonderful/thirdparty/blocksds/core/libs/libnds/lib/libnds9.a(nitrofs.c.o)
                0x0200ce90                nitrofs_path_resolve
 .text.nitrofs_chdir
                0x0200cef8       0x2c /opt/wonderful/thirdparty/blocksds/core/libs/libnds/lib/libnds9.a(nitrofs.c.o)
                0x0200cef8                nitrofs_chdir
 .text.nitrofs_read
                0x0200cf24       0x30 /opt/wonderful/thirdparty/blocksds/core/libs/libnds/lib/libnds9.a(nitrofs.c.o)
                0x0200cf24                nitrofs_read
 .text.nitrofs_lseek
                0x0200cf54       0x54 /opt/wonderful/thirdparty/blocksds/core/libs/libnds/lib/libnds9.a(nitrofs.c.o)
                0x0200cf54                nitrofs_lseek
 .text.nitrofs_close
                0x0200cfa8       0x10 /opt/wonderful/thirdparty/blocksds/core/libs/libnds/lib/libnds9.a(nitrofs.c.o)
                0x0200cfa8                nitrofs_close
 .text.nitrofs_open
                0x0200cfb8       0xac /opt/wonderful/thirdparty/blocksds/core/libs/libnds/lib/libnds9.a(nitrofs.c.o)
                0x0200cfb8                nitrofs_open
 .text.nitroFSInit
                0x0200d064      0x144 /opt/wonderful/thirdparty/blocksds/core/libs/libnds/lib/libnds9.a(nitrofs.c.o)
                0x0200d064                nitroFSInit
 .text.build_argv
                0x0200d1a8       0x58 /opt/wonderful/thirdparty/blocksds/core/libs/libnds/lib/libnds9.a(crt0_argv.c.o)
                0x0200d1a8                build_argv
 .text.chdir    0x0200d200      0x114 /opt/wonderful/thirdparty/blocksds/core/libs/libnds/lib/libnds9.a(chdir.c.o)
                0x0200d200                chdir
 .text.putc_buffered
                0x0200d314       0x98 /opt/wonderful/thirdparty/blocksds/core/libs/libnds/lib/libnds9.a(iob.c.o)
 .text.stdout_putc_buffered
                0x0200d3ac       0x20 /opt/wonderful/thirdparty/blocksds/core/libs/libnds/lib/libnds9.a(iob.c.o)
 .text.stderr_putc_buffered
                0x0200d3cc       0x20 /opt/wonderful/thirdparty/blocksds/core/libs/libnds/lib/libnds9.a(iob.c.o)
 .text.stdin_getc_keyboard
                0x0200d3ec       0xe4 /opt/wonderful/thirdparty/blocksds/core/libs/libnds/lib/libnds9.a(iob.c.o)
 .text.dldi_arm7_write_sectors
                0x0200d4d0       0x64 /opt/wonderful/thirdparty/blocksds/core/libs/libnds/lib/libnds9.a(dldi.c.o)
                0x0200d4d0                dldi_arm7_write_sectors
 .text.dldi_arm7_is_inserted
                0x0200d534       0x3c /opt/wonderful/thirdparty/blocksds/core/libs/libnds/lib/libnds9.a(dldi.c.o)
                0x0200d534                dldi_arm7_is_inserted
 .text.dldi_arm7_clear_status
                0x0200d570       0x3c /opt/wonderful/thirdparty/blocksds/core/libs/libnds/lib/libnds9.a(dldi.c.o)
                0x0200d570                dldi_arm7_clear_status
 .text.dldi_arm7_shutdown
                0x0200d5ac       0x3c /opt/wonderful/thirdparty/blocksds/core/libs/libnds/lib/libnds9.a(dldi.c.o)
                0x0200d5ac                dldi_arm7_shutdown
 .text.dldi_arm7_startup
                0x0200d5e8       0x50 /opt/wonderful/thirdparty/blocksds/core/libs/libnds/lib/libnds9.a(dldi.c.o)
                0x0200d5e8                dldi_arm7_startup
 .text.dldi_arm7_read_sectors
                0x0200d638       0x64 /opt/wonderful/thirdparty/blocksds/core/libs/libnds/lib/libnds9.a(dldi.c.o)
                0x0200d638                dldi_arm7_read_sectors
 .text.dldiGetInternal
                0x0200d69c       0xb0 /opt/wonderful/thirdparty/blocksds/core/libs/libnds/lib/libnds9.a(dldi.c.o)
                0x0200d69c                dldiGetInternal
 .text.dldiGetStubDataEnd
                0x0200d74c       0x1c /opt/wonderful/thirdparty/blocksds/core/libs/libnds/lib/libnds9.a(dldi.c.o)
                0x0200d74c                dldiGetStubDataEnd
 .text.dldiGetStubEnd
                0x0200d768        0x8 /opt/wonderful/thirdparty/blocksds/core/libs/libnds/lib/libnds9.a(dldi.c.o)
                0x0200d768                dldiGetStubEnd
 .text.fifo_buffer_enqueue_block
                0x0200d770       0x44 /opt/wonderful/thirdparty/blocksds/core/libs/libnds/lib/libnds9.a(fifosystem.c.o)
 .text.fifo_buffer_wait_block
                0x0200d7b4       0x80 /opt/wonderful/thirdparty/blocksds/core/libs/libnds/lib/libnds9.a(fifosystem.c.o)
 .text.fifoInternalSend.part.0
                0x0200d834       0xcc /opt/wonderful/thirdparty/blocksds/core/libs/libnds/lib/libnds9.a(fifosystem.c.o)
 .text.fifoInternalSendInterrupt
                0x0200d900       0xb0 /opt/wonderful/thirdparty/blocksds/core/libs/libnds/lib/libnds9.a(fifosystem.c.o)
 .text.fifoSetValue32Handler
                0x0200d9b0       0xd4 /opt/wonderful/thirdparty/blocksds/core/libs/libnds/lib/libnds9.a(fifosystem.c.o)
                0x0200d9b0                fifoSetValue32Handler
 .text.fifoSendValue32
                0x0200da84       0x50 /opt/wonderful/thirdparty/blocksds/core/libs/libnds/lib/libnds9.a(fifosystem.c.o)
                0x0200da84                fifoSendValue32
 .text.fifoSendDatamsg
                0x0200dad4       0x94 /opt/wonderful/thirdparty/blocksds/core/libs/libnds/lib/libnds9.a(fifosystem.c.o)
                0x0200dad4                fifoSendDatamsg
 .text.fifoGetValue32
                0x0200db68       0x70 /opt/wonderful/thirdparty/blocksds/core/libs/libnds/lib/libnds9.a(fifosystem.c.o)
                0x0200db68                fifoGetValue32
 .text.fifoGetDatamsg
                0x0200dbd8       0xe8 /opt/wonderful/thirdparty/blocksds/core/libs/libnds/lib/libnds9.a(fifosystem.c.o)
                0x0200dbd8                fifoGetDatamsg
 .text.fifoInternalRecvInterrupt
                0x0200dcc0      0x310 /opt/wonderful/thirdparty/blocksds/core/libs/libnds/lib/libnds9.a(fifosystem.c.o)
 .text.fifoSetDatamsgHandler
                0x0200dfd0       0x9c /opt/wonderful/thirdparty/blocksds/core/libs/libnds/lib/libnds9.a(fifosystem.c.o)
                0x0200dfd0                fifoSetDatamsgHandler
 .text.fifoCheckValue32
                0x0200e06c       0x24 /opt/wonderful/thirdparty/blocksds/core/libs/libnds/lib/libnds9.a(fifosystem.c.o)
                0x0200e06c                fifoCheckValue32
 .text.fifoInit
                0x0200e090      0x114 /opt/wonderful/thirdparty/blocksds/core/libs/libnds/lib/libnds9.a(fifosystem.c.o)
                0x0200e090                fifoInit
 .text.fifoMutexAcquire
                0x0200e1a4       0x30 /opt/wonderful/thirdparty/blocksds/core/libs/libnds/lib/libnds9.a(fifosystem.c.o)
                0x0200e1a4                fifoMutexAcquire
 .text.fifoMutexRelease
                0x0200e1d4       0x14 /opt/wonderful/thirdparty/blocksds/core/libs/libnds/lib/libnds9.a(fifosystem.c.o)
                0x0200e1d4                fifoMutexRelease
 .text.irqDummy
                0x0200e1e8        0x4 /opt/wonderful/thirdparty/blocksds/core/libs/libnds/lib/libnds9.a(interrupts.c.o)
                0x0200e1e8                irqDummy
 .text.irqSet   0x0200e1ec       0x78 /opt/wonderful/thirdparty/blocksds/core/libs/libnds/lib/libnds9.a(interrupts.c.o)
                0x0200e1ec                irqSet
 .text.irqInit  0x0200e264       0x50 /opt/wonderful/thirdparty/blocksds/core/libs/libnds/lib/libnds9.a(interrupts.c.o)
                0x0200e264                irqInit
 .text.irqEnable
                0x0200e2b4       0x64 /opt/wonderful/thirdparty/blocksds/core/libs/libnds/lib/libnds9.a(interrupts.c.o)
                0x0200e2b4                irqEnable
 .text.systemErrorExit
                0x0200e318        0x4 /opt/wonderful/thirdparty/blocksds/core/libs/libnds/lib/libnds9.a(libnds_exit.c.o)
                0x0200e318                systemErrorExit
 .text.__libnds_exit
                0x0200e31c       0x78 /opt/wonderful/thirdparty/blocksds/core/libs/libnds/lib/libnds9.a(libnds_exit.c.o)
                0x0200e31c                __libnds_exit
 .text.cardPolledTransfer
                0x0200e394       0x54 /opt/wonderful/thirdparty/blocksds/core/libs/libnds/lib/libnds9.a(card.c.o)
                0x0200e394                cardPolledTransfer
 .text.cardRead
                0x0200e3e8      0x120 /opt/wonderful/thirdparty/blocksds/core/libs/libnds/lib/libnds9.a(card.c.o)
                0x0200e3e8                cardRead
 .text.sbrk     0x0200e508       0x5c /opt/wonderful/thirdparty/blocksds/core/libs/libnds/lib/libnds9.a(sbrk.c.o)
                0x0200e508                sbrk
 .text.cothread_delete_internal
                0x0200e564       0x3c /opt/wonderful/thirdparty/blocksds/core/libs/libnds/lib/libnds9.a(threads.c.o)
 .text.cothread_main
                0x0200e5a0       0x10 /opt/wonderful/thirdparty/blocksds/core/libs/libnds/lib/libnds9.a(threads.c.o)
                0x0200e5a0                cothread_main
 .text.cothread_yield
                0x0200e5b0       0x14 /opt/wonderful/thirdparty/blocksds/core/libs/libnds/lib/libnds9.a(threads.c.o)
                0x0200e5b0                cothread_yield
 .text.cothread_yield_irq
                0x0200e5c4       0x18 /opt/wonderful/thirdparty/blocksds/core/libs/libnds/lib/libnds9.a(threads.c.o)
                0x0200e5c4                cothread_yield_irq
 .text.cothread_start
                0x0200e5dc       0xe8 /opt/wonderful/thirdparty/blocksds/core/libs/libnds/lib/libnds9.a(threads.c.o)
                0x0200e5dc                cothread_start
 .text.__ndsabi_coro_resume
                0x0200e6c4       0x18 /opt/wonderful/thirdparty/blocksds/core/libs/libnds/lib/libnds9.a(coroutine.s.o)
                0x0200e6c4                __ndsabi_coro_resume
 .text.__ndsabi_coro_yield
                0x0200e6dc       0x1c /opt/wonderful/thirdparty/blocksds/core/libs/libnds/lib/libnds9.a(coroutine.s.o)
                0x0200e6dc                __ndsabi_coro_yield
 .text.__ndsabi_coro_pop_noctx
                0x0200e6f8       0x34 /opt/wonderful/thirdparty/blocksds/core/libs/libnds/lib/libnds9.a(coroutine.s.o)
                0x0200e6f8                __ndsabi_coro_pop_noctx
 .text.__aeabi_read_tp
                0x0200e72c        0xc /opt/wonderful/thirdparty/blocksds/core/libs/libnds/lib/libnds9.a(aeabi_read_tp.s.o)
                0x0200e72c                __aeabi_read_tp
 .text.checkIfText
                0x0200e738       0x5c /opt/wonderful/thirdparty/blocksds/core/libs/libnds/lib/libnds9.a(background.c.o)
                0x0200e738                checkIfText
 .text.bgUpdate
                0x0200e794       0xf4 /opt/wonderful/thirdparty/blocksds/core/libs/libnds/lib/libnds9.a(background.c.o)
                0x0200e794                bgUpdate
 .text.bgInit_call
                0x0200e888       0xac /opt/wonderful/thirdparty/blocksds/core/libs/libnds/lib/libnds9.a(background.c.o)
                0x0200e888                bgInit_call
 .text.bgInitSub_call
                0x0200e934       0xb4 /opt/wonderful/thirdparty/blocksds/core/libs/libnds/lib/libnds9.a(background.c.o)
                0x0200e934                bgInitSub_call
 .text.systemValueHandler
                0x0200e9e8       0x44 /opt/wonderful/thirdparty/blocksds/core/libs/libnds/lib/libnds9.a(system.c.o)
                0x0200e9e8                systemValueHandler
 .text.systemMsgHandler
                0x0200ea2c       0x78 /opt/wonderful/thirdparty/blocksds/core/libs/libnds/lib/libnds9.a(system.c.o)
                0x0200ea2c                systemMsgHandler
 .text.powerOn  0x0200eaa4       0x2c /opt/wonderful/thirdparty/blocksds/core/libs/libnds/lib/libnds9.a(system.c.o)
                0x0200eaa4                powerOn
 .text.keyboardGetKey
                0x0200ead0       0x5c /opt/wonderful/thirdparty/blocksds/core/libs/libnds/lib/libnds9.a(keyboard.c.o)
                0x0200ead0                keyboardGetKey
 .text.keyboardShiftState
                0x0200eb2c       0x88 /opt/wonderful/thirdparty/blocksds/core/libs/libnds/lib/libnds9.a(keyboard.c.o)
                0x0200eb2c                keyboardShiftState
 .text.swapKeyGfx
                0x0200ebb4      0x164 /opt/wonderful/thirdparty/blocksds/core/libs/libnds/lib/libnds9.a(keyboard.c.o)
                0x0200ebb4                swapKeyGfx
 .text.keyboardUpdate
                0x0200ed18       0xf0 /opt/wonderful/thirdparty/blocksds/core/libs/libnds/lib/libnds9.a(keyboard.c.o)
                0x0200ed18                keyboardUpdate
 .text.keyboardShow
                0x0200ee08       0xd8 /opt/wonderful/thirdparty/blocksds/core/libs/libnds/lib/libnds9.a(keyboard.c.o)
                0x0200ee08                keyboardShow
 .text.keyboardHide
                0x0200eee0       0x8c /opt/wonderful/thirdparty/blocksds/core/libs/libnds/lib/libnds9.a(keyboard.c.o)
                0x0200eee0                keyboardHide
 .text.__ndsabi_coro_make_noctx
                0x0200ef6c       0x24 /opt/wonderful/thirdparty/blocksds/core/libs/libnds/lib/libnds9.a(coroutine.c.o)
                0x0200ef6c                __ndsabi_coro_make_noctx
 .text.calloc   0x0200ef90       0xb8 /opt/wonderful/toolchain/gcc-arm-none-eabi/lib/gcc/arm-none-eabi/13.2.0/../../../../arm-none-eabi/lib/libc.a(malloc-calloc.c.o)
                0x0200ef90                calloc
 .text.malloc_trim
                0x0200f048       0xa0 /opt/wonderful/toolchain/gcc-arm-none-eabi/lib/gcc/arm-none-eabi/13.2.0/../../../../arm-none-eabi/lib/libc.a(malloc-free.c.o)
                0x0200f048                malloc_trim
 .text.free     0x0200f0e8      0x168 /opt/wonderful/toolchain/gcc-arm-none-eabi/lib/gcc/arm-none-eabi/13.2.0/../../../../arm-none-eabi/lib/libc.a(malloc-free.c.o)
                0x0200f0e8                __malloc_free
                0x0200f0e8                free
 .text.malloc   0x0200f250      0x434 /opt/wonderful/toolchain/gcc-arm-none-eabi/lib/gcc/arm-none-eabi/13.2.0/../../../../arm-none-eabi/lib/libc.a(malloc-malloc.c.o)
                0x0200f250                malloc
 .text.realloc  0x0200f684      0x360 /opt/wonderful/toolchain/gcc-arm-none-eabi/lib/gcc/arm-none-eabi/13.2.0/../../../../arm-none-eabi/lib/libc.a(malloc-realloc.c.o)
                0x0200f684                realloc
 .text.__libc_init_array
                0x0200f9e4       0x60 /opt/wonderful/toolchain/gcc-arm-none-eabi/lib/gcc/arm-none-eabi/13.2.0/../../../../arm-none-eabi/lib/libc.a(libc_misc_init.c.o)
                0x0200f9e4                __libc_init_array
 .text.__retarget_lock_init
                0x0200fa44        0x2 /opt/wonderful/toolchain/gcc-arm-none-eabi/lib/gcc/arm-none-eabi/13.2.0/../../../../arm-none-eabi/lib/libc.a(libc_misc_lock.c.o)
                0x0200fa44                __retarget_lock_init
 .text.__retarget_lock_close
                0x0200fa46        0x2 /opt/wonderful/toolchain/gcc-arm-none-eabi/lib/gcc/arm-none-eabi/13.2.0/../../../../arm-none-eabi/lib/libc.a(libc_misc_lock.c.o)
                0x0200fa46                __retarget_lock_close
 .text.__retarget_lock_acquire
                0x0200fa48        0x2 /opt/wonderful/toolchain/gcc-arm-none-eabi/lib/gcc/arm-none-eabi/13.2.0/../../../../arm-none-eabi/lib/libc.a(libc_misc_lock.c.o)
                0x0200fa48                __retarget_lock_acquire
 .text.__retarget_lock_acquire_recursive
                0x0200fa4a        0x2 /opt/wonderful/toolchain/gcc-arm-none-eabi/lib/gcc/arm-none-eabi/13.2.0/../../../../arm-none-eabi/lib/libc.a(libc_misc_lock.c.o)
                0x0200fa4a                __retarget_lock_acquire_recursive
 .text.__retarget_lock_release
                0x0200fa4c        0x2 /opt/wonderful/toolchain/gcc-arm-none-eabi/lib/gcc/arm-none-eabi/13.2.0/../../../../arm-none-eabi/lib/libc.a(libc_misc_lock.c.o)
                0x0200fa4c                __retarget_lock_release
 .text.__retarget_lock_release_recursive
                0x0200fa4e        0x2 /opt/wonderful/toolchain/gcc-arm-none-eabi/lib/gcc/arm-none-eabi/13.2.0/../../../../arm-none-eabi/lib/libc.a(libc_misc_lock.c.o)
                0x0200fa4e                __retarget_lock_release_recursive
 .text.exit     0x0200fa50       0x20 /opt/wonderful/toolchain/gcc-arm-none-eabi/lib/gcc/arm-none-eabi/13.2.0/../../../../arm-none-eabi/lib/libc.a(libc_stdlib_pico-exit.c.o)
                0x0200fa50                exit
 .text.memcmp   0x0200fa70       0x20 /opt/wonderful/toolchain/gcc-arm-none-eabi/lib/gcc/arm-none-eabi/13.2.0/../../../../arm-none-eabi/lib/libc.a(libc_string_memcmp.c.o)
                0x0200fa70                memcmp
 .text.strchr   0x0200fa90       0x1e /opt/wonderful/toolchain/gcc-arm-none-eabi/lib/gcc/arm-none-eabi/13.2.0/../../../../arm-none-eabi/lib/libc.a(libc_string_strchr.c.o)
                0x0200fa90                strchr
 .text.strdup   0x0200faae       0x24 /opt/wonderful/toolchain/gcc-arm-none-eabi/lib/gcc/arm-none-eabi/13.2.0/../../../../arm-none-eabi/lib/libc.a(libc_string_strdup.c.o)
                0x0200faae                strdup
 .text.strncmp  0x0200fad2       0x26 /opt/wonderful/toolchain/gcc-arm-none-eabi/lib/gcc/arm-none-eabi/13.2.0/../../../../arm-none-eabi/lib/libc.a(libc_string_strncmp.c.o)
                0x0200fad2                strncmp
 .text.strstr   0x0200faf8       0x30 /opt/wonderful/toolchain/gcc-arm-none-eabi/lib/gcc/arm-none-eabi/13.2.0/../../../../arm-none-eabi/lib/libc.a(libc_string_strstr.c.o)
                0x0200faf8                strstr
 .text.localtime
                0x0200fb28       0x1c /opt/wonderful/toolchain/gcc-arm-none-eabi/lib/gcc/arm-none-eabi/13.2.0/../../../../arm-none-eabi/lib/libc.a(libc_time_lcltime.c.o)
                0x0200fb28                localtime
 .text.localtime_r
                0x0200fb44      0x1fc /opt/wonderful/toolchain/gcc-arm-none-eabi/lib/gcc/arm-none-eabi/13.2.0/../../../../arm-none-eabi/lib/libc.a(libc_time_lcltime_r.c.o)
                0x0200fb44                localtime_r
 .text.time     0x0200fd40       0x2e /opt/wonderful/toolchain/gcc-arm-none-eabi/lib/gcc/arm-none-eabi/13.2.0/../../../../arm-none-eabi/lib/libc.a(libc_time_time.c.o)
                0x0200fd40                time
 *fill*         0x0200fd6e        0x2 ff
 .text.__tzcalc_limits
                0x0200fd70      0x180 /opt/wonderful/toolchain/gcc-arm-none-eabi/lib/gcc/arm-none-eabi/13.2.0/../../../../arm-none-eabi/lib/libc.a(libc_time_tzcalc_limits.c.o)
                0x0200fd70                __tzcalc_limits
 .text._tzset_unlocked
                0x0200fef0      0x3f4 /opt/wonderful/toolchain/gcc-arm-none-eabi/lib/gcc/arm-none-eabi/13.2.0/../../../../arm-none-eabi/lib/libc.a(libc_time_tzset.c.o)
                0x0200fef0                _tzset_unlocked
 .text.fclose   0x020102e4       0x20 /opt/wonderful/toolchain/gcc-arm-none-eabi/lib/gcc/arm-none-eabi/13.2.0/../../../../arm-none-eabi/lib/libc.a(libc_tinystdio_fclose.c.o)
                0x020102e4                fclose
 .text.fflush   0x02010304       0x1a /opt/wonderful/toolchain/gcc-arm-none-eabi/lib/gcc/arm-none-eabi/13.2.0/../../../../arm-none-eabi/lib/libc.a(libc_tinystdio_fflush.c.o)
                0x02010304                fflush
 .text.fileno   0x0201031e       0x10 /opt/wonderful/toolchain/gcc-arm-none-eabi/lib/gcc/arm-none-eabi/13.2.0/../../../../arm-none-eabi/lib/libc.a(libc_tinystdio_fileno.c.o)
                0x0201031e                fileno
 .text.fread    0x0201032e       0x9e /opt/wonderful/toolchain/gcc-arm-none-eabi/lib/gcc/arm-none-eabi/13.2.0/../../../../arm-none-eabi/lib/libc.a(libc_tinystdio_fread.c.o)
                0x0201032e                fread
 .text.fseek    0x020103cc       0x48 /opt/wonderful/toolchain/gcc-arm-none-eabi/lib/gcc/arm-none-eabi/13.2.0/../../../../arm-none-eabi/lib/libc.a(libc_tinystdio_fseek.c.o)
                0x020103cc                fseek
 .text.ftell    0x02010414       0x34 /opt/wonderful/toolchain/gcc-arm-none-eabi/lib/gcc/arm-none-eabi/13.2.0/../../../../arm-none-eabi/lib/libc.a(libc_tinystdio_ftell.c.o)
                0x02010414                ftell
 .text.printf   0x02010448       0x20 /opt/wonderful/toolchain/gcc-arm-none-eabi/lib/gcc/arm-none-eabi/13.2.0/../../../../arm-none-eabi/lib/libc.a(libc_tinystdio_printf.c.o)
                0x02010448                printf
 .text.puts     0x02010468       0x4c /opt/wonderful/toolchain/gcc-arm-none-eabi/lib/gcc/arm-none-eabi/13.2.0/../../../../arm-none-eabi/lib/libc.a(libc_tinystdio_puts.c.o)
                0x02010468                puts
 .text.rewind   0x020104b4       0x1a /opt/wonderful/toolchain/gcc-arm-none-eabi/lib/gcc/arm-none-eabi/13.2.0/../../../../arm-none-eabi/lib/libc.a(libc_tinystdio_rewind.c.o)
                0x020104b4                rewind
 .text.setvbuf  0x020104ce       0x20 /opt/wonderful/toolchain/gcc-arm-none-eabi/lib/gcc/arm-none-eabi/13.2.0/../../../../arm-none-eabi/lib/libc.a(libc_tinystdio_setvbuf.c.o)
                0x020104ce                setvbuf
 *fill*         0x020104ee        0x2 ff
 .text.snprintf
                0x020104f0       0x5c /opt/wonderful/toolchain/gcc-arm-none-eabi/lib/gcc/arm-none-eabi/13.2.0/../../../../arm-none-eabi/lib/libc.a(libc_tinystdio_snprintf.c.o)
                0x020104f0                snprintf
 .text.sprintf  0x0201054c       0x50 /opt/wonderful/toolchain/gcc-arm-none-eabi/lib/gcc/arm-none-eabi/13.2.0/../../../../arm-none-eabi/lib/libc.a(libc_tinystdio_sprintf.c.o)
                0x0201054c                sprintf
 .text.sscanf   0x0201059c       0x3c /opt/wonderful/toolchain/gcc-arm-none-eabi/lib/gcc/arm-none-eabi/13.2.0/../../../../arm-none-eabi/lib/libc.a(libc_tinystdio_sscanf.c.o)
                0x0201059c                sscanf
 .text.strtoul  0x020105d8      0x128 /opt/wonderful/toolchain/gcc-arm-none-eabi/lib/gcc/arm-none-eabi/13.2.0/../../../../arm-none-eabi/lib/libc.a(libc_tinystdio_strtoul.c.o)
                0x020105d8                strtoul
 .text.__ultoa_invert
                0x02010700       0x56 /opt/wonderful/toolchain/gcc-arm-none-eabi/lib/gcc/arm-none-eabi/13.2.0/../../../../arm-none-eabi/lib/libc.a(libc_tinystdio_vfprintf.c.o)
 *fill*         0x02010756        0x2 ff
 .text.skip_to_arg
                0x02010758      0x140 /opt/wonderful/toolchain/gcc-arm-none-eabi/lib/gcc/arm-none-eabi/13.2.0/../../../../arm-none-eabi/lib/libc.a(libc_tinystdio_vfprintf.c.o)
 .text.vfprintf
                0x02010898      0xa24 /opt/wonderful/toolchain/gcc-arm-none-eabi/lib/gcc/arm-none-eabi/13.2.0/../../../../arm-none-eabi/lib/libc.a(libc_tinystdio_vfprintf.c.o)
                0x02010898                __d_vfprintf
                0x02010898                vfprintf
 .text.scanf_getc
                0x020112bc       0x18 /opt/wonderful/toolchain/gcc-arm-none-eabi/lib/gcc/arm-none-eabi/13.2.0/../../../../arm-none-eabi/lib/libc.a(libc_tinystdio_vfscanf.c.o)
 .text.putval   0x020112d4       0x2e /opt/wonderful/toolchain/gcc-arm-none-eabi/lib/gcc/arm-none-eabi/13.2.0/../../../../arm-none-eabi/lib/libc.a(libc_tinystdio_vfscanf.c.o)
 .text.scanf_ungetc.isra.0
                0x02011302       0x18 /opt/wonderful/toolchain/gcc-arm-none-eabi/lib/gcc/arm-none-eabi/13.2.0/../../../../arm-none-eabi/lib/libc.a(libc_tinystdio_vfscanf.c.o)
 .text.skip_spaces
                0x0201131a       0x2e /opt/wonderful/toolchain/gcc-arm-none-eabi/lib/gcc/arm-none-eabi/13.2.0/../../../../arm-none-eabi/lib/libc.a(libc_tinystdio_vfscanf.c.o)
 .text.vfscanf  0x02011348      0x97c /opt/wonderful/toolchain/gcc-arm-none-eabi/lib/gcc/arm-none-eabi/13.2.0/../../../../arm-none-eabi/lib/libc.a(libc_tinystdio_vfscanf.c.o)
                0x02011348                __d_vfscanf
                0x02011348                vfscanf
 .text.mulShiftAll64
                0x02011cc4      0x1ea /opt/wonderful/toolchain/gcc-arm-none-eabi/lib/gcc/arm-none-eabi/13.2.0/../../../../arm-none-eabi/lib/libc.a(libc_tinystdio_dtoa_ryu.c.o)
 *fill*         0x02011eae        0x2 ff
 .text.div10    0x02011eb0       0x28 /opt/wonderful/toolchain/gcc-arm-none-eabi/lib/gcc/arm-none-eabi/13.2.0/../../../../arm-none-eabi/lib/libc.a(libc_tinystdio_dtoa_ryu.c.o)
 .text.__dtoa_engine
                0x02011ed8      0x494 /opt/wonderful/toolchain/gcc-arm-none-eabi/lib/gcc/arm-none-eabi/13.2.0/../../../../arm-none-eabi/lib/libc.a(libc_tinystdio_dtoa_ryu.c.o)
                0x02011ed8                __dtoa_engine
 .text.__pow5Factor
                0x0201236c       0x30 /opt/wonderful/toolchain/gcc-arm-none-eabi/lib/gcc/arm-none-eabi/13.2.0/../../../../arm-none-eabi/lib/libc.a(libc_tinystdio_ryu_table.c.o)
                0x0201236c                __pow5Factor
 .text.__double_computePow5
                0x0201239c      0x100 /opt/wonderful/toolchain/gcc-arm-none-eabi/lib/gcc/arm-none-eabi/13.2.0/../../../../arm-none-eabi/lib/libc.a(libc_tinystdio_ryu_table.c.o)
                0x0201239c                __double_computePow5
 .text.__double_computeInvPow5
                0x0201249c      0x104 /opt/wonderful/toolchain/gcc-arm-none-eabi/lib/gcc/arm-none-eabi/13.2.0/../../../../arm-none-eabi/lib/libc.a(libc_tinystdio_ryu_table.c.o)
                0x0201249c                __double_computeInvPow5
 .text.mulShift64
                0x020125a0       0x68 /opt/wonderful/toolchain/gcc-arm-none-eabi/lib/gcc/arm-none-eabi/13.2.0/../../../../arm-none-eabi/lib/libc.a(libc_tinystdio_atod_ryu.c.o)
 .text.__atod_engine
                0x02012608      0x164 /opt/wonderful/toolchain/gcc-arm-none-eabi/lib/gcc/arm-none-eabi/13.2.0/../../../../arm-none-eabi/lib/libc.a(libc_tinystdio_atod_ryu.c.o)
                0x02012608                __atod_engine
 .text.__atof_engine
                0x0201276c      0x122 /opt/wonderful/toolchain/gcc-arm-none-eabi/lib/gcc/arm-none-eabi/13.2.0/../../../../arm-none-eabi/lib/libc.a(libc_tinystdio_atof_ryu.c.o)
                0x0201276c                __atof_engine
 *fill*         0x0201288e        0x2 ff
 .text.__log2pow5
                0x02012890        0xc /opt/wonderful/toolchain/gcc-arm-none-eabi/lib/gcc/arm-none-eabi/13.2.0/../../../../arm-none-eabi/lib/libc.a(libc_tinystdio_ryu_log2pow5.c.o)
                0x02012890                __log2pow5
 .text.__ceil_log2pow5
                0x0201289c       0x10 /opt/wonderful/toolchain/gcc-arm-none-eabi/lib/gcc/arm-none-eabi/13.2.0/../../../../arm-none-eabi/lib/libc.a(libc_tinystdio_ryu_log2pow5.c.o)
                0x0201289c                __ceil_log2pow5
 .text.__log10Pow2
                0x020128ac        0xc /opt/wonderful/toolchain/gcc-arm-none-eabi/lib/gcc/arm-none-eabi/13.2.0/../../../../arm-none-eabi/lib/libc.a(libc_tinystdio_ryu_log10.c.o)
                0x020128ac                __log10Pow2
 .text.__log10Pow5
                0x020128b8        0xc /opt/wonderful/toolchain/gcc-arm-none-eabi/lib/gcc/arm-none-eabi/13.2.0/../../../../arm-none-eabi/lib/libc.a(libc_tinystdio_ryu_log10.c.o)
                0x020128b8                __log10Pow5
 .text.__pow5bits
                0x020128c4       0x10 /opt/wonderful/toolchain/gcc-arm-none-eabi/lib/gcc/arm-none-eabi/13.2.0/../../../../arm-none-eabi/lib/libc.a(libc_tinystdio_ryu_pow5bits.c.o)
                0x020128c4                __pow5bits
 .text.__umul128
                0x020128d4       0x74 /opt/wonderful/toolchain/gcc-arm-none-eabi/lib/gcc/arm-none-eabi/13.2.0/../../../../arm-none-eabi/lib/libc.a(libc_tinystdio_ryu_umul128.c.o)
                0x020128d4                __umul128
 .text.__shiftright128
                0x02012948       0x2c /opt/wonderful/toolchain/gcc-arm-none-eabi/lib/gcc/arm-none-eabi/13.2.0/../../../../arm-none-eabi/lib/libc.a(libc_tinystdio_ryu_umul128.c.o)
                0x02012948                __shiftright128
 .text.mulShift32
                0x02012974       0x4e /opt/wonderful/toolchain/gcc-arm-none-eabi/lib/gcc/arm-none-eabi/13.2.0/../../../../arm-none-eabi/lib/libc.a(libc_tinystdio_ryu_divpow2.c.o)
 .text.__mulPow5InvDivPow2
                0x020129c2       0x2c /opt/wonderful/toolchain/gcc-arm-none-eabi/lib/gcc/arm-none-eabi/13.2.0/../../../../arm-none-eabi/lib/libc.a(libc_tinystdio_ryu_divpow2.c.o)
                0x020129c2                __mulPow5InvDivPow2
 .text.__mulPow5divPow2
                0x020129ee       0x24 /opt/wonderful/toolchain/gcc-arm-none-eabi/lib/gcc/arm-none-eabi/13.2.0/../../../../arm-none-eabi/lib/libc.a(libc_tinystdio_ryu_divpow2.c.o)
                0x020129ee                __mulPow5divPow2
 .text.__picolibc_non_atomic_exchange_ungetc
                0x02012a12        0x8 /opt/wonderful/toolchain/gcc-arm-none-eabi/lib/gcc/arm-none-eabi/13.2.0/../../../../arm-none-eabi/lib/libc.a(libc_tinystdio_exchange.c.o)
                0x02012a12                __atomic_exchange_ungetc
                0x02012a12                __picolibc_non_atomic_exchange_ungetc
 .text.fopen    0x02012a1a       0x32 /opt/wonderful/toolchain/gcc-arm-none-eabi/lib/gcc/arm-none-eabi/13.2.0/../../../../arm-none-eabi/lib/libc.a(libc_tinystdio_fopen.c.o)
                0x02012a1a                fopen
 .text.fdopen   0x02012a4c       0xb4 /opt/wonderful/toolchain/gcc-arm-none-eabi/lib/gcc/arm-none-eabi/13.2.0/../../../../arm-none-eabi/lib/libc.a(libc_tinystdio_fdopen.c.o)
                0x02012a4c                fdopen
 .text.memmove  0x02012b00       0x28 /opt/wonderful/toolchain/gcc-arm-none-eabi/lib/gcc/arm-none-eabi/13.2.0/../../../../arm-none-eabi/lib/libc.a(memmove.c.o)
                0x02012b00                memmove
                0x02012b00                __aeabi_memmove8
                0x02012b00                __aeabi_memmove
                0x02012b00                __aeabi_memmove4
 .text.__libc_fini_array
                0x02012b28       0x3c /opt/wonderful/toolchain/gcc-arm-none-eabi/lib/gcc/arm-none-eabi/13.2.0/../../../../arm-none-eabi/lib/libc.a(libc_misc_fini.c.o)
                0x02012b28                __libc_fini_array
 .text.getenv   0x02012b64        0xe /opt/wonderful/toolchain/gcc-arm-none-eabi/lib/gcc/arm-none-eabi/13.2.0/../../../../arm-none-eabi/lib/libc.a(libc_stdlib_getenv.c.o)
                0x02012b64                getenv
 *fill*         0x02012b72        0x2 ff
 .text._findenv
                0x02012b74       0x80 /opt/wonderful/toolchain/gcc-arm-none-eabi/lib/gcc/arm-none-eabi/13.2.0/../../../../arm-none-eabi/lib/libc.a(libc_stdlib_getenv_r.c.o)
                0x02012b74                _findenv
 .text.strnlen  0x02012bf4       0x16 /opt/wonderful/toolchain/gcc-arm-none-eabi/lib/gcc/arm-none-eabi/13.2.0/../../../../arm-none-eabi/lib/libc.a(libc_string_strnlen.c.o)
                0x02012bf4                strnlen
 *fill*         0x02012c0a        0x2 ff
 .text.__gettzinfo
                0x02012c0c        0x8 /opt/wonderful/toolchain/gcc-arm-none-eabi/lib/gcc/arm-none-eabi/13.2.0/../../../../arm-none-eabi/lib/libc.a(libc_time_gettzinfo.c.o)
                0x02012c0c                __gettzinfo
 .text.gmtime_r
                0x02012c14      0x1ac /opt/wonderful/toolchain/gcc-arm-none-eabi/lib/gcc/arm-none-eabi/13.2.0/../../../../arm-none-eabi/lib/libc.a(libc_time_gmtime_r.c.o)
                0x02012c14                gmtime_r
 .text.__bufio_lock
                0x02012dc0        0xe /opt/wonderful/toolchain/gcc-arm-none-eabi/lib/gcc/arm-none-eabi/13.2.0/../../../../arm-none-eabi/lib/libc.a(libc_tinystdio_bufio.c.o)
 .text.__bufio_unlock
                0x02012dce        0xe /opt/wonderful/toolchain/gcc-arm-none-eabi/lib/gcc/arm-none-eabi/13.2.0/../../../../arm-none-eabi/lib/libc.a(libc_tinystdio_bufio.c.o)
 .text.__bufio_flush_locked
                0x02012ddc       0x78 /opt/wonderful/toolchain/gcc-arm-none-eabi/lib/gcc/arm-none-eabi/13.2.0/../../../../arm-none-eabi/lib/libc.a(libc_tinystdio_bufio.c.o)
 .text.__bufio_flush
                0x02012e54       0x1e /opt/wonderful/toolchain/gcc-arm-none-eabi/lib/gcc/arm-none-eabi/13.2.0/../../../../arm-none-eabi/lib/libc.a(libc_tinystdio_bufio.c.o)
                0x02012e54                __bufio_flush
 .text.__bufio_put
                0x02012e72       0x8c /opt/wonderful/toolchain/gcc-arm-none-eabi/lib/gcc/arm-none-eabi/13.2.0/../../../../arm-none-eabi/lib/libc.a(libc_tinystdio_bufio.c.o)
                0x02012e72                __bufio_put
 .text.__bufio_write
                0x02012efe       0xfa /opt/wonderful/toolchain/gcc-arm-none-eabi/lib/gcc/arm-none-eabi/13.2.0/../../../../arm-none-eabi/lib/libc.a(libc_tinystdio_bufio.c.o)
                0x02012efe                __bufio_write
 .text.__bufio_get
                0x02012ff8       0xbc /opt/wonderful/toolchain/gcc-arm-none-eabi/lib/gcc/arm-none-eabi/13.2.0/../../../../arm-none-eabi/lib/libc.a(libc_tinystdio_bufio.c.o)
                0x02012ff8                __bufio_get
 .text.__bufio_read
                0x020130b4      0x10c /opt/wonderful/toolchain/gcc-arm-none-eabi/lib/gcc/arm-none-eabi/13.2.0/../../../../arm-none-eabi/lib/libc.a(libc_tinystdio_bufio.c.o)
                0x020130b4                __bufio_read
 .text.__bufio_seek
                0x020131c0       0xa6 /opt/wonderful/toolchain/gcc-arm-none-eabi/lib/gcc/arm-none-eabi/13.2.0/../../../../arm-none-eabi/lib/libc.a(libc_tinystdio_bufio.c.o)
                0x020131c0                __bufio_seek
 .text.__bufio_setvbuf
                0x02013266       0x90 /opt/wonderful/toolchain/gcc-arm-none-eabi/lib/gcc/arm-none-eabi/13.2.0/../../../../arm-none-eabi/lib/libc.a(libc_tinystdio_bufio.c.o)
                0x02013266                __bufio_setvbuf
 .text.__bufio_close
                0x020132f6       0x48 /opt/wonderful/toolchain/gcc-arm-none-eabi/lib/gcc/arm-none-eabi/13.2.0/../../../../arm-none-eabi/lib/libc.a(libc_tinystdio_bufio.c.o)
                0x020132f6                __bufio_close
 *fill*         0x0201333e        0x2 ff
 .text.__dtox_engine
                0x02013340      0x140 /opt/wonderful/toolchain/gcc-arm-none-eabi/lib/gcc/arm-none-eabi/13.2.0/../../../../arm-none-eabi/lib/libc.a(libc_tinystdio_dtox_engine.c.o)
                0x02013340                __dtox_engine
 .text.fgetc    0x02013480       0x48 /opt/wonderful/toolchain/gcc-arm-none-eabi/lib/gcc/arm-none-eabi/13.2.0/../../../../arm-none-eabi/lib/libc.a(libc_tinystdio_fgetc.c.o)
                0x02013480                getc
                0x02013480                fgetc
 .text.__file_str_get
                0x020134c8       0x16 /opt/wonderful/toolchain/gcc-arm-none-eabi/lib/gcc/arm-none-eabi/13.2.0/../../../../arm-none-eabi/lib/libc.a(libc_tinystdio_filestrget.c.o)
                0x020134c8                __file_str_get
 .text.__file_str_put
                0x020134de       0x10 /opt/wonderful/toolchain/gcc-arm-none-eabi/lib/gcc/arm-none-eabi/13.2.0/../../../../arm-none-eabi/lib/libc.a(libc_tinystdio_filestrput.c.o)
                0x020134de                __file_str_put
 *fill*         0x020134ee        0x2 ff
 .text.fseeko   0x020134f0       0x48 /opt/wonderful/toolchain/gcc-arm-none-eabi/lib/gcc/arm-none-eabi/13.2.0/../../../../arm-none-eabi/lib/libc.a(libc_tinystdio_fseeko.c.o)
                0x020134f0                fseeko
 .text.__posix_sflags
                0x02013538       0x5c /opt/wonderful/toolchain/gcc-arm-none-eabi/lib/gcc/arm-none-eabi/13.2.0/../../../../arm-none-eabi/lib/libc.a(libc_tinystdio_sflags.c.o)
                0x02013538                __posix_sflags
 .text.ungetc   0x02013594       0x3a /opt/wonderful/toolchain/gcc-arm-none-eabi/lib/gcc/arm-none-eabi/13.2.0/../../../../arm-none-eabi/lib/libc.a(libc_tinystdio_ungetc.c.o)
                0x02013594                ungetc
 .text.__picolibc_non_atomic_compare_exchange_ungetc
                0x020135ce       0x16 /opt/wonderful/toolchain/gcc-arm-none-eabi/lib/gcc/arm-none-eabi/13.2.0/../../../../arm-none-eabi/lib/libc.a(libc_tinystdio_compare_exchange.c.o)
                0x020135ce                __picolibc_non_atomic_compare_exchange_ungetc
                0x020135ce                __atomic_compare_exchange_ungetc
 .text._exit    0x020135e4        0x8 /opt/wonderful/thirdparty/blocksds/core/libs/libnds/lib/libnds9.a(syscalls.c.o)
                0x020135e4                _exit
 .text.gettimeofday
                0x020135ec       0x1c /opt/wonderful/thirdparty/blocksds/core/libs/libnds/lib/libnds9.a(syscalls.c.o)
                0x020135ec                gettimeofday
 .text.gettimeofday.__stub
                0x02013608       0xec linker stubs
 *(EXCLUDE_FILE(*.twl*) .gnu.warning)
 *(EXCLUDE_FILE(*.twl*) .gnu.linkonce.t*)
 *(.glue_7)
 .glue_7        0x02013710        0x0 linker stubs
 *(.glue_7t)
 .glue_7t       0x02013710        0x0 linker stubs
                0x02013710                        . = ALIGN (0x4)

.vfp11_veneer   0x02013710        0x0
 .vfp11_veneer  0x02013710        0x0 linker stubs

.v4_bx          0x02013710        0x0
 .v4_bx         0x02013710        0x0 linker stubs

.iplt           0x02013710        0x0
 .iplt          0x02013710        0x0 build/source/main.cpp.o

.fini
 *(.fini)
                0x02013710                        __text_end = .

.rodata         0x02013710     0x1814
 *(EXCLUDE_FILE(*.twl*) .rodata)
 .rodata        0x02013710       0x90 /opt/wonderful/thirdparty/blocksds/external/nflib/lib/libnflib.a(nf_sprite256.c.o)
 .rodata        0x020137a0       0x14 /opt/wonderful/thirdparty/blocksds/core/libs/libnds/lib/libnds9.a(fatfs.c.o)
 .rodata        0x020137b4       0x18 /opt/wonderful/toolchain/gcc-arm-none-eabi/lib/gcc/arm-none-eabi/13.2.0/../../../../arm-none-eabi/lib/libc.a(libc_time_month_lengths.c.o)
                0x020137b4                __month_lengths
 .rodata        0x020137cc        0xb /opt/wonderful/toolchain/gcc-arm-none-eabi/lib/gcc/arm-none-eabi/13.2.0/../../../../arm-none-eabi/lib/libc.a(libc_tinystdio_vfscanf.c.o)
 *fill*         0x020137d7        0x1 ff
 .rodata        0x020137d8      0x338 /opt/wonderful/toolchain/gcc-arm-none-eabi/lib/gcc/arm-none-eabi/13.2.0/../../../../arm-none-eabi/lib/libc.a(libc_tinystdio_ryu_table.c.o)
 *all.rodata*(*)
 *(EXCLUDE_FILE(*.twl*) .roda)
 *(EXCLUDE_FILE(*.twl*) .rodata.*)
 .rodata._Z9init_textv.str1.4
                0x02013b10      0x897 build/source/main.cpp.o
                                 0x14 (size before relaxing)
 .rodata._Z23load_minigame_signaturev.str1.4
                0x020143a7       0x7a build/source/main.cpp.o
 .rodata._Z23minigame_main_signaturev.str1.4
                0x020143a7        0x3 build/source/main.cpp.o
 .rodata._Z13init_nitro_fsv.str1.4
                0x020143a7       0x54 build/source/main.cpp.o
 .rodata._Z17load_title_screenv.str1.4
                0x020143a7       0x47 build/source/main.cpp.o
 .rodata.NF_Error.str1.4
                0x020143a7      0x3d0 /opt/wonderful/thirdparty/blocksds/external/nflib/lib/libnflib.a(nf_basic.c.o)
 *fill*         0x020143a7        0x1 ff
 .rodata.NF_Error
                0x020143a8       0x50 /opt/wonderful/thirdparty/blocksds/external/nflib/lib/libnflib.a(nf_basic.c.o)
 .rodata.NF_SetRootFolder.str1.4
                0x020143f8      0x25a /opt/wonderful/thirdparty/blocksds/external/nflib/lib/libnflib.a(nf_basic.c.o)
 .rodata.NF_FileLoad.str1.4
                0x020143f8        0x3 /opt/wonderful/thirdparty/blocksds/external/nflib/lib/libnflib.a(nf_basic.c.o)
 .rodata.NF_LoadSpriteGfx.str1.4
                0x020143f8       0x1a /opt/wonderful/thirdparty/blocksds/external/nflib/lib/libnflib.a(nf_sprite256.c.o)
 .rodata.NF_LoadSpritePal.str1.4
                0x020143f8       0x1a /opt/wonderful/thirdparty/blocksds/external/nflib/lib/libnflib.a(nf_sprite256.c.o)
 .rodata.NF_VramSpriteGfx.str1.4
                0x020143f8       0x20 /opt/wonderful/thirdparty/blocksds/external/nflib/lib/libnflib.a(nf_sprite256.c.o)
 .rodata.NF_VramSpritePal.str1.4
                0x020143f8       0x14 /opt/wonderful/thirdparty/blocksds/external/nflib/lib/libnflib.a(nf_sprite256.c.o)
 .rodata.NF_CreateSprite.str1.4
                0x020143f8       0x18 /opt/wonderful/thirdparty/blocksds/external/nflib/lib/libnflib.a(nf_sprite256.c.o)
 .rodata.NF_DeleteSprite.str1.4
                0x020143f8        0x3 /opt/wonderful/thirdparty/blocksds/external/nflib/lib/libnflib.a(nf_sprite256.c.o)
 .rodata.NF_LoadTextFont.str1.4
                0x020143f8       0x2b /opt/wonderful/thirdparty/blocksds/external/nflib/lib/libnflib.a(nf_text.c.o)
 .rodata.NF_CreateTextLayer.str1.4
                0x020143f8        0x9 /opt/wonderful/thirdparty/blocksds/external/nflib/lib/libnflib.a(nf_text.c.o)
 .rodata.NF_WriteText
                0x020143f8      0x170 /opt/wonderful/thirdparty/blocksds/external/nflib/lib/libnflib.a(nf_text.c.o)
 .rodata.NF_InitTiledBgBuffers.str1.4
                0x02014568        0xd /opt/wonderful/thirdparty/blocksds/external/nflib/lib/libnflib.a(nf_tiledbg.c.o)
 .rodata.NF_LoadTiledBg.str1.4
                0x02014568       0x37 /opt/wonderful/thirdparty/blocksds/external/nflib/lib/libnflib.a(nf_tiledbg.c.o)
 .rodata.NF_DeleteTiledBg.str1.4
                0x02014568        0x3 /opt/wonderful/thirdparty/blocksds/external/nflib/lib/libnflib.a(nf_tiledbg.c.o)
 .rodata.NF_GetTileMapAddress.str1.4
                0x02014568        0xf /opt/wonderful/thirdparty/blocksds/external/nflib/lib/libnflib.a(nf_tiledbg.c.o)
 .rodata.con_write.str1.4
                0x02014568       0x30 /opt/wonderful/thirdparty/blocksds/core/libs/libnds/lib/libnds9.a(console.c.o)
 .rodata.con_write
                0x02014568       0xd4 /opt/wonderful/thirdparty/blocksds/core/libs/libnds/lib/libnds9.a(console.c.o)
 .rodata.SIN_LUT
                0x0201463c      0x102 /opt/wonderful/thirdparty/blocksds/core/libs/libnds/lib/libnds9.a(trig.c.o)
                0x0201463c                SIN_LUT
 *fill*         0x0201473e        0x2 ff
 .rodata.CSWTCH.24
                0x02014740        0xc /opt/wonderful/thirdparty/blocksds/core/libs/libnds/lib/libnds9.a(filesystem.c.o)
 .rodata.fatGetDefaultCwd.str1.4
                0x0201474c        0xd /opt/wonderful/thirdparty/blocksds/core/libs/libnds/lib/libnds9.a(fatfs.c.o)
 .rodata.get_ldnumber.str1.4
                0x0201474c        0x7 /opt/wonderful/thirdparty/blocksds/core/libs/libnds/lib/libnds9.a(ff.c.o)
 .rodata.follow_path.str1.4
                0x0201474c       0x13 /opt/wonderful/thirdparty/blocksds/core/libs/libnds/lib/libnds9.a(ff.c.o)
 .rodata.check_fs.str1.4
                0x0201474c        0x9 /opt/wonderful/thirdparty/blocksds/core/libs/libnds/lib/libnds9.a(ff.c.o)
 .rodata.ExCvt  0x0201474c       0x80 /opt/wonderful/thirdparty/blocksds/core/libs/libnds/lib/libnds9.a(ff.c.o)
 .rodata.LfnOfs
                0x020147cc        0xd /opt/wonderful/thirdparty/blocksds/core/libs/libnds/lib/libnds9.a(ff.c.o)
 *fill*         0x020147d9        0x3 ff
 .rodata.ff_wtoupper
                0x020147dc       0x24 /opt/wonderful/thirdparty/blocksds/core/libs/libnds/lib/libnds9.a(ffunicode.c.o)
 .rodata.cvt2.0
                0x02014800       0xbc /opt/wonderful/thirdparty/blocksds/core/libs/libnds/lib/libnds9.a(ffunicode.c.o)
 .rodata.cvt1.1
                0x020148bc      0x1f2 /opt/wonderful/thirdparty/blocksds/core/libs/libnds/lib/libnds9.a(ffunicode.c.o)
 *fill*         0x02014aae        0x2 ff
 .rodata.uc437  0x02014ab0      0x100 /opt/wonderful/thirdparty/blocksds/core/libs/libnds/lib/libnds9.a(ffunicode.c.o)
 .rodata.nitrofs_use_for_path.str1.4
                0x02014bb0        0xc /opt/wonderful/thirdparty/blocksds/core/libs/libnds/lib/libnds9.a(nitrofs.c.o)
 .rodata.nitroFSInit.str1.4
                0x02014bb0        0x2 /opt/wonderful/thirdparty/blocksds/core/libs/libnds/lib/libnds9.a(nitrofs.c.o)
 .rodata.chdir.str1.4
                0x02014bb0        0xb /opt/wonderful/thirdparty/blocksds/core/libs/libnds/lib/libnds9.a(chdir.c.o)
 .rodata.stderr
                0x02014bb0        0x4 /opt/wonderful/thirdparty/blocksds/core/libs/libnds/lib/libnds9.a(iob.c.o)
                0x02014bb0                stderr
 .rodata.stdout
                0x02014bb4        0x4 /opt/wonderful/thirdparty/blocksds/core/libs/libnds/lib/libnds9.a(iob.c.o)
                0x02014bb4                stdout
 .rodata.stdin  0x02014bb8        0x4 /opt/wonderful/thirdparty/blocksds/core/libs/libnds/lib/libnds9.a(iob.c.o)
                0x02014bb8                stdin
 .rodata.default_font_bin
                0x02014bbc      0x2f8 /opt/wonderful/thirdparty/blocksds/core/libs/libnds/lib/libnds9.a(default_font.bin.o)
                0x02014bbc                default_font_bin
 .rodata.str1.1
                0x02014eb4       0x70 /opt/wonderful/toolchain/gcc-arm-none-eabi/lib/gcc/arm-none-eabi/13.2.0/../../../../arm-none-eabi/lib/libc.a(libc_time_tzset.c.o)
                                 0x61 (size before relaxing)
 .rodata.str1.1
                0x02014f24        0x4 /opt/wonderful/toolchain/gcc-arm-none-eabi/lib/gcc/arm-none-eabi/13.2.0/../../../../arm-none-eabi/lib/libc.a(libc_time_tzvars.c.o)
 .rodata.str1.1
                0x02014f24        0xf /opt/wonderful/toolchain/gcc-arm-none-eabi/lib/gcc/arm-none-eabi/13.2.0/../../../../arm-none-eabi/lib/libc.a(libc_tinystdio_vfprintf.c.o)
 .rodata.str1.1
                0x02014f24       0x13 /opt/wonderful/toolchain/gcc-arm-none-eabi/lib/gcc/arm-none-eabi/13.2.0/../../../../arm-none-eabi/lib/libc.a(libc_tinystdio_vfscanf.c.o)
 *(EXCLUDE_FILE(*.twl*) .gnu.linkonce.r*)
                0x02014f38                        . = ALIGN (0x4)

.ARM.extab
 *(.ARM.extab* .gnu.linkonce.armextab.*)
                0x02014f24                        __exidx_start = .

ARM.exidx       0x02014f24        0x8
 *(.ARM.exidx* .gnu.linkonce.armexidx.*)
 .ARM.exidx     0x02014f24        0x8 /opt/wonderful/toolchain/gcc-arm-none-eabi/lib/gcc/arm-none-eabi/13.2.0/thumb/libgcc.a(_udivmoddi4.o)
                0x02014f2c                        __exidx_end = .
                0x02014f2c                        . = ALIGN (0x4)
                0x02014f2c                        PROVIDE (__preinit_array_start = .)

.preinit_array
 *(.preinit_array)
                0x02014f2c                        PROVIDE (__preinit_array_end = .)
                0x02014f2c                        PROVIDE (__init_array_start = .)

.init_array
 *(SORT_BY_NAME(.init_array.*))
 *(.init_array)
                0x02014f2c                        PROVIDE (__init_array_end = .)
                0x02014f2c                        PROVIDE (__fini_array_start = .)

.fini_array
 *(.fini_array)
 *(SORT_BY_NAME(.fini_array.*))
                0x02014f2c                        PROVIDE (__fini_array_end = .)

.ctors          0x02014f2c        0x0
 *crtbegin.o(.ctors)
 *(EXCLUDE_FILE(*crtend.o) .ctors)
 *(SORT_BY_NAME(.ctors.*))
 *(.ctors)
                0x02014f2c                        . = ALIGN (0x4)

.dtors          0x02014f2c        0x0
 *crtbegin.o(.dtors)
 *(EXCLUDE_FILE(*crtend.o) .dtors)
 *(SORT_BY_NAME(.dtors.*))
 *(.dtors)
                0x02014f2c                        . = ALIGN (0x4)

.eh_frame       0x02014f2c        0x0
 *(.eh_frame)
                0x02014f2c                        . = ALIGN (0x4)

.gcc_except_table
                0x02014f2c        0x0
 *(.gcc_except_table)
                0x02014f2c                        . = ALIGN (0x4)

.jcr
 *(.jcr)

.got            0x02014f2c       0x10
 *(.got.plt)
 .got.plt       0x02014f2c        0xc build/source/main.cpp.o
                0x02014f2c                _GLOBAL_OFFSET_TABLE_
 *(.got)
 .got           0x02014f38        0x4 build/source/main.cpp.o
 *(.rel.got)
 .rel.got       0x02014f3c        0x0 build/source/main.cpp.o

.ewram          0x02014f3c        0x0
                0x02014f3c                        __ewram_start = ABSOLUTE (.)
 *(.ewram)
 *ewram.*(.text)
                0x02014f3c                        . = ALIGN (0x4)

.data           0x02014f3c      0x598
                0x02014f3c                        __data_start = ABSOLUTE (.)
 *(EXCLUDE_FILE(*.twl*) .data)
 .data          0x02014f3c       0x28 /opt/wonderful/thirdparty/blocksds/core/libs/libnds/lib/libnds9.a(mpu_setup.s.o)
 .data          0x02014f64      0x410 /opt/wonderful/toolchain/gcc-arm-none-eabi/lib/gcc/arm-none-eabi/13.2.0/../../../../arm-none-eabi/lib/libc.a(malloc-malloc.c.o)
                0x02014f64                __malloc_sbrk_base
                0x02014f68                __malloc_trim_threshold
                0x02014f6c                __malloc_av_
 .data          0x02015374        0x8 /opt/wonderful/toolchain/gcc-arm-none-eabi/lib/gcc/arm-none-eabi/13.2.0/../../../../arm-none-eabi/lib/libc.a(libc_time_tzvars.c.o)
                0x02015374                _tzname
 .data          0x0201537c        0x4 /opt/wonderful/toolchain/gcc-arm-none-eabi/lib/gcc/arm-none-eabi/13.2.0/../../../../arm-none-eabi/lib/libc.a(libc_stdlib_environ.c.o)
                0x0201537c                environ
 *(EXCLUDE_FILE(*.twl*) .data.*)
 .data.oamSub   0x02015380       0x14 /opt/wonderful/thirdparty/blocksds/core/libs/libnds/lib/libnds9.a(sprite.c.o)
                0x02015380                oamSub
 .data.oamMain  0x02015394       0x14 /opt/wonderful/thirdparty/blocksds/core/libs/libnds/lib/libnds9.a(sprite.c.o)
                0x02015394                oamMain
 .data.count    0x020153a8        0x1 /opt/wonderful/thirdparty/blocksds/core/libs/libnds/lib/libnds9.a(keys.c.o)
 .data.repeat   0x020153a9        0x1 /opt/wonderful/thirdparty/blocksds/core/libs/libnds/lib/libnds9.a(keys.c.o)
 .data.delay    0x020153aa        0x1 /opt/wonderful/thirdparty/blocksds/core/libs/libnds/lib/libnds9.a(keys.c.o)
 .data.firstConsoleInit.0
                0x020153ab        0x1 /opt/wonderful/thirdparty/blocksds/core/libs/libnds/lib/libnds9.a(console.c.o)
 .data.currentConsole
                0x020153ac        0x4 /opt/wonderful/thirdparty/blocksds/core/libs/libnds/lib/libnds9.a(console.c.o)
                0x020153ac                currentConsole
 .data.defaultConsole
                0x020153b0       0x5c /opt/wonderful/thirdparty/blocksds/core/libs/libnds/lib/libnds9.a(console.c.o)
                0x020153b0                defaultConsole
 .data.__stderr
                0x0201540c       0x10 /opt/wonderful/thirdparty/blocksds/core/libs/libnds/lib/libnds9.a(iob.c.o)
 .data.__stdout
                0x0201541c       0x10 /opt/wonderful/thirdparty/blocksds/core/libs/libnds/lib/libnds9.a(iob.c.o)
 .data.__stdin  0x0201542c       0x10 /opt/wonderful/thirdparty/blocksds/core/libs/libnds/lib/libnds9.a(iob.c.o)
 .data.dldi_mode
                0x0201543c        0x1 /opt/wonderful/thirdparty/blocksds/core/libs/libnds/lib/libnds9.a(dldi.c.o)
 *fill*         0x0201543d        0x3 ff
 .data.__io_dldi_arm7_interface
                0x02015440       0x20 /opt/wonderful/thirdparty/blocksds/core/libs/libnds/lib/libnds9.a(dldi.c.o)
                0x02015440                __io_dldi_arm7_interface
 .data.fifo_freewords
                0x02015460        0x4 /opt/wonderful/thirdparty/blocksds/core/libs/libnds/lib/libnds9.a(fifosystem.c.o)
 .data.fifo_receive_queue
                0x02015464        0x4 /opt/wonderful/thirdparty/blocksds/core/libs/libnds/lib/libnds9.a(fifosystem.c.o)
 .data.fifo_send_queue
                0x02015468        0x4 /opt/wonderful/thirdparty/blocksds/core/libs/libnds/lib/libnds9.a(fifosystem.c.o)
 .data.fifo_buffer_free
                0x0201546c        0x4 /opt/wonderful/thirdparty/blocksds/core/libs/libnds/lib/libnds9.a(fifosystem.c.o)
 .data.bgTransform
                0x02015470       0x20 /opt/wonderful/thirdparty/blocksds/core/libs/libnds/lib/libnds9.a(background.c.o)
                0x02015470                bgTransform
 .data.bgScrollTable
                0x02015490       0x20 /opt/wonderful/thirdparty/blocksds/core/libs/libnds/lib/libnds9.a(background.c.o)
                0x02015490                bgScrollTable
 .data.bgControl
                0x020154b0       0x20 /opt/wonderful/thirdparty/blocksds/core/libs/libnds/lib/libnds9.a(background.c.o)
                0x020154b0                bgControl
 .data.lastKey  0x020154d0        0x2 /opt/wonderful/thirdparty/blocksds/core/libs/libnds/lib/libnds9.a(keyboard.c.o)
                0x020154d0                lastKey
 *(EXCLUDE_FILE(*.twl*) .gnu.linkonce.d*)
                0x020154d4                        . = ALIGN (0x4)
 *fill*         0x020154d2        0x2 ff

.igot.plt       0x020154d4        0x0
 .igot.plt      0x020154d4        0x0 build/source/main.cpp.o

.tdata          0x020154d4        0x0
                0x020154d4                        __tdata_start = ABSOLUTE (.)
 *(.tdata .tdata.* .gnu.linkonce.td.*)
                0x020154d4                        . = ALIGN (0x4)
                0x020154d4                        __tdata_end = ABSOLUTE (.)
                0x020154d4                        __data_end = .
                0x00000000                        __tdata_size = (__tdata_end - __tdata_start)

.tbss           0x020154d4       0x28
                0x020154d4                        __tbss_start = ABSOLUTE (.)
 *(.tbss .tbss.* .gnu.linkonce.tb.*)
 .tbss          0x020154d4        0x4 /opt/wonderful/toolchain/gcc-arm-none-eabi/lib/gcc/arm-none-eabi/13.2.0/../../../../arm-none-eabi/lib/libc.a(libc_errno_errno.c.o)
                0x020154d4                errno
 .tbss          0x020154d8       0x24 /opt/wonderful/toolchain/gcc-arm-none-eabi/lib/gcc/arm-none-eabi/13.2.0/../../../../arm-none-eabi/lib/libc.a(libc_time_lcltime_buf.c.o)
                0x020154d8                _localtime_buf
 *(.tcommon)
                0x020154fc                        . = ALIGN (0x4)
                0x020154fc                        __tbss_end = ABSOLUTE (.)
                0x00000028                        __tbss_size = (__tbss_end - __tbss_start)
                0x020154d4                        __bss_vma = .

.dtcm           0x02ff0000        0x0 load address 0x020154d4
                0x020154d4                        __dtcm_lma = LOADADDR (.dtcm)
                0x02ff0000                        __dtcm_start = ABSOLUTE (.)
 *(.dtcm)
 *(.dtcm.*)
                0x02ff0000                        . = ALIGN (0x4)
                0x02ff0000                        __dtcm_end = ABSOLUTE (.)

.itcm           0x01000100      0x2f8 load address 0x020154d4
                0x020154d4                        __itcm_lma = LOADADDR (.itcm)
                0x01000100                        __itcm_start = ABSOLUTE (.)
 *(.itcm)
 .itcm          0x01000100       0x8c /opt/wonderful/thirdparty/blocksds/core/libs/libnds/lib/libnds9.a(cache.c.o)
                0x01000100                CP15_CleanAndFlushDCacheRange
                0x01000134                CP15_FlushDCacheRange
                0x01000160                CP15_FlushICacheRange
 .itcm          0x0100018c      0x100 /opt/wonderful/thirdparty/blocksds/core/libs/libnds/lib/libnds9.a(interrupts.c.o)
                0x0100018c                irqTable
 .itcm          0x0100028c       0x3c /opt/wonderful/thirdparty/blocksds/core/libs/libnds/lib/libnds9.a(threads.c.o)
                0x0100028c                cothread_scheduler_refresh_irq_flags
 *(.itcm.*)
 .itcm.setCpuClock
                0x010002c8       0x50 /opt/wonderful/thirdparty/blocksds/core/libs/libnds/lib/libnds9.a(cpu_clock.s.o)
                0x010002c8                setCpuClock
 .itcm.IntrMain
                0x01000318       0xe0 /opt/wonderful/thirdparty/blocksds/core/libs/libnds/lib/libnds9.a(interruptDispatcher.s.o)
                0x01000318                IntrMain
 *.itcm*(.text .stub .text.*)
                0x010003f8                        . = ALIGN (0x4)
                0x010003f8                        __itcm_end = ABSOLUTE (.)

.vectors        0x01000000        0x0 load address 0x020157cc
                0x020157cc                        __vectors_lma = LOADADDR (.vectors)
                0x01000000                        __vectors_start = ABSOLUTE (.)
 *(.vectors .vectors.*)
                0x01000000                        . = ALIGN (0x4)
                0x01000000                        __vectors_end = ABSOLUTE (.)

.sbss           0x02ff0000        0x4
                0x02ff0000                        __sbss_start = ABSOLUTE (.)
                0x02ff0000                        __sbss_start__ = ABSOLUTE (.)
 *(.sbss)
 .sbss          0x02ff0000        0x4 /opt/wonderful/thirdparty/blocksds/core/libs/libnds/lib/libnds9.a(threads.c.o)
                0x02ff0000                cothread_irq_flags
                0x02ff0004                        . = ALIGN (0x4)
                0x02ff0004                        __sbss_end = ABSOLUTE (.)

.bss            0x020154d4     0x8590
                0x020154d4                        __bss_start = ABSOLUTE (.)
                0x020154d4                        __bss_start__ = ABSOLUTE (.)
 *(EXCLUDE_FILE(*.twl*) .dynbss)
 *(EXCLUDE_FILE(*.twl*) .gnu.linkonce.b*)
 *(EXCLUDE_FILE(*.twl*) .bss*)
 .bss.NF_ROOTFOLDER
                0x020154d4       0x40 /opt/wonderful/thirdparty/blocksds/external/nflib/lib/libnflib.a(nf_basic.c.o)
                0x020154d4                NF_ROOTFOLDER
 .bss.NF_SPRVRAM
                0x02015514      0x838 /opt/wonderful/thirdparty/blocksds/external/nflib/lib/libnflib.a(nf_sprite256.c.o)
                0x02015514                NF_SPRVRAM
 .bss.NF_SPRITEOAM
                0x02015d4c     0x2400 /opt/wonderful/thirdparty/blocksds/external/nflib/lib/libnflib.a(nf_sprite256.c.o)
                0x02015d4c                NF_SPRITEOAM
 .bss.NF_SPRPALSLOT
                0x0201814c       0x40 /opt/wonderful/thirdparty/blocksds/external/nflib/lib/libnflib.a(nf_sprite256.c.o)
                0x0201814c                NF_SPRPALSLOT
 .bss.NF_SPR256VRAM
                0x0201818c     0x1400 /opt/wonderful/thirdparty/blocksds/external/nflib/lib/libnflib.a(nf_sprite256.c.o)
                0x0201818c                NF_SPR256VRAM
 .bss.NF_SPR256PAL
                0x0201958c      0x200 /opt/wonderful/thirdparty/blocksds/external/nflib/lib/libnflib.a(nf_sprite256.c.o)
                0x0201958c                NF_SPR256PAL
 .bss.NF_SPR256GFX
                0x0201978c      0xc00 /opt/wonderful/thirdparty/blocksds/external/nflib/lib/libnflib.a(nf_sprite256.c.o)
                0x0201978c                NF_SPR256GFX
 .bss.NF_BUFFER_SPR256PAL
                0x0201a38c      0x100 /opt/wonderful/thirdparty/blocksds/external/nflib/lib/libnflib.a(nf_sprite256.c.o)
                0x0201a38c                NF_BUFFER_SPR256PAL
 .bss.NF_BUFFER_SPR256GFX
                0x0201a48c      0x400 /opt/wonderful/thirdparty/blocksds/external/nflib/lib/libnflib.a(nf_sprite256.c.o)
                0x0201a48c                NF_BUFFER_SPR256GFX
 .bss.NF_TEXT   0x0201a88c       0x50 /opt/wonderful/thirdparty/blocksds/external/nflib/lib/libnflib.a(nf_text.c.o)
                0x0201a88c                NF_TEXT
 .bss.NF_MAPBLOCKS
                0x0201a8dc       0x20 /opt/wonderful/thirdparty/blocksds/external/nflib/lib/libnflib.a(nf_tiledbg.c.o)
                0x0201a8dc                NF_MAPBLOCKS
 .bss.NF_TILEBLOCKS
                0x0201a8fc       0x10 /opt/wonderful/thirdparty/blocksds/external/nflib/lib/libnflib.a(nf_tiledbg.c.o)
                0x0201a8fc                NF_TILEBLOCKS
 .bss.NF_EXBGPAL
                0x0201a90c      0x600 /opt/wonderful/thirdparty/blocksds/external/nflib/lib/libnflib.a(nf_tiledbg.c.o)
                0x0201a90c                NF_EXBGPAL
 .bss.NF_TILEDBG_LAYERS
                0x0201af0c       0x90 /opt/wonderful/thirdparty/blocksds/external/nflib/lib/libnflib.a(nf_tiledbg.c.o)
                0x0201af0c                NF_TILEDBG_LAYERS
 .bss.NF_TILEDBG
                0x0201af9c      0xd00 /opt/wonderful/thirdparty/blocksds/external/nflib/lib/libnflib.a(nf_tiledbg.c.o)
                0x0201af9c                NF_TILEDBG
 .bss.NF_BUFFER_BGPAL
                0x0201bc9c      0x100 /opt/wonderful/thirdparty/blocksds/external/nflib/lib/libnflib.a(nf_tiledbg.c.o)
                0x0201bc9c                NF_BUFFER_BGPAL
 .bss.NF_BUFFER_BGMAP
                0x0201bd9c      0x100 /opt/wonderful/thirdparty/blocksds/external/nflib/lib/libnflib.a(nf_tiledbg.c.o)
                0x0201bd9c                NF_BUFFER_BGMAP
 .bss.NF_BUFFER_BGTILES
                0x0201be9c      0x100 /opt/wonderful/thirdparty/blocksds/external/nflib/lib/libnflib.a(nf_tiledbg.c.o)
                0x0201be9c                NF_BUFFER_BGTILES
 .bss.NF_BANKS_MAPS
                0x0201bf9c        0x2 /opt/wonderful/thirdparty/blocksds/external/nflib/lib/libnflib.a(nf_tiledbg.c.o)
                0x0201bf9c                NF_BANKS_MAPS
 *fill*         0x0201bf9e        0x2 
 .bss.NF_BANKS_TILES
                0x0201bfa0        0x2 /opt/wonderful/thirdparty/blocksds/external/nflib/lib/libnflib.a(nf_tiledbg.c.o)
                0x0201bfa0                NF_BANKS_TILES
 *fill*         0x0201bfa2        0x2 
 .bss.OamMemory
                0x0201bfa4      0x400 /opt/wonderful/thirdparty/blocksds/core/libs/libnds/lib/libnds9.a(sprite.c.o)
                0x0201bfa4                OamMemory
 .bss.OamMemorySub
                0x0201c3a4      0x400 /opt/wonderful/thirdparty/blocksds/core/libs/libnds/lib/libnds9.a(sprite.c.o)
                0x0201c3a4                OamMemorySub
 .bss.keysrepeat
                0x0201c7a4        0x2 /opt/wonderful/thirdparty/blocksds/core/libs/libnds/lib/libnds9.a(keys.c.o)
 .bss.keysold   0x0201c7a6        0x2 /opt/wonderful/thirdparty/blocksds/core/libs/libnds/lib/libnds9.a(keys.c.o)
 .bss.keys      0x0201c7a8        0x2 /opt/wonderful/thirdparty/blocksds/core/libs/libnds/lib/libnds9.a(keys.c.o)
 *fill*         0x0201c7aa        0x2 
 .bss.punixTime
                0x0201c7ac        0x4 /opt/wonderful/thirdparty/blocksds/core/libs/libnds/lib/libnds9.a(initSystem.c.o)
                0x0201c7ac                punixTime
 .bss.__dsimode
                0x0201c7b0        0x1 /opt/wonderful/thirdparty/blocksds/core/libs/libnds/lib/libnds9.a(initSystem.c.o)
                0x0201c7b0                __dsimode
 *fill*         0x0201c7b1        0x3 
 .bss.libnds_stderr_write
                0x0201c7b4        0x4 /opt/wonderful/thirdparty/blocksds/core/libs/libnds/lib/libnds9.a(console.c.o)
                0x0201c7b4                libnds_stderr_write
 .bss.libnds_stdout_write
                0x0201c7b8        0x4 /opt/wonderful/thirdparty/blocksds/core/libs/libnds/lib/libnds9.a(console.c.o)
                0x0201c7b8                libnds_stdout_write
 .bss.currentCopy
                0x0201c7bc       0x5c /opt/wonderful/thirdparty/blocksds/core/libs/libnds/lib/libnds9.a(console.c.o)
                0x0201c7bc                currentCopy
 .bss.current_drive_is_nitrofs
                0x0201c818        0x1 /opt/wonderful/thirdparty/blocksds/core/libs/libnds/lib/libnds9.a(filesystem.c.o)
                0x0201c818                current_drive_is_nitrofs
 .bss.has_been_called.0
                0x0201c819        0x1 /opt/wonderful/thirdparty/blocksds/core/libs/libnds/lib/libnds9.a(fatfs.c.o)
 .bss.fat_initialized