Archive member included to satisfy reference by file (symbol)

/opt/devkitpro/libnds/lib/libnds9.a(background.o)
                              main.o (bgInitSub_call)
/opt/devkitpro/libnds/lib/libnds9.a(trig.o)
                              main.o (sinLerp)
/opt/devkitpro/libnds/lib/libnds9.a(initSystem.o)
                              /opt/devkitpro/devkitARM/bin/../lib/gcc/arm-none-eabi/13.2.0/../../../../arm-none-eabi/lib/ds_arm9_crt0.o (initSystem)
/opt/devkitpro/libnds/lib/libnds9.a(securearea.o)
                              /opt/devkitpro/devkitARM/bin/../lib/gcc/arm-none-eabi/13.2.0/../../../../arm-none-eabi/lib/ds_arm9_crt0.o (__secure_area__)
/opt/devkitpro/libnds/lib/libnds9.a(interrupts.o)
                              /opt/devkitpro/libnds/lib/libnds9.a(initSystem.o) (irqInit)
/opt/devkitpro/libnds/lib/libnds9.a(libnds_exit.arm.o)
                              /opt/devkitpro/devkitARM/bin/../lib/gcc/arm-none-eabi/13.2.0/../../../../arm-none-eabi/lib/ds_arm9_crt0.o (__libnds_exit)
/opt/devkitpro/libnds/lib/libnds9.a(fifosystem.o)
                              /opt/devkitpro/libnds/lib/libnds9.a(initSystem.o) (fifoSetValue32Handler)
/opt/devkitpro/libnds/lib/libnds9.a(mpu_setup.o)
                              /opt/devkitpro/devkitARM/bin/../lib/gcc/arm-none-eabi/13.2.0/../../../../arm-none-eabi/lib/ds_arm9_crt0.o (__libnds_mpu_setup)
/opt/devkitpro/libnds/lib/libnds9.a(IntrWait.o)
                              main.o (swiWaitForVBlank)
/opt/devkitpro/libnds/lib/libnds9.a(cpu_clock.o)
                              /opt/devkitpro/libnds/lib/libnds9.a(initSystem.o) (setCpuClock)
/opt/devkitpro/libnds/lib/libnds9.a(interruptDispatcher.o)
                              /opt/devkitpro/libnds/lib/libnds9.a(interrupts.o) (IntrMain)
/opt/devkitpro/libnds/lib/libnds9.a(swiSoftReset.o)
                              /opt/devkitpro/libnds/lib/libnds9.a(fifosystem.o) (swiSoftReset)
/opt/devkitpro/libnds/lib/libnds9.a(video.o)
                              /opt/devkitpro/libnds/lib/libnds9.a(initSystem.o) (vramDefault)
/opt/devkitpro/libnds/lib/libnds9.a(system.o)
                              /opt/devkitpro/libnds/lib/libnds9.a(initSystem.o) (systemValueHandler)
/opt/devkitpro/libnds/lib/libnds9.a(biosCalls.o)
                              /opt/devkitpro/libnds/lib/libnds9.a(system.o) (swiDelay)
/opt/devkitpro/devkitARM/bin/../lib/gcc/arm-none-eabi/13.2.0/libgcc.a(_arm_muldf3.o)
                              main.o (__aeabi_dmul)
/opt/devkitpro/devkitARM/bin/../lib/gcc/arm-none-eabi/13.2.0/libgcc.a(_arm_mulsf3.o)
                              main.o (__aeabi_fmul)
/opt/devkitpro/devkitARM/bin/../lib/gcc/arm-none-eabi/13.2.0/libgcc.a(_arm_addsubdf3.o)
                              main.o (__aeabi_dadd)
/opt/devkitpro/devkitARM/bin/../lib/gcc/arm-none-eabi/13.2.0/libgcc.a(_arm_muldivdf3.o)
                              main.o (__aeabi_ddiv)
/opt/devkitpro/devkitARM/bin/../lib/gcc/arm-none-eabi/13.2.0/libgcc.a(_arm_fixdfsi.o)
                              main.o (__aeabi_d2iz)
/opt/devkitpro/devkitARM/bin/../lib/gcc/arm-none-eabi/13.2.0/libgcc.a(_arm_addsubsf3.o)
                              main.o (__aeabi_fsub)
/opt/devkitpro/devkitARM/bin/../lib/gcc/arm-none-eabi/13.2.0/libgcc.a(_arm_muldivsf3.o)
                              main.o (__aeabi_fdiv)
/opt/devkitpro/devkitARM/bin/../lib/gcc/arm-none-eabi/13.2.0/libgcc.a(_arm_cmpsf2.o)
                              main.o (__aeabi_fcmplt)
/opt/devkitpro/devkitARM/bin/../lib/gcc/arm-none-eabi/13.2.0/libgcc.a(_arm_fixsfsi.o)
                              main.o (__aeabi_f2iz)
/opt/devkitpro/devkitARM/bin/../lib/gcc/arm-none-eabi/13.2.0/../../../../arm-none-eabi/lib/libg.a(libc_a-bsearch.o)
                              /opt/devkitpro/libnds/lib/libnds9.a(trig.o) (bsearch)
/opt/devkitpro/devkitARM/bin/../lib/gcc/arm-none-eabi/13.2.0/../../../../arm-none-eabi/lib/libg.a(libc_a-memset.o)
                              /opt/devkitpro/libnds/lib/libnds9.a(background.o) (memset)
/opt/devkitpro/devkitARM/bin/../lib/gcc/arm-none-eabi/13.2.0/../../../../arm-none-eabi/lib/libg.a(libc_a-memcpy-stub.o)
                              /opt/devkitpro/libnds/lib/libnds9.a(fifosystem.o) (memcpy)
/opt/devkitpro/devkitARM/bin/../lib/gcc/arm-none-eabi/13.2.0/../../../../arm-none-eabi/lib/libg.a(libc_a-init.o)
                              /opt/devkitpro/devkitARM/bin/../lib/gcc/arm-none-eabi/13.2.0/../../../../arm-none-eabi/lib/ds_arm9_crt0.o (__libc_init_array)
/opt/devkitpro/devkitARM/bin/../lib/gcc/arm-none-eabi/13.2.0/../../../../arm-none-eabi/lib/libsysbase.a(libsysbase_libsysbase_a-build_argv.o)
                              /opt/devkitpro/devkitARM/bin/../lib/gcc/arm-none-eabi/13.2.0/../../../../arm-none-eabi/lib/ds_arm9_crt0.o (build_argv)
/opt/devkitpro/devkitARM/bin/../lib/gcc/arm-none-eabi/13.2.0/../../../../arm-none-eabi/lib/libsysbase.a(libsysbase_libsysbase_a-malloc_vars.o)
                              /opt/devkitpro/devkitARM/bin/../lib/gcc/arm-none-eabi/13.2.0/../../../../arm-none-eabi/lib/ds_arm9_crt0.o (fake_heap_start)

Discarded input sections

 .text          0x00000000        0x0 /opt/devkitpro/devkitARM/bin/../lib/gcc/arm-none-eabi/13.2.0/../../../../arm-none-eabi/lib/ds_arm9_crt0.o
 .data          0x00000000        0x0 /opt/devkitpro/devkitARM/bin/../lib/gcc/arm-none-eabi/13.2.0/../../../../arm-none-eabi/lib/ds_arm9_crt0.o
 .bss           0x00000000        0x0 /opt/devkitpro/devkitARM/bin/../lib/gcc/arm-none-eabi/13.2.0/../../../../arm-none-eabi/lib/ds_arm9_crt0.o
 .text          0x00000000        0x0 /opt/devkitpro/devkitARM/bin/../lib/gcc/arm-none-eabi/13.2.0/crti.o
 .data          0x00000000        0x0 /opt/devkitpro/devkitARM/bin/../lib/gcc/arm-none-eabi/13.2.0/crti.o
 .bss           0x00000000        0x0 /opt/devkitpro/devkitARM/bin/../lib/gcc/arm-none-eabi/13.2.0/crti.o
 .text          0x00000000        0x0 /opt/devkitpro/devkitARM/bin/../lib/gcc/arm-none-eabi/13.2.0/crtbegin.o
 .data          0x00000000        0x0 /opt/devkitpro/devkitARM/bin/../lib/gcc/arm-none-eabi/13.2.0/crtbegin.o
 .bss           0x00000000        0x0 /opt/devkitpro/devkitARM/bin/../lib/gcc/arm-none-eabi/13.2.0/crtbegin.o
 .rodata.all_implied_fbits
                0x00000000       0x24 /opt/devkitpro/devkitARM/bin/../lib/gcc/arm-none-eabi/13.2.0/crtbegin.o
 .data.__dso_handle
                0x00000000        0x4 /opt/devkitpro/devkitARM/bin/../lib/gcc/arm-none-eabi/13.2.0/crtbegin.o
 .text          0x00000000       0x80 main.o
 .bss           0x00000000        0x0 main.o
 .text          0x00000000        0x0 olive.o
 .data          0x00000000        0x0 olive.o
 .bss           0x00000000        0x0 olive.o
 .debug_info    0x00000000     0x12fb olive.o
 .debug_abbrev  0x00000000       0x98 olive.o
 .debug_aranges
                0x00000000       0x18 olive.o
 .debug_line    0x00000000       0x9f olive.o
 .debug_str     0x00000000      0x195 olive.o
 .comment       0x00000000       0x24 olive.o
 .ARM.attributes
                0x00000000       0x2b olive.o
 .text          0x00000000        0x0 /opt/devkitpro/libnds/lib/libnds9.a(background.o)
 .data          0x00000000        0x0 /opt/devkitpro/libnds/lib/libnds9.a(background.o)
 .bss           0x00000000        0x0 /opt/devkitpro/libnds/lib/libnds9.a(background.o)
 .text.bgIsText
                0x00000000        0xc /opt/devkitpro/libnds/lib/libnds9.a(background.o)
 .text.bgInit_call
                0x00000000       0xc4 /opt/devkitpro/libnds/lib/libnds9.a(background.o)
 .data.bgControl
                0x00000000       0x20 /opt/devkitpro/libnds/lib/libnds9.a(background.o)
 .text          0x00000000        0x0 /opt/devkitpro/libnds/lib/libnds9.a(trig.o)
 .data          0x00000000        0x0 /opt/devkitpro/libnds/lib/libnds9.a(trig.o)
 .bss           0x00000000        0x0 /opt/devkitpro/libnds/lib/libnds9.a(trig.o)
 .text.asinComp
                0x00000000       0x24 /opt/devkitpro/libnds/lib/libnds9.a(trig.o)
 .text.tanLutLookup
                0x00000000       0x30 /opt/devkitpro/libnds/lib/libnds9.a(trig.o)
 .text.tanLerp  0x00000000       0xb0 /opt/devkitpro/libnds/lib/libnds9.a(trig.o)
 .text.asinLerp
                0x00000000       0x98 /opt/devkitpro/libnds/lib/libnds9.a(trig.o)
 .text.acosLerp
                0x00000000       0xa4 /opt/devkitpro/libnds/lib/libnds9.a(trig.o)
 .text.atanComp
                0x00000000       0x24 /opt/devkitpro/libnds/lib/libnds9.a(trig.o)
 .rodata.TAN_LUT
                0x00000000      0x204 /opt/devkitpro/libnds/lib/libnds9.a(trig.o)
 .text          0x00000000        0x0 /opt/devkitpro/libnds/lib/libnds9.a(initSystem.o)
 .data          0x00000000        0x0 /opt/devkitpro/libnds/lib/libnds9.a(initSystem.o)
 .bss           0x00000000        0x0 /opt/devkitpro/libnds/lib/libnds9.a(initSystem.o)
 .text.__syscall_gettod_r
                0x00000000       0x28 /opt/devkitpro/libnds/lib/libnds9.a(initSystem.o)
 .text.__syscall_exit
                0x00000000        0x8 /opt/devkitpro/libnds/lib/libnds9.a(initSystem.o)
 .text          0x00000000        0x0 /opt/devkitpro/libnds/lib/libnds9.a(securearea.o)
 .data          0x00000000        0x0 /opt/devkitpro/libnds/lib/libnds9.a(securearea.o)
 .bss           0x00000000        0x0 /opt/devkitpro/libnds/lib/libnds9.a(securearea.o)
 .text          0x00000000        0x0 /opt/devkitpro/libnds/lib/libnds9.a(interrupts.o)
 .data          0x00000000        0x0 /opt/devkitpro/libnds/lib/libnds9.a(interrupts.o)
 .bss           0x00000000        0x0 /opt/devkitpro/libnds/lib/libnds9.a(interrupts.o)
 .text.irqInitHandler
                0x00000000       0x28 /opt/devkitpro/libnds/lib/libnds9.a(interrupts.o)
 .text.irqDisable
                0x00000000       0x64 /opt/devkitpro/libnds/lib/libnds9.a(interrupts.o)
 .text.irqClear
                0x00000000       0x38 /opt/devkitpro/libnds/lib/libnds9.a(interrupts.o)
 .text          0x00000000        0x0 /opt/devkitpro/libnds/lib/libnds9.a(libnds_exit.arm.o)
 .data          0x00000000        0x0 /opt/devkitpro/libnds/lib/libnds9.a(libnds_exit.arm.o)
 .bss           0x00000000        0x0 /opt/devkitpro/libnds/lib/libnds9.a(libnds_exit.arm.o)
 .text          0x00000000        0x0 /opt/devkitpro/libnds/lib/libnds9.a(fifosystem.o)
 .data          0x00000000        0x0 /opt/devkitpro/libnds/lib/libnds9.a(fifosystem.o)
 .bss           0x00000000        0x0 /opt/devkitpro/libnds/lib/libnds9.a(fifosystem.o)
 .text.fifoSendAddress
                0x00000000       0x38 /opt/devkitpro/libnds/lib/libnds9.a(fifosystem.o)
 .text.fifoSendDatamsg
                0x00000000       0x90 /opt/devkitpro/libnds/lib/libnds9.a(fifosystem.o)
 .text.fifoGetAddress
                0x00000000       0x7c /opt/devkitpro/libnds/lib/libnds9.a(fifosystem.o)
 .text.fifoSetAddressHandler
                0x00000000       0x78 /opt/devkitpro/libnds/lib/libnds9.a(fifosystem.o)
 .text.fifoGetValue32
                0x00000000       0x70 /opt/devkitpro/libnds/lib/libnds9.a(fifosystem.o)
 .text.fifoCheckAddress
                0x00000000       0x24 /opt/devkitpro/libnds/lib/libnds9.a(fifosystem.o)
 .text.fifoCheckDatamsg
                0x00000000       0x24 /opt/devkitpro/libnds/lib/libnds9.a(fifosystem.o)
 .text.fifoCheckDatamsgLength
                0x00000000       0x30 /opt/devkitpro/libnds/lib/libnds9.a(fifosystem.o)
 .text.fifoCheckValue32
                0x00000000       0x24 /opt/devkitpro/libnds/lib/libnds9.a(fifosystem.o)
 .text          0x00000000        0x0 /opt/devkitpro/libnds/lib/libnds9.a(mpu_setup.o)
 .bss           0x00000000        0x0 /opt/devkitpro/libnds/lib/libnds9.a(mpu_setup.o)
 .text.memCached
                0x00000000       0x20 /opt/devkitpro/libnds/lib/libnds9.a(mpu_setup.o)
 .text          0x00000000        0x0 /opt/devkitpro/libnds/lib/libnds9.a(IntrWait.o)
 .data          0x00000000        0x0 /opt/devkitpro/libnds/lib/libnds9.a(IntrWait.o)
 .bss           0x00000000        0x0 /opt/devkitpro/libnds/lib/libnds9.a(IntrWait.o)
 .text          0x00000000        0x0 /opt/devkitpro/libnds/lib/libnds9.a(cpu_clock.o)
 .data          0x00000000        0x0 /opt/devkitpro/libnds/lib/libnds9.a(cpu_clock.o)
 .bss           0x00000000        0x0 /opt/devkitpro/libnds/lib/libnds9.a(cpu_clock.o)
 .itcm          0x00000000        0x0 /opt/devkitpro/libnds/lib/libnds9.a(cpu_clock.o)
 .text          0x00000000        0x0 /opt/devkitpro/libnds/lib/libnds9.a(interruptDispatcher.o)
 .data          0x00000000        0x0 /opt/devkitpro/libnds/lib/libnds9.a(interruptDispatcher.o)
 .bss           0x00000000        0x0 /opt/devkitpro/libnds/lib/libnds9.a(interruptDispatcher.o)
 .text          0x00000000        0x0 /opt/devkitpro/libnds/lib/libnds9.a(swiSoftReset.o)
 .data          0x00000000        0x0 /opt/devkitpro/libnds/lib/libnds9.a(swiSoftReset.o)
 .bss           0x00000000        0x0 /opt/devkitpro/libnds/lib/libnds9.a(swiSoftReset.o)
 .text          0x00000000        0x0 /opt/devkitpro/libnds/lib/libnds9.a(video.o)
 .data          0x00000000        0x0 /opt/devkitpro/libnds/lib/libnds9.a(video.o)
 .bss           0x00000000        0x0 /opt/devkitpro/libnds/lib/libnds9.a(video.o)
 .text.vramSetPrimaryBanks
                0x00000000       0x44 /opt/devkitpro/libnds/lib/libnds9.a(video.o)
 .text.vramSetMainBanks
                0x00000000       0x44 /opt/devkitpro/libnds/lib/libnds9.a(video.o)
 .text.vramSetBanks_EFG
                0x00000000       0x38 /opt/devkitpro/libnds/lib/libnds9.a(video.o)
 .text.vramRestorePrimaryBanks
                0x00000000        0xc /opt/devkitpro/libnds/lib/libnds9.a(video.o)
 .text.vramRestoreMainBanks
                0x00000000        0xc /opt/devkitpro/libnds/lib/libnds9.a(video.o)
 .text.vramRestoreBanks_EFG
                0x00000000        0xc /opt/devkitpro/libnds/lib/libnds9.a(video.o)
 .text.setBrightness
                0x00000000       0x40 /opt/devkitpro/libnds/lib/libnds9.a(video.o)
 .text          0x00000000        0x0 /opt/devkitpro/libnds/lib/libnds9.a(system.o)
 .data          0x00000000        0x0 /opt/devkitpro/libnds/lib/libnds9.a(system.o)
 .bss           0x00000000        0x0 /opt/devkitpro/libnds/lib/libnds9.a(system.o)
 .text.setSDcallback
                0x00000000        0xc /opt/devkitpro/libnds/lib/libnds9.a(system.o)
 .text.systemSleep
                0x00000000       0x18 /opt/devkitpro/libnds/lib/libnds9.a(system.o)
 .text.powerOff
                0x00000000       0x28 /opt/devkitpro/libnds/lib/libnds9.a(system.o)
 .text.ledBlink
                0x00000000       0x10 /opt/devkitpro/libnds/lib/libnds9.a(system.o)
 .text.getBatteryLevel
                0x00000000       0x20 /opt/devkitpro/libnds/lib/libnds9.a(system.o)
 .text.enableSlot1
                0x00000000       0x1c /opt/devkitpro/libnds/lib/libnds9.a(system.o)
 .text.disableSlot1
                0x00000000       0x1c /opt/devkitpro/libnds/lib/libnds9.a(system.o)
 .text          0x00000000        0x0 /opt/devkitpro/libnds/lib/libnds9.a(biosCalls.o)
 .data          0x00000000        0x0 /opt/devkitpro/libnds/lib/libnds9.a(biosCalls.o)
 .bss           0x00000000        0x0 /opt/devkitpro/libnds/lib/libnds9.a(biosCalls.o)
 .text.swiSleep
                0x00000000        0x4 /opt/devkitpro/libnds/lib/libnds9.a(biosCalls.o)
 .text.swiChangeSoundBias
                0x00000000        0x4 /opt/devkitpro/libnds/lib/libnds9.a(biosCalls.o)
 .text.swiDivide
                0x00000000        0x4 /opt/devkitpro/libnds/lib/libnds9.a(biosCalls.o)
 .text.swiRemainder
                0x00000000        0x8 /opt/devkitpro/libnds/lib/libnds9.a(biosCalls.o)
 .text.swiDivMod
                0x00000000        0xc /opt/devkitpro/libnds/lib/libnds9.a(biosCalls.o)
 .text.swiCopy  0x00000000        0x4 /opt/devkitpro/libnds/lib/libnds9.a(biosCalls.o)
 .text.swiFastCopy
                0x00000000        0x4 /opt/devkitpro/libnds/lib/libnds9.a(biosCalls.o)
 .text.swiSqrt  0x00000000        0x4 /opt/devkitpro/libnds/lib/libnds9.a(biosCalls.o)
 .text.swiCRC16
                0x00000000        0x4 /opt/devkitpro/libnds/lib/libnds9.a(biosCalls.o)
 .text.swiIsDebugger
                0x00000000        0x4 /opt/devkitpro/libnds/lib/libnds9.a(biosCalls.o)
 .text.swiUnpackBits
                0x00000000        0x4 /opt/devkitpro/libnds/lib/libnds9.a(biosCalls.o)
 .text.swiDecompressLZSSWram
                0x00000000        0x4 /opt/devkitpro/libnds/lib/libnds9.a(biosCalls.o)
 .text.swiDecompressLZSSVramNTR
                0x00000000        0x4 /opt/devkitpro/libnds/lib/libnds9.a(biosCalls.o)
 .text.swiDecompressLZSSVramTWL
                0x00000000        0x4 /opt/devkitpro/libnds/lib/libnds9.a(biosCalls.o)
 .text.swiDecompressHuffman
                0x00000000        0x4 /opt/devkitpro/libnds/lib/libnds9.a(biosCalls.o)
 .text.swiDecompressRLEWram
                0x00000000        0x4 /opt/devkitpro/libnds/lib/libnds9.a(biosCalls.o)
 .text.swiDecompressRLEVram
                0x00000000        0x4 /opt/devkitpro/libnds/lib/libnds9.a(biosCalls.o)
 .text.swiWaitForIRQ
                0x00000000        0x4 /opt/devkitpro/libnds/lib/libnds9.a(biosCalls.o)
 .text.swiDecodeDelta8
                0x00000000        0x4 /opt/devkitpro/libnds/lib/libnds9.a(biosCalls.o)
 .text.swiDecodeDelta16
                0x00000000        0x4 /opt/devkitpro/libnds/lib/libnds9.a(biosCalls.o)
 .text.swiSetHaltCR
                0x00000000        0x4 /opt/devkitpro/libnds/lib/libnds9.a(biosCalls.o)
 .text          0x00000000      0x290 /opt/devkitpro/devkitARM/bin/../lib/gcc/arm-none-eabi/13.2.0/libgcc.a(_arm_muldf3.o)
 .data          0x00000000        0x0 /opt/devkitpro/devkitARM/bin/../lib/gcc/arm-none-eabi/13.2.0/libgcc.a(_arm_muldf3.o)
 .bss           0x00000000        0x0 /opt/devkitpro/devkitARM/bin/../lib/gcc/arm-none-eabi/13.2.0/libgcc.a(_arm_muldf3.o)
 .ARM.attributes
                0x00000000       0x1c /opt/devkitpro/devkitARM/bin/../lib/gcc/arm-none-eabi/13.2.0/libgcc.a(_arm_muldf3.o)
 .text          0x00000000      0x198 /opt/devkitpro/devkitARM/bin/../lib/gcc/arm-none-eabi/13.2.0/libgcc.a(_arm_mulsf3.o)
 .data          0x00000000        0x0 /opt/devkitpro/devkitARM/bin/../lib/gcc/arm-none-eabi/13.2.0/libgcc.a(_arm_mulsf3.o)
 .bss           0x00000000        0x0 /opt/devkitpro/devkitARM/bin/../lib/gcc/arm-none-eabi/13.2.0/libgcc.a(_arm_mulsf3.o)
 .ARM.attributes
                0x00000000       0x1c /opt/devkitpro/devkitARM/bin/../lib/gcc/arm-none-eabi/13.2.0/libgcc.a(_arm_mulsf3.o)
 .data          0x00000000        0x0 /opt/devkitpro/devkitARM/bin/../lib/gcc/arm-none-eabi/13.2.0/libgcc.a(_arm_addsubdf3.o)
 .bss           0x00000000        0x0 /opt/devkitpro/devkitARM/bin/../lib/gcc/arm-none-eabi/13.2.0/libgcc.a(_arm_addsubdf3.o)
 .data          0x00000000        0x0 /opt/devkitpro/devkitARM/bin/../lib/gcc/arm-none-eabi/13.2.0/libgcc.a(_arm_muldivdf3.o)
 .bss           0x00000000        0x0 /opt/devkitpro/devkitARM/bin/../lib/gcc/arm-none-eabi/13.2.0/libgcc.a(_arm_muldivdf3.o)
 .data          0x00000000        0x0 /opt/devkitpro/devkitARM/bin/../lib/gcc/arm-none-eabi/13.2.0/libgcc.a(_arm_fixdfsi.o)
 .bss           0x00000000        0x0 /opt/devkitpro/devkitARM/bin/../lib/gcc/arm-none-eabi/13.2.0/libgcc.a(_arm_fixdfsi.o)
 .data          0x00000000        0x0 /opt/devkitpro/devkitARM/bin/../lib/gcc/arm-none-eabi/13.2.0/libgcc.a(_arm_addsubsf3.o)
 .bss           0x00000000        0x0 /opt/devkitpro/devkitARM/bin/../lib/gcc/arm-none-eabi/13.2.0/libgcc.a(_arm_addsubsf3.o)
 .data          0x00000000        0x0 /opt/devkitpro/devkitARM/bin/../lib/gcc/arm-none-eabi/13.2.0/libgcc.a(_arm_muldivsf3.o)
 .bss           0x00000000        0x0 /opt/devkitpro/devkitARM/bin/../lib/gcc/arm-none-eabi/13.2.0/libgcc.a(_arm_muldivsf3.o)
 .data          0x00000000        0x0 /opt/devkitpro/devkitARM/bin/../lib/gcc/arm-none-eabi/13.2.0/libgcc.a(_arm_cmpsf2.o)
 .bss           0x00000000        0x0 /opt/devkitpro/devkitARM/bin/../lib/gcc/arm-none-eabi/13.2.0/libgcc.a(_arm_cmpsf2.o)
 .data          0x00000000        0x0 /opt/devkitpro/devkitARM/bin/../lib/gcc/arm-none-eabi/13.2.0/libgcc.a(_arm_fixsfsi.o)
 .bss           0x00000000        0x0 /opt/devkitpro/devkitARM/bin/../lib/gcc/arm-none-eabi/13.2.0/libgcc.a(_arm_fixsfsi.o)
 .text          0x00000000        0x0 /opt/devkitpro/devkitARM/bin/../lib/gcc/arm-none-eabi/13.2.0/../../../../arm-none-eabi/lib/libg.a(libc_a-bsearch.o)
 .data          0x00000000        0x0 /opt/devkitpro/devkitARM/bin/../lib/gcc/arm-none-eabi/13.2.0/../../../../arm-none-eabi/lib/libg.a(libc_a-bsearch.o)
 .bss           0x00000000        0x0 /opt/devkitpro/devkitARM/bin/../lib/gcc/arm-none-eabi/13.2.0/../../../../arm-none-eabi/lib/libg.a(libc_a-bsearch.o)
 .text.bsearch  0x00000000       0x80 /opt/devkitpro/devkitARM/bin/../lib/gcc/arm-none-eabi/13.2.0/../../../../arm-none-eabi/lib/libg.a(libc_a-bsearch.o)
 .comment       0x00000000       0x24 /opt/devkitpro/devkitARM/bin/../lib/gcc/arm-none-eabi/13.2.0/../../../../arm-none-eabi/lib/libg.a(libc_a-bsearch.o)
 .ARM.attributes
                0x00000000       0x2a /opt/devkitpro/devkitARM/bin/../lib/gcc/arm-none-eabi/13.2.0/../../../../arm-none-eabi/lib/libg.a(libc_a-bsearch.o)
 .text          0x00000000        0x0 /opt/devkitpro/devkitARM/bin/../lib/gcc/arm-none-eabi/13.2.0/../../../../arm-none-eabi/lib/libg.a(libc_a-memset.o)
 .data          0x00000000        0x0 /opt/devkitpro/devkitARM/bin/../lib/gcc/arm-none-eabi/13.2.0/../../../../arm-none-eabi/lib/libg.a(libc_a-memset.o)
 .bss           0x00000000        0x0 /opt/devkitpro/devkitARM/bin/../lib/gcc/arm-none-eabi/13.2.0/../../../../arm-none-eabi/lib/libg.a(libc_a-memset.o)
 .text          0x00000000        0x0 /opt/devkitpro/devkitARM/bin/../lib/gcc/arm-none-eabi/13.2.0/../../../../arm-none-eabi/lib/libg.a(libc_a-memcpy-stub.o)
 .data          0x00000000        0x0 /opt/devkitpro/devkitARM/bin/../lib/gcc/arm-none-eabi/13.2.0/../../../../arm-none-eabi/lib/libg.a(libc_a-memcpy-stub.o)
 .bss           0x00000000        0x0 /opt/devkitpro/devkitARM/bin/../lib/gcc/arm-none-eabi/13.2.0/../../../../arm-none-eabi/lib/libg.a(libc_a-memcpy-stub.o)
 .text          0x00000000        0x0 /opt/devkitpro/devkitARM/bin/../lib/gcc/arm-none-eabi/13.2.0/../../../../arm-none-eabi/lib/libg.a(libc_a-init.o)
 .data          0x00000000        0x0 /opt/devkitpro/devkitARM/bin/../lib/gcc/arm-none-eabi/13.2.0/../../../../arm-none-eabi/lib/libg.a(libc_a-init.o)
 .bss           0x00000000        0x0 /opt/devkitpro/devkitARM/bin/../lib/gcc/arm-none-eabi/13.2.0/../../../../arm-none-eabi/lib/libg.a(libc_a-init.o)
 .text          0x00000000        0x0 /opt/devkitpro/devkitARM/bin/../lib/gcc/arm-none-eabi/13.2.0/../../../../arm-none-eabi/lib/libsysbase.a(libsysbase_libsysbase_a-build_argv.o)
 .data          0x00000000        0x0 /opt/devkitpro/devkitARM/bin/../lib/gcc/arm-none-eabi/13.2.0/../../../../arm-none-eabi/lib/libsysbase.a(libsysbase_libsysbase_a-build_argv.o)
 .bss           0x00000000        0x0 /opt/devkitpro/devkitARM/bin/../lib/gcc/arm-none-eabi/13.2.0/../../../../arm-none-eabi/lib/libsysbase.a(libsysbase_libsysbase_a-build_argv.o)
 .text          0x00000000        0x0 /opt/devkitpro/devkitARM/bin/../lib/gcc/arm-none-eabi/13.2.0/../../../../arm-none-eabi/lib/libsysbase.a(libsysbase_libsysbase_a-malloc_vars.o)
 .data          0x00000000        0x0 /opt/devkitpro/devkitARM/bin/../lib/gcc/arm-none-eabi/13.2.0/../../../../arm-none-eabi/lib/libsysbase.a(libsysbase_libsysbase_a-malloc_vars.o)
 .bss           0x00000000        0x0 /opt/devkitpro/devkitARM/bin/../lib/gcc/arm-none-eabi/13.2.0/../../../../arm-none-eabi/lib/libsysbase.a(libsysbase_libsysbase_a-malloc_vars.o)
 .text          0x00000000        0x0 /opt/devkitpro/devkitARM/bin/../lib/gcc/arm-none-eabi/13.2.0/crtend.o
 .data          0x00000000        0x0 /opt/devkitpro/devkitARM/bin/../lib/gcc/arm-none-eabi/13.2.0/crtend.o
 .bss           0x00000000        0x0 /opt/devkitpro/devkitARM/bin/../lib/gcc/arm-none-eabi/13.2.0/crtend.o
 .rodata.all_implied_fbits
                0x00000000       0x24 /opt/devkitpro/devkitARM/bin/../lib/gcc/arm-none-eabi/13.2.0/crtend.o
 .text          0x00000000        0x0 /opt/devkitpro/devkitARM/bin/../lib/gcc/arm-none-eabi/13.2.0/crtn.o
 .data          0x00000000        0x0 /opt/devkitpro/devkitARM/bin/../lib/gcc/arm-none-eabi/13.2.0/crtn.o
 .bss           0x00000000        0x0 /opt/devkitpro/devkitARM/bin/../lib/gcc/arm-none-eabi/13.2.0/crtn.o

Memory Configuration

Name             Origin             Length             Attributes
ewram            0x02000000         0x00380000
dtcm             0x02ff0000         0x00004000
vectors          0x01000000         0x00000100
itcm             0x01000100         0x00007f00
*default*        0x00000000         0xffffffff

Linker script and memory map

                0x02380000                        __ewram_end = (ORIGIN (ewram) + LENGTH (ewram))
                0x02380000                        __eheap_end = (ORIGIN (ewram) + LENGTH (ewram))
                0x02ff4000                        __dtcm_top = (ORIGIN (dtcm) + LENGTH (dtcm))
                0x02ff3ff8                        __irq_flags = (__dtcm_top - 0x8)
                0x02ff3ffc                        __irq_vector = (__dtcm_top - 0x4)
                0x02ff3f00                        __sp_svc = (__dtcm_top - 0x100)
                0x02ff3e00                        __sp_irq = (__sp_svc - 0x100)
                0x02ff3d00                        __sp_usr = (__sp_irq - 0x100)

.secure         0x02000000      0x800
 *(.secure)
 .secure        0x02000000      0x800 /opt/devkitpro/libnds/lib/libnds9.a(securearea.o)
                0x02000000                __secure_area__

.crt0           0x02000800      0x300
                0x02000800                        __text_start = .
 *(.crt0)
 .crt0          0x02000800      0x300 /opt/devkitpro/devkitARM/bin/../lib/gcc/arm-none-eabi/13.2.0/../../../../arm-none-eabi/lib/ds_arm9_crt0.o
                0x02000800                _start
                0x02000b00                        . = ALIGN (0x4)

.plt
 *(.plt)

.init           0x02000b00       0x18
 *(SORT_NONE(.init))
 .init          0x02000b00        0xc /opt/devkitpro/devkitARM/bin/../lib/gcc/arm-none-eabi/13.2.0/crti.o
                0x02000b00                _init
 .init          0x02000b0c        0xc /opt/devkitpro/devkitARM/bin/../lib/gcc/arm-none-eabi/13.2.0/crtn.o

.text           0x02000b18     0x2b68
 *(EXCLUDE_FILE(*.twl* *.vectors* *.itcm*) .text)
 .text          0x02000b18      0x424 /opt/devkitpro/devkitARM/bin/../lib/gcc/arm-none-eabi/13.2.0/libgcc.a(_arm_addsubdf3.o)
                0x02000b18                __aeabi_drsub
                0x02000b20                __aeabi_dsub
                0x02000b20                __subdf3
                0x02000b24                __adddf3
                0x02000b24                __aeabi_dadd
                0x02000e34                __aeabi_ui2d
                0x02000e34                __floatunsidf
                0x02000e58                __floatsidf
                0x02000e58                __aeabi_i2d
                0x02000e80                __extendsfdf2
                0x02000e80                __aeabi_f2d
                0x02000ec8                __aeabi_ul2d
                0x02000ec8                __floatundidf
                0x02000edc                __floatdidf
                0x02000edc                __aeabi_l2d
 .text          0x02000f3c      0x49c /opt/devkitpro/devkitARM/bin/../lib/gcc/arm-none-eabi/13.2.0/libgcc.a(_arm_muldivdf3.o)
                0x02000f3c                __aeabi_dmul
                0x02000f3c                __muldf3
                0x020011cc                __aeabi_ddiv
                0x020011cc                __divdf3
 .text          0x020013d8       0x5c /opt/devkitpro/devkitARM/bin/../lib/gcc/arm-none-eabi/13.2.0/libgcc.a(_arm_fixdfsi.o)
                0x020013d8                __fixdfsi
                0x020013d8                __aeabi_d2iz
 .text          0x02001434      0x2ac /opt/devkitpro/devkitARM/bin/../lib/gcc/arm-none-eabi/13.2.0/libgcc.a(_arm_addsubsf3.o)
                0x02001434                __aeabi_frsub
                0x0200143c                __subsf3
                0x0200143c                __aeabi_fsub
                0x02001440                __aeabi_fadd
                0x02001440                __addsf3
                0x020015fc                __aeabi_ui2f
                0x020015fc                __floatunsisf
                0x02001604                __aeabi_i2f
                0x02001604                __floatsisf
                0x02001624                __floatundisf
                0x02001624                __aeabi_ul2f
                0x02001634                __floatdisf
                0x02001634                __aeabi_l2f
 .text          0x020016e0      0x2f8 /opt/devkitpro/devkitARM/bin/../lib/gcc/arm-none-eabi/13.2.0/libgcc.a(_arm_muldivsf3.o)
                0x020016e0                __mulsf3
                0x020016e0                __aeabi_fmul
                0x02001878                __divsf3
                0x02001878                __aeabi_fdiv
 .text          0x020019d8      0x114 /opt/devkitpro/devkitARM/bin/../lib/gcc/arm-none-eabi/13.2.0/libgcc.a(_arm_cmpsf2.o)
                0x020019d8                __gtsf2
                0x020019d8                __gesf2
                0x020019e0                __lesf2
                0x020019e0                __ltsf2
                0x020019e8                __nesf2
                0x020019e8                __eqsf2
                0x020019e8                __cmpsf2
                0x02001a4c                __aeabi_cfrcmple
                0x02001a5c                __aeabi_cfcmple
                0x02001a5c                __aeabi_cfcmpeq
                0x02001a74                __aeabi_fcmpeq
                0x02001a8c                __aeabi_fcmplt
                0x02001aa4                __aeabi_fcmple
                0x02001abc                __aeabi_fcmpge
                0x02001ad4                __aeabi_fcmpgt
 .text          0x02001aec       0x5c /opt/devkitpro/devkitARM/bin/../lib/gcc/arm-none-eabi/13.2.0/libgcc.a(_arm_fixsfsi.o)
                0x02001aec                __fixsfsi
                0x02001aec                __aeabi_f2iz
 *(EXCLUDE_FILE(*.twl* *.vectors* *.itcm*) .stub)
 *(EXCLUDE_FILE(*.twl* *.vectors* *.itcm*) .text.*)
 .text.__do_global_dtors_aux
                0x02001b48       0x40 /opt/devkitpro/devkitARM/bin/../lib/gcc/arm-none-eabi/13.2.0/crtbegin.o
 .text.frame_dummy
                0x02001b88       0x30 /opt/devkitpro/devkitARM/bin/../lib/gcc/arm-none-eabi/13.2.0/crtbegin.o
 .text.startup  0x02001bb8      0x384 main.o
                0x02001bb8                main
 .text.checkIfText
                0x02001f3c       0x5c /opt/devkitpro/libnds/lib/libnds9.a(background.o)
                0x02001f3c                checkIfText
 .text.bgUpdate
                0x02001f98       0xf4 /opt/devkitpro/libnds/lib/libnds9.a(background.o)
                0x02001f98                bgUpdate
 .text.bgInitSub_call
                0x0200208c       0xcc /opt/devkitpro/libnds/lib/libnds9.a(background.o)
                0x0200208c                bgInitSub_call
 .text.sinLutLookup
                0x02002158       0x4c /opt/devkitpro/libnds/lib/libnds9.a(trig.o)
                0x02002158                sinLutLookup
 .text.sinLerp  0x020021a4       0x40 /opt/devkitpro/libnds/lib/libnds9.a(trig.o)
                0x020021a4                sinLerp
 .text.cosLerp  0x020021e4       0x4c /opt/devkitpro/libnds/lib/libnds9.a(trig.o)
                0x020021e4                cosLerp
 .text.initSystem
                0x02002230      0x180 /opt/devkitpro/libnds/lib/libnds9.a(initSystem.o)
                0x02002230                initSystem
 .text.irqDummy
                0x020023b0        0x4 /opt/devkitpro/libnds/lib/libnds9.a(interrupts.o)
                0x020023b0                irqDummy
 .text.irqSet   0x020023b4       0x6c /opt/devkitpro/libnds/lib/libnds9.a(interrupts.o)
                0x020023b4                irqSet
 .text.irqInit  0x02002420       0x50 /opt/devkitpro/libnds/lib/libnds9.a(interrupts.o)
                0x02002420                irqInit
 .text.irqEnable
                0x02002470       0x64 /opt/devkitpro/libnds/lib/libnds9.a(interrupts.o)
                0x02002470                irqEnable
 .text.systemErrorExit
                0x020024d4        0x4 /opt/devkitpro/libnds/lib/libnds9.a(libnds_exit.arm.o)
                0x020024d4                systemErrorExit
 .text.__libnds_exit
                0x020024d8       0x5c /opt/devkitpro/libnds/lib/libnds9.a(libnds_exit.arm.o)
                0x020024d8                __libnds_exit
 .text.fifo_queueBlock
                0x02002534       0x44 /opt/devkitpro/libnds/lib/libnds9.a(fifosystem.o)
 .text.fifo_waitBlock
                0x02002578       0x80 /opt/devkitpro/libnds/lib/libnds9.a(fifosystem.o)
 .text.fifoInternalSend.part.0
                0x020025f8       0xd4 /opt/devkitpro/libnds/lib/libnds9.a(fifosystem.o)
 .text.fifoInternalSendInterrupt
                0x020026cc       0xb0 /opt/devkitpro/libnds/lib/libnds9.a(fifosystem.o)
 .text.fifoSetValue32Handler
                0x0200277c       0xd4 /opt/devkitpro/libnds/lib/libnds9.a(fifosystem.o)
                0x0200277c                fifoSetValue32Handler
 .text.fifoSendValue32
                0x02002850       0x4c /opt/devkitpro/libnds/lib/libnds9.a(fifosystem.o)
                0x02002850                fifoSendValue32
 .text.fifoGetDatamsg
                0x0200289c       0xf4 /opt/devkitpro/libnds/lib/libnds9.a(fifosystem.o)
                0x0200289c                fifoGetDatamsg
 .text.fifoInternalRecvInterrupt
                0x02002990      0x37c /opt/devkitpro/libnds/lib/libnds9.a(fifosystem.o)
 .text.fifoSetDatamsgHandler
                0x02002d0c       0x9c /opt/devkitpro/libnds/lib/libnds9.a(fifosystem.o)
                0x02002d0c                fifoSetDatamsgHandler
 .text.fifoInit
                0x02002da8      0x108 /opt/devkitpro/libnds/lib/libnds9.a(fifosystem.o)
                0x02002da8                fifoInit
 .text.__libnds_mpu_setup
                0x02002eb0      0x174 /opt/devkitpro/libnds/lib/libnds9.a(mpu_setup.o)
                0x02002eb0                __libnds_mpu_setup
 .text.memUncached
                0x02003024       0x20 /opt/devkitpro/libnds/lib/libnds9.a(mpu_setup.o)
                0x02003024                memUncached
 .text.swiWaitForVBlank
                0x02003044        0x8 /opt/devkitpro/libnds/lib/libnds9.a(IntrWait.o)
                0x02003044                swiWaitForVBlank
 .text.swiIntrWait
                0x0200304c       0x70 /opt/devkitpro/libnds/lib/libnds9.a(IntrWait.o)
                0x0200304c                swiIntrWait
 .text.setCpuClock
                0x020030bc       0x50 /opt/devkitpro/libnds/lib/libnds9.a(cpu_clock.o)
                0x020030bc                setCpuClock
 .text.swiSoftReset
                0x0200310c       0x2c /opt/devkitpro/libnds/lib/libnds9.a(swiSoftReset.o)
                0x0200310c                swiSoftReset
 .text.vramDefault
                0x02003138       0xd0 /opt/devkitpro/libnds/lib/libnds9.a(video.o)
                0x02003138                vramDefault
 .text.systemValueHandler
                0x02003208       0x48 /opt/devkitpro/libnds/lib/libnds9.a(system.o)
                0x02003208                systemValueHandler
 .text.systemMsgHandler
                0x02003250       0x60 /opt/devkitpro/libnds/lib/libnds9.a(system.o)
                0x02003250                systemMsgHandler
 .text.powerOn  0x020032b0       0x2c /opt/devkitpro/libnds/lib/libnds9.a(system.o)
                0x020032b0                powerOn
 .text.swiDelay
                0x020032dc        0x4 /opt/devkitpro/libnds/lib/libnds9.a(biosCalls.o)
                0x020032dc                swiDelay
 .text.memset   0x020032e0       0xfc /opt/devkitpro/devkitARM/bin/../lib/gcc/arm-none-eabi/13.2.0/../../../../arm-none-eabi/lib/libg.a(libc_a-memset.o)
                0x020032e0                memset
 .text.memcpy   0x020033dc      0x114 /opt/devkitpro/devkitARM/bin/../lib/gcc/arm-none-eabi/13.2.0/../../../../arm-none-eabi/lib/libg.a(libc_a-memcpy-stub.o)
                0x020033dc                memcpy
 .text.__libc_init_array
                0x020034f0       0x90 /opt/devkitpro/devkitARM/bin/../lib/gcc/arm-none-eabi/13.2.0/../../../../arm-none-eabi/lib/libg.a(libc_a-init.o)
                0x020034f0                __libc_init_array
 .text.build_argv
                0x02003580       0x90 /opt/devkitpro/devkitARM/bin/../lib/gcc/arm-none-eabi/13.2.0/../../../../arm-none-eabi/lib/libsysbase.a(libsysbase_libsysbase_a-build_argv.o)
                0x02003580                build_argv
 .text.build_argv.__stub
                0x02003610       0x60 linker stubs
 *(EXCLUDE_FILE(*.twl*) .gnu.warning)
 *(EXCLUDE_FILE(*.twl*) .gnu.linkonce.t*)
 *(.glue_7)
 .glue_7        0x02003680        0x0 linker stubs
 *(.glue_7t)
 .glue_7t       0x02003680        0x0 linker stubs
                0x02003680                        . = ALIGN (0x4)

.vfp11_veneer   0x02003680        0x0
 .vfp11_veneer  0x02003680        0x0 linker stubs

.v4_bx          0x02003680        0x0
 .v4_bx         0x02003680        0x0 linker stubs

.iplt           0x02003680        0x0
 .iplt          0x02003680        0x0 /opt/devkitpro/devkitARM/bin/../lib/gcc/arm-none-eabi/13.2.0/../../../../arm-none-eabi/lib/ds_arm9_crt0.o

.fini           0x02003680       0x18
 *(.fini)
 .fini          0x02003680        0xc /opt/devkitpro/devkitARM/bin/../lib/gcc/arm-none-eabi/13.2.0/crti.o
                0x02003680                _fini
 .fini          0x0200368c        0xc /opt/devkitpro/devkitARM/bin/../lib/gcc/arm-none-eabi/13.2.0/crtn.o
                0x02003698                        __text_end = .

.rodata         0x02003698   0x300104
 *(EXCLUDE_FILE(*.twl*) .rodata)
 .rodata        0x02003698   0x300000 main.o
                0x02003698                imageDataDepth
                0x02103698                imageDataColor
 *all.rodata*(*)
 *(EXCLUDE_FILE(*.twl*) .roda)
 *(EXCLUDE_FILE(*.twl*) .rodata.*)
 .rodata.SIN_LUT
                0x02303698      0x102 /opt/devkitpro/libnds/lib/libnds9.a(trig.o)
                0x02303698                SIN_LUT
 *(EXCLUDE_FILE(*.twl*) .gnu.linkonce.r*)
                0x0230379c                        . = ALIGN (0x4)
 *fill*         0x0230379a        0x2 ff

.ARM.extab
 *(.ARM.extab* .gnu.linkonce.armextab.*)
                0x0230379c                        __exidx_start = .

ARM.exidx
 *(.ARM.exidx* .gnu.linkonce.armexidx.*)
                0x0230379c                        __exidx_end = .
                0x0230379c                        . = ALIGN (0x4)
                0x0230379c                        PROVIDE (__preinit_array_start = .)

.preinit_array
 *(.preinit_array)
                0x0230379c                        PROVIDE (__preinit_array_end = .)
                0x0230379c                        PROVIDE (__init_array_start = .)

.init_array     0x0230379c        0x4
 *(SORT_BY_NAME(.init_array.*))
 *(.init_array)
 .init_array    0x0230379c        0x4 /opt/devkitpro/devkitARM/bin/../lib/gcc/arm-none-eabi/13.2.0/crtbegin.o
                0x023037a0                        PROVIDE (__init_array_end = .)
                [!provide]                        PROVIDE (__fini_array_start = .)

.fini_array     0x023037a0        0x4
 *(.fini_array)
 .fini_array    0x023037a0        0x4 /opt/devkitpro/devkitARM/bin/../lib/gcc/arm-none-eabi/13.2.0/crtbegin.o
 *(SORT_BY_NAME(.fini_array.*))
                [!provide]                        PROVIDE (__fini_array_end = .)

.ctors          0x023037a4        0x0
 *crtbegin.o(.ctors)
 *(EXCLUDE_FILE(*crtend.o) .ctors)
 *(SORT_BY_NAME(.ctors.*))
 *(.ctors)
                0x023037a4                        . = ALIGN (0x4)

.dtors          0x023037a4        0x0
 *crtbegin.o(.dtors)
 *(EXCLUDE_FILE(*crtend.o) .dtors)
 *(SORT_BY_NAME(.dtors.*))
 *(.dtors)
                0x023037a4                        . = ALIGN (0x4)

.eh_frame       0x023037a4        0x4
 *(.eh_frame)
 .eh_frame      0x023037a4        0x0 /opt/devkitpro/devkitARM/bin/../lib/gcc/arm-none-eabi/13.2.0/crtbegin.o
 .eh_frame      0x023037a4        0x4 /opt/devkitpro/devkitARM/bin/../lib/gcc/arm-none-eabi/13.2.0/crtend.o
                0x023037a8                        . = ALIGN (0x4)

.rel.dyn        0x023037a8        0x0
 .rel.iplt      0x023037a8        0x0 /opt/devkitpro/devkitARM/bin/../lib/gcc/arm-none-eabi/13.2.0/../../../../arm-none-eabi/lib/ds_arm9_crt0.o

.gcc_except_table
                0x023037a8        0x0
 *(.gcc_except_table)
                0x023037a8                        . = ALIGN (0x4)

.jcr
 *(.jcr)

.got
 *(.got.plt)
 *(.got)
 *(.rel.got)

.ewram          0x023037a8        0x0
                0x023037a8                        __ewram_start = ABSOLUTE (.)
 *(.ewram)
 *ewram.*(.text)
                0x023037a8                        . = ALIGN (0x4)

.data           0x023037a8       0x90
                0x023037a8                        __data_start = ABSOLUTE (.)
 *(EXCLUDE_FILE(*.twl*) .data)
 .data          0x023037a8       0x18 main.o
                0x023037a8                camera
 .data          0x023037c0       0x28 /opt/devkitpro/libnds/lib/libnds9.a(mpu_setup.o)
 *(EXCLUDE_FILE(*.twl*) .data.*)
 .data.bgScrollTable
                0x023037e8       0x20 /opt/devkitpro/libnds/lib/libnds9.a(background.o)
                0x023037e8                bgScrollTable
 .data.bgTransform
                0x02303808       0x20 /opt/devkitpro/libnds/lib/libnds9.a(background.o)
                0x02303808                bgTransform
 .data.fifo_buffer_free
                0x02303828        0x4 /opt/devkitpro/libnds/lib/libnds9.a(fifosystem.o)
                0x02303828                fifo_buffer_free
 .data.fifo_freewords
                0x0230382c        0x4 /opt/devkitpro/libnds/lib/libnds9.a(fifosystem.o)
                0x0230382c                fifo_freewords
 .data.fifo_receive_queue
                0x02303830        0x4 /opt/devkitpro/libnds/lib/libnds9.a(fifosystem.o)
                0x02303830                fifo_receive_queue
 .data.fifo_send_queue
                0x02303834        0x4 /opt/devkitpro/libnds/lib/libnds9.a(fifosystem.o)
                0x02303834                fifo_send_queue
 *(EXCLUDE_FILE(*.twl*) .gnu.linkonce.d*)
                0x02303838                        . = ALIGN (0x4)
                0x02303838                        __data_end = ABSOLUTE (.)
                0x02303838                        __bss_vma = .

.igot.plt       0x02303838        0x0
 .igot.plt      0x02303838        0x0 /opt/devkitpro/devkitARM/bin/../lib/gcc/arm-none-eabi/13.2.0/../../../../arm-none-eabi/lib/ds_arm9_crt0.o

.dtcm           0x02ff0000        0x0 load address 0x02303838
                0x02303838                        __dtcm_lma = LOADADDR (.dtcm)
                0x02ff0000                        __dtcm_start = ABSOLUTE (.)
 *(.dtcm)
 *(.dtcm.*)
                0x02ff0000                        . = ALIGN (0x4)
                0x02ff0000                        __dtcm_end = ABSOLUTE (.)

.itcm           0x01000100      0x194 load address 0x02303838
                0x02303838                        __itcm_lma = LOADADDR (.itcm)
                0x01000100                        __itcm_start = ABSOLUTE (.)
 *(.itcm)
 .itcm          0x01000100       0xc8 /opt/devkitpro/libnds/lib/libnds9.a(interrupts.o)
                0x01000100                irqTable
 .itcm          0x010001c8       0xcc /opt/devkitpro/libnds/lib/libnds9.a(interruptDispatcher.o)
                0x010001c8                IntrMain
 *.itcm*(.text .stub .text.*)
                0x01000294                        . = ALIGN (0x4)
                0x01000294                        __itcm_end = ABSOLUTE (.)

.vectors        0x01000000        0x0 load address 0x023039cc
                0x023039cc                        __vectors_lma = LOADADDR (.vectors)
                0x01000000                        __vectors_start = ABSOLUTE (.)
 *(.vectors .vectors.*)
                0x01000000                        . = ALIGN (0x4)
                0x01000000                        __vectors_end = ABSOLUTE (.)

.sbss           0x02ff0000        0x0
                0x02ff0000                        __sbss_start = ABSOLUTE (.)
                0x02ff0000                        __sbss_start__ = ABSOLUTE (.)
 *(.sbss)
                0x02ff0000                        . = ALIGN (0x4)
                0x02ff0000                        __sbss_end = ABSOLUTE (.)

.bss            0x02303838      0xbbc
                0x02303838                        __bss_start = ABSOLUTE (.)
                0x02303838                        __bss_start__ = ABSOLUTE (.)
 *(EXCLUDE_FILE(*.twl*) .dynbss)
 *(EXCLUDE_FILE(*.twl*) .gnu.linkonce.b*)
 *(EXCLUDE_FILE(*.twl*) .bss*)
 .bss.completed.1
                0x02303838        0x1 /opt/devkitpro/devkitARM/bin/../lib/gcc/arm-none-eabi/13.2.0/crtbegin.o
 *fill*         0x02303839        0x3 
 .bss.object.0  0x0230383c       0x18 /opt/devkitpro/devkitARM/bin/../lib/gcc/arm-none-eabi/13.2.0/crtbegin.o
 .bss.bgIsTextLut
                0x02303854        0x8 /opt/devkitpro/libnds/lib/libnds9.a(background.o)
                0x02303854                bgIsTextLut
 .bss.bgState   0x0230385c      0x140 /opt/devkitpro/libnds/lib/libnds9.a(background.o)
                0x0230385c                bgState
 .bss.__dsimode
                0x0230399c        0x1 /opt/devkitpro/libnds/lib/libnds9.a(initSystem.o)
                0x0230399c                __dsimode
 *fill*         0x0230399d        0x3 
 .bss.punixTime
                0x023039a0        0x4 /opt/devkitpro/libnds/lib/libnds9.a(initSystem.o)
                0x023039a0                punixTime
 .bss.fifo_address_data
                0x023039a4       0x40 /opt/devkitpro/libnds/lib/libnds9.a(fifosystem.o)
                0x023039a4                fifo_address_data
 .bss.fifo_address_func
                0x023039e4       0x40 /opt/devkitpro/libnds/lib/libnds9.a(fifosystem.o)
                0x023039e4                fifo_address_func
 .bss.fifo_address_queue
                0x02303a24       0x40 /opt/devkitpro/libnds/lib/libnds9.a(fifosystem.o)
                0x02303a24                fifo_address_queue
 .bss.fifo_buffer
                0x02303a64      0x800 /opt/devkitpro/libnds/lib/libnds9.a(fifosystem.o)
                0x02303a64                fifo_buffer
 .bss.fifo_data_queue
                0x02304264       0x40 /opt/devkitpro/libnds/lib/libnds9.a(fifosystem.o)
                0x02304264                fifo_data_queue
 .bss.fifo_datamsg_data
                0x023042a4       0x40 /opt/devkitpro/libnds/lib/libnds9.a(fifosystem.o)
                0x023042a4                fifo_datamsg_data
 .bss.fifo_datamsg_func
                0x023042e4       0x40 /opt/devkitpro/libnds/lib/libnds9.a(fifosystem.o)
                0x023042e4                fifo_datamsg_func
 .bss.fifo_value32_data
                0x02304324       0x40 /opt/devkitpro/libnds/lib/libnds9.a(fifosystem.o)
                0x02304324                fifo_value32_data
 .bss.fifo_value32_func
                0x02304364       0x40 /opt/devkitpro/libnds/lib/libnds9.a(fifosystem.o)
                0x02304364                fifo_value32_func
 .bss.fifo_value32_queue
                0x023043a4       0x40 /opt/devkitpro/libnds/lib/libnds9.a(fifosystem.o)
                0x023043a4                fifo_value32_queue
 .bss.processing
                0x023043e4        0x4 /opt/devkitpro/libnds/lib/libnds9.a(fifosystem.o)
                0x023043e4                processing
 .bss.SDcallback
                0x023043e8        0x4 /opt/devkitpro/libnds/lib/libnds9.a(system.o)
 .bss.fake_heap_start
                0x023043ec        0x4 /opt/devkitpro/devkitARM/bin/../lib/gcc/arm-none-eabi/13.2.0/../../../../arm-none-eabi/lib/libsysbase.a(libsysbase_libsysbase_a-malloc_vars.o)
                0x023043ec                fake_heap_start
 .bss.fake_heap_end
                0x023043f0        0x4 /opt/devkitpro/devkitARM/bin/../lib/gcc/arm-none-eabi/13.2.0/../../../../arm-none-eabi/lib/libsysbase.a(libsysbase_libsysbase_a-malloc_vars.o)
                0x023043f0                fake_heap_end
 *(EXCLUDE_FILE(*.twl*) COMMON)
                0x023043f4                        . = ALIGN (0x4)
                0x023043f4                        __bss_end__ = ABSOLUTE (.)
                0x023043f4                        __end__ = ABSOLUTE (.)

.twl            0x023043f4        0x0 load address 0x02400000
                0x02400000                        __arm9i_lma__ = LOADADDR (.twl)
                0x023043f4                        __arm9i_start__ = ABSOLUTE (.)
 *(.twl)
 *.twl*(.text .stub .text.* .gnu.linkonce.t.*)
 *.twl*(.rodata)
 *.twl*(.roda)
 *.twl*(.rodata.*)
 *.twl*(.data)
 *.twl*(.data.*)
 *.twl*(.gnu.linkonce.d*)
                0x023043f4                        __arm9i_end__ = ABSOLUTE (.)

.twl_bss        0x023043f4        0x0
                0x023043f4                        __twl_bss_start__ = ABSOLUTE (.)
 *(.twl_bss)
 *.twl*(.dynbss)
 *.twl*(.gnu.linkonce.b*)
 *.twl*(.bss*)
 *.twl*(COMMON)
                0x023043f4                        . = ALIGN (0x4)
                0x023043f4                        __twl_bss_end__ = ABSOLUTE (.)
                0x023043f4                        __twl_end__ = ABSOLUTE (.)

.stab
 *(.stab)

.stabstr
 *(.stabstr)

.stab.excl
 *(.stab.excl)

.stab.exclstr
 *(.stab.exclstr)

.stab.index
 *(.stab.index)

.stab.indexstr
 *(.stab.indexstr)

.comment        0x00000000       0x46
 *(.comment)
 .comment       0x00000000       0x46 /opt/devkitpro/devkitARM/bin/../lib/gcc/arm-none-eabi/13.2.0/crtbegin.o
                                 0x24 (size before relaxing)
 .comment       0x00000046       0x24 main.o
 .comment       0x00000046       0x24 /opt/devkitpro/libnds/lib/libnds9.a(background.o)
 .comment       0x00000046       0x24 /opt/devkitpro/libnds/lib/libnds9.a(trig.o)
 .comment       0x00000046       0x24 /opt/devkitpro/libnds/lib/libnds9.a(initSystem.o)
 .comment       0x00000046       0x24 /opt/devkitpro/libnds/lib/libnds9.a(securearea.o)
 .comment       0x00000046       0x24 /opt/devkitpro/libnds/lib/libnds9.a(interrupts.o)
 .comment       0x00000046       0x24 /opt/devkitpro/libnds/lib/libnds9.a(libnds_exit.arm.o)
 .comment       0x00000046       0x24 /opt/devkitpro/libnds/lib/libnds9.a(fifosystem.o)
 .comment       0x00000046       0x24 /opt/devkitpro/libnds/lib/libnds9.a(video.o)
 .comment       0x00000046       0x24 /opt/devkitpro/libnds/lib/libnds9.a(system.o)
 .comment       0x00000046       0x24 /opt/devkitpro/devkitARM/bin/../lib/gcc/arm-none-eabi/13.2.0/../../../../arm-none-eabi/lib/libg.a(libc_a-memset.o)
 .comment       0x00000046       0x24 /opt/devkitpro/devkitARM/bin/../lib/gcc/arm-none-eabi/13.2.0/../../../../arm-none-eabi/lib/libg.a(libc_a-memcpy-stub.o)
 .comment       0x00000046       0x24 /opt/devkitpro/devkitARM/bin/../lib/gcc/arm-none-eabi/13.2.0/../../../../arm-none-eabi/lib/libg.a(libc_a-init.o)
 .comment       0x00000046       0x24 /opt/devkitpro/devkitARM/bin/../lib/gcc/arm-none-eabi/13.2.0/../../../../arm-none-eabi/lib/libsysbase.a(libsysbase_libsysbase_a-build_argv.o)
 .comment       0x00000046       0x24 /opt/devkitpro/devkitARM/bin/../lib/gcc/arm-none-eabi/13.2.0/../../../../arm-none-eabi/lib/libsysbase.a(libsysbase_libsysbase_a-malloc_vars.o)
 .comment       0x00000046       0x24 /opt/devkitpro/devkitARM/bin/../lib/gcc/arm-none-eabi/13.2.0/crtend.o

.ARM.attributes
                0x00000000       0x2d
 .ARM.attributes
                0x00000000       0x21 /opt/devkitpro/devkitARM/bin/../lib/gcc/arm-none-eabi/13.2.0/../../../../arm-none-eabi/lib/ds_arm9_crt0.o
 .ARM.attributes
                0x00000021       0x1c /opt/devkitpro/devkitARM/bin/../lib/gcc/arm-none-eabi/13.2.0/crti.o
 .ARM.attributes
                0x0000003d       0x2a /opt/devkitpro/devkitARM/bin/../lib/gcc/arm-none-eabi/13.2.0/crtbegin.o
 .ARM.attributes
                0x00000067       0x2b main.o
 .ARM.attributes
                0x00000092       0x2b /opt/devkitpro/libnds/lib/libnds9.a(background.o)
 .ARM.attributes
                0x000000bd       0x2b /opt/devkitpro/libnds/lib/libnds9.a(trig.o)
 .ARM.attributes
                0x000000e8       0x2b /opt/devkitpro/libnds/lib/libnds9.a(initSystem.o)
 .ARM.attributes
                0x00000113       0x2b /opt/devkitpro/libnds/lib/libnds9.a(securearea.o)
 .ARM.attributes
                0x0000013e       0x2b /opt/devkitpro/libnds/lib/libnds9.a(interrupts.o)
 .ARM.attributes
                0x00000169       0x2b /opt/devkitpro/libnds/lib/libnds9.a(libnds_exit.arm.o)
 .ARM.attributes
                0x00000194       0x2b /opt/devkitpro/libnds/lib/libnds9.a(fifosystem.o)
 .ARM.attributes
                0x000001bf       0x21 /opt/devkitpro/libnds/lib/libnds9.a(mpu_setup.o)
 .ARM.attributes
                0x000001e0       0x21 /opt/devkitpro/libnds/lib/libnds9.a(IntrWait.o)
 .ARM.attributes
                0x00000201       0x21 /opt/devkitpro/libnds/lib/libnds9.a(cpu_clock.o)
 .ARM.attributes
                0x00000222       0x1b /opt/devkitpro/libnds/lib/libnds9.a(interruptDispatcher.o)
 .ARM.attributes
                0x0000023d       0x21 /opt/devkitpro/libnds/lib/libnds9.a(swiSoftReset.o)
 .ARM.attributes
                0x0000025e       0x2b /opt/devkitpro/libnds/lib/libnds9.a(video.o)
 .ARM.attributes
                0x00000289       0x2b /opt/devkitpro/libnds/lib/libnds9.a(system.o)
 .ARM.attributes
                0x000002b4       0x1b /opt/devkitpro/libnds/lib/libnds9.a(biosCalls.o)
 .ARM.attributes
                0x000002cf       0x1c /opt/devkitpro/devkitARM/bin/../lib/gcc/arm-none-eabi/13.2.0/libgcc.a(_arm_addsubdf3.o)
 .ARM.attributes
                0x000002eb       0x1c /opt/devkitpro/devkitARM/bin/../lib/gcc/arm-none-eabi/13.2.0/libgcc.a(_arm_muldivdf3.o)
 .ARM.attributes
                0x00000307       0x1c /opt/devkitpro/devkitARM/bin/../lib/gcc/arm-none-eabi/13.2.0/libgcc.a(_arm_fixdfsi.o)
 .ARM.attributes
                0x00000323       0x1c /opt/devkitpro/devkitARM/bin/../lib/gcc/arm-none-eabi/13.2.0/libgcc.a(_arm_addsubsf3.o)
 .ARM.attributes
                0x0000033f       0x1c /opt/devkitpro/devkitARM/bin/../lib/gcc/arm-none-eabi/13.2.0/libgcc.a(_arm_muldivsf3.o)
 .ARM.attributes
                0x0000035b       0x1c /opt/devkitpro/devkitARM/bin/../lib/gcc/arm-none-eabi/13.2.0/libgcc.a(_arm_cmpsf2.o)
 .ARM.attributes
                0x00000377       0x1c /opt/devkitpro/devkitARM/bin/../lib/gcc/arm-none-eabi/13.2.0/libgcc.a(_arm_fixsfsi.o)
 .ARM.attributes
                0x00000393       0x2a /opt/devkitpro/devkitARM/bin/../lib/gcc/arm-none-eabi/13.2.0/../../../../arm-none-eabi/lib/libg.a(libc_a-memset.o)
 .ARM.attributes
                0x000003bd       0x2a /opt/devkitpro/devkitARM/bin/../lib/gcc/arm-none-eabi/13.2.0/../../../../arm-none-eabi/lib/libg.a(libc_a-memcpy-stub.o)
 .ARM.attributes
                0x000003e7       0x2a /opt/devkitpro/devkitARM/bin/../lib/gcc/arm-none-eabi/13.2.0/../../../../arm-none-eabi/lib/libg.a(libc_a-init.o)
 .ARM.attributes
                0x00000411       0x2a /opt/devkitpro/devkitARM/bin/../lib/gcc/arm-none-eabi/13.2.0/../../../../arm-none-eabi/lib/libsysbase.a(libsysbase_libsysbase_a-build_argv.o)
 .ARM.attributes
                0x0000043b       0x2a /opt/devkitpro/devkitARM/bin/../lib/gcc/arm-none-eabi/13.2.0/../../../../arm-none-eabi/lib/libsysbase.a(libsysbase_libsysbase_a-malloc_vars.o)
 .ARM.attributes
                0x00000465       0x2a /opt/devkitpro/devkitARM/bin/../lib/gcc/arm-none-eabi/13.2.0/crtend.o
 .ARM.attributes
                0x0000048f       0x1c /opt/devkitpro/devkitARM/bin/../lib/gcc/arm-none-eabi/13.2.0/crtn.o

.debug
 *(.debug)

.line
 *(.line)

.debug_srcinfo
 *(.debug_srcinfo)

.debug_sfnames
 *(.debug_sfnames)

.debug_aranges  0x00000000      0x468
 *(.debug_aranges)
 .debug_aranges
                0x00000000       0x28 main.o
 .debug_aranges
                0x00000028       0x40 /opt/devkitpro/libnds/lib/libnds9.a(background.o)
 .debug_aranges
                0x00000068       0x60 /opt/devkitpro/libnds/lib/libnds9.a(trig.o)
 .debug_aranges
                0x000000c8       0x30 /opt/devkitpro/libnds/lib/libnds9.a(initSystem.o)
 .debug_aranges
                0x000000f8       0x18 /opt/devkitpro/libnds/lib/libnds9.a(securearea.o)
 .debug_aranges
                0x00000110       0x50 /opt/devkitpro/libnds/lib/libnds9.a(interrupts.o)
 .debug_aranges
                0x00000160       0x28 /opt/devkitpro/libnds/lib/libnds9.a(libnds_exit.arm.o)
 .debug_aranges
                0x00000188       0xb0 /opt/devkitpro/libnds/lib/libnds9.a(fifosystem.o)
 .debug_aranges
                0x00000238       0x30 /opt/devkitpro/libnds/lib/libnds9.a(mpu_setup.o)
 .debug_aranges
                0x00000268       0x28 /opt/devkitpro/libnds/lib/libnds9.a(IntrWait.o)
 .debug_aranges
                0x00000290       0x20 /opt/devkitpro/libnds/lib/libnds9.a(cpu_clock.o)
 .debug_aranges
                0x000002b0       0x20 /opt/devkitpro/libnds/lib/libnds9.a(interruptDispatcher.o)
 .debug_aranges
                0x000002d0       0x20 /opt/devkitpro/libnds/lib/libnds9.a(swiSoftReset.o)
 .debug_aranges
                0x000002f0       0x48 /opt/devkitpro/libnds/lib/libnds9.a(video.o)
 .debug_aranges
                0x00000338       0x68 /opt/devkitpro/libnds/lib/libnds9.a(system.o)
 .debug_aranges
                0x000003a0       0xc8 /opt/devkitpro/libnds/lib/libnds9.a(biosCalls.o)

.debug_pubnames
 *(.debug_pubnames)

.debug_info     0x00000000     0x6920
 *(.debug_info)
 .debug_info    0x00000000     0x104a main.o
 .debug_info    0x0000104a      0xa9c /opt/devkitpro/libnds/lib/libnds9.a(background.o)
 .debug_info    0x00001ae6      0x793 /opt/devkitpro/libnds/lib/libnds9.a(trig.o)
 .debug_info    0x00002279     0x113e /opt/devkitpro/libnds/lib/libnds9.a(initSystem.o)
 .debug_info    0x000033b7       0x5a /opt/devkitpro/libnds/lib/libnds9.a(securearea.o)
 .debug_info    0x00003411      0x68d /opt/devkitpro/libnds/lib/libnds9.a(interrupts.o)
 .debug_info    0x00003a9e      0x367 /opt/devkitpro/libnds/lib/libnds9.a(libnds_exit.arm.o)
 .debug_info    0x00003e05     0x183f /opt/devkitpro/libnds/lib/libnds9.a(fifosystem.o)
 .debug_info    0x00005644       0x23 /opt/devkitpro/libnds/lib/libnds9.a(mpu_setup.o)
 .debug_info    0x00005667       0x23 /opt/devkitpro/libnds/lib/libnds9.a(IntrWait.o)
 .debug_info    0x0000568a       0x24 /opt/devkitpro/libnds/lib/libnds9.a(cpu_clock.o)
 .debug_info    0x000056ae       0x25 /opt/devkitpro/libnds/lib/libnds9.a(interruptDispatcher.o)
 .debug_info    0x000056d3       0x24 /opt/devkitpro/libnds/lib/libnds9.a(swiSoftReset.o)
 .debug_info    0x000056f7      0x790 /opt/devkitpro/libnds/lib/libnds9.a(video.o)
 .debug_info    0x00005e87      0xa76 /opt/devkitpro/libnds/lib/libnds9.a(system.o)
 .debug_info    0x000068fd       0x23 /opt/devkitpro/libnds/lib/libnds9.a(biosCalls.o)

.debug_abbrev   0x00000000     0x1c71
 *(.debug_abbrev)
 .debug_abbrev  0x00000000      0x356 main.o
 .debug_abbrev  0x00000356      0x366 /opt/devkitpro/libnds/lib/libnds9.a(background.o)
 .debug_abbrev  0x000006bc      0x26e /opt/devkitpro/libnds/lib/libnds9.a(trig.o)
 .debug_abbrev  0x0000092a      0x3e1 /opt/devkitpro/libnds/lib/libnds9.a(initSystem.o)
 .debug_abbrev  0x00000d0b       0x47 /opt/devkitpro/libnds/lib/libnds9.a(securearea.o)
 .debug_abbrev  0x00000d52      0x2da /opt/devkitpro/libnds/lib/libnds9.a(interrupts.o)
 .debug_abbrev  0x0000102c      0x1ad /opt/devkitpro/libnds/lib/libnds9.a(libnds_exit.arm.o)
 .debug_abbrev  0x000011d9      0x4bb /opt/devkitpro/libnds/lib/libnds9.a(fifosystem.o)
 .debug_abbrev  0x00001694       0x12 /opt/devkitpro/libnds/lib/libnds9.a(mpu_setup.o)
 .debug_abbrev  0x000016a6       0x12 /opt/devkitpro/libnds/lib/libnds9.a(IntrWait.o)
 .debug_abbrev  0x000016b8       0x14 /opt/devkitpro/libnds/lib/libnds9.a(cpu_clock.o)
 .debug_abbrev  0x000016cc       0x14 /opt/devkitpro/libnds/lib/libnds9.a(interruptDispatcher.o)
 .debug_abbrev  0x000016e0       0x14 /opt/devkitpro/libnds/lib/libnds9.a(swiSoftReset.o)
 .debug_abbrev  0x000016f4      0x24c /opt/devkitpro/libnds/lib/libnds9.a(video.o)
 .debug_abbrev  0x00001940      0x31f /opt/devkitpro/libnds/lib/libnds9.a(system.o)
 .debug_abbrev  0x00001c5f       0x12 /opt/devkitpro/libnds/lib/libnds9.a(biosCalls.o)

.debug_line     0x00000000     0x4534
 *(.debug_line)
 .debug_line    0x00000000      0x566 main.o
 .debug_line    0x00000566      0x725 /opt/devkitpro/libnds/lib/libnds9.a(background.o)
 .debug_line    0x00000c8b      0x837 /opt/devkitpro/libnds/lib/libnds9.a(trig.o)
 .debug_line    0x000014c2      0x597 /opt/devkitpro/libnds/lib/libnds9.a(initSystem.o)
 .debug_line    0x00001a59       0x8f /opt/devkitpro/libnds/lib/libnds9.a(securearea.o)
 .debug_line    0x00001ae8      0x54c /opt/devkitpro/libnds/lib/libnds9.a(interrupts.o)
 .debug_line    0x00002034      0x23b /opt/devkitpro/libnds/lib/libnds9.a(libnds_exit.arm.o)
 .debug_line    0x0000226f     0x14f5 /opt/devkitpro/libnds/lib/libnds9.a(fifosystem.o)
 .debug_line    0x00003764       0xe8 /opt/devkitpro/libnds/lib/libnds9.a(mpu_setup.o)
 .debug_line    0x0000384c       0x74 /opt/devkitpro/libnds/lib/libnds9.a(IntrWait.o)
 .debug_line    0x000038c0       0x5c /opt/devkitpro/libnds/lib/libnds9.a(cpu_clock.o)
 .debug_line    0x0000391c       0x80 /opt/devkitpro/libnds/lib/libnds9.a(interruptDispatcher.o)
 .debug_line    0x0000399c       0x57 /opt/devkitpro/libnds/lib/libnds9.a(swiSoftReset.o)
 .debug_line    0x000039f3      0x4b5 /opt/devkitpro/libnds/lib/libnds9.a(video.o)
 .debug_line    0x00003ea8      0x4dc /opt/devkitpro/libnds/lib/libnds9.a(system.o)
 .debug_line    0x00004384      0x1b0 /opt/devkitpro/libnds/lib/libnds9.a(biosCalls.o)

.debug_frame    0x00000000      0x778
 *(.debug_frame)
 .debug_frame   0x00000000       0x68 main.o
 .debug_frame   0x00000068       0xb8 /opt/devkitpro/libnds/lib/libnds9.a(background.o)
 .debug_frame   0x00000120       0xd8 /opt/devkitpro/libnds/lib/libnds9.a(trig.o)
 .debug_frame   0x000001f8       0x5c /opt/devkitpro/libnds/lib/libnds9.a(initSystem.o)
 .debug_frame   0x00000254       0xa4 /opt/devkitpro/libnds/lib/libnds9.a(interrupts.o)
 .debug_frame   0x000002f8       0x38 /opt/devkitpro/libnds/lib/libnds9.a(libnds_exit.arm.o)
 .debug_frame   0x00000330      0x294 /opt/devkitpro/libnds/lib/libnds9.a(fifosystem.o)
 .debug_frame   0x000005c4       0xbc /opt/devkitpro/libnds/lib/libnds9.a(video.o)
 .debug_frame   0x00000680       0xf8 /opt/devkitpro/libnds/lib/libnds9.a(system.o)

.debug_str      0x00000000     0x2cea
 *(.debug_str)
 .debug_str     0x00000000     0x2cea main.o
                                0xc62 (size before relaxing)
 .debug_str     0x00002cea      0x7a2 /opt/devkitpro/libnds/lib/libnds9.a(background.o)
 .debug_str     0x00002cea      0x2fc /opt/devkitpro/libnds/lib/libnds9.a(trig.o)
 .debug_str     0x00002cea      0xb81 /opt/devkitpro/libnds/lib/libnds9.a(initSystem.o)
 .debug_str     0x00002cea      0x16e /opt/devkitpro/libnds/lib/libnds9.a(securearea.o)
 .debug_str     0x00002cea      0x496 /opt/devkitpro/libnds/lib/libnds9.a(interrupts.o)
 .debug_str     0x00002cea      0x3e5 /opt/devkitpro/libnds/lib/libnds9.a(libnds_exit.arm.o)
 .debug_str     0x00002cea      0x8a9 /opt/devkitpro/libnds/lib/libnds9.a(fifosystem.o)
 .debug_str     0x00002cea       0x6c /opt/devkitpro/libnds/lib/libnds9.a(mpu_setup.o)
 .debug_str     0x00002cea       0x6b /opt/devkitpro/libnds/lib/libnds9.a(IntrWait.o)
 .debug_str     0x00002cea       0x6c /opt/devkitpro/libnds/lib/libnds9.a(cpu_clock.o)
 .debug_str     0x00002cea       0x76 /opt/devkitpro/libnds/lib/libnds9.a(interruptDispatcher.o)
 .debug_str     0x00002cea       0x6f /opt/devkitpro/libnds/lib/libnds9.a(swiSoftReset.o)
 .debug_str     0x00002cea      0xc53 /opt/devkitpro/libnds/lib/libnds9.a(video.o)
 .debug_str     0x00002cea      0x798 /opt/devkitpro/libnds/lib/libnds9.a(system.o)
 .debug_str     0x00002cea       0x6c /opt/devkitpro/libnds/lib/libnds9.a(biosCalls.o)

.debug_loc
 *(.debug_loc)

.debug_macinfo
 *(.debug_macinfo)

.debug_weaknames
 *(.debug_weaknames)

.debug_funcnames
 *(.debug_funcnames)

.debug_typenames
 *(.debug_typenames)

.debug_varnames
 *(.debug_varnames)

.stack          0x00080000        0x0
                0x00080000                        _stack = .
 *(.stack)
LOAD /opt/devkitpro/devkitARM/bin/../lib/gcc/arm-none-eabi/13.2.0/../../../../arm-none-eabi/lib/ds_arm9_crt0.o
LOAD /opt/devkitpro/devkitARM/bin/../lib/gcc/arm-none-eabi/13.2.0/crti.o
LOAD /opt/devkitpro/devkitARM/bin/../lib/gcc/arm-none-eabi/13.2.0/crtbegin.o
LOAD main.o
LOAD olive.o
LOAD /opt/devkitpro/libnds/lib/libnds9.a
START GROUP
LOAD /opt/devkitpro/devkitARM/bin/../lib/gcc/arm-none-eabi/13.2.0/libgcc.a
LOAD /opt/devkitpro/devkitARM/bin/../lib/gcc/arm-none-eabi/13.2.0/../../../../arm-none-eabi/lib/libg.a
LOAD /opt/devkitpro/devkitARM/bin/../lib/gcc/arm-none-eabi/13.2.0/../../../../arm-none-eabi/lib/libc.a
LOAD /opt/devkitpro/devkitARM/bin/../lib/gcc/arm-none-eabi/13.2.0/../../../../arm-none-eabi/lib/libsysbase.a
END GROUP
LOAD /opt/devkitpro/devkitARM/bin/../lib/gcc/arm-none-eabi/13.2.0/crtend.o
LOAD /opt/devkitpro/devkitARM/bin/../lib/gcc/arm-none-eabi/13.2.0/crtn.o
OUTPUT(/home/chloe/Projects/culminating_game/culminating_game.elf elf32-littlearm)
LOAD linker stubs

.debug_loclists
                0x00000000     0x2095
 .debug_loclists
                0x00000000      0x293 main.o
 .debug_loclists
                0x00000293      0x2a3 /opt/devkitpro/libnds/lib/libnds9.a(background.o)
 .debug_loclists
                0x00000536      0x779 /opt/devkitpro/libnds/lib/libnds9.a(trig.o)
 .debug_loclists
                0x00000caf       0xc5 /opt/devkitpro/libnds/lib/libnds9.a(initSystem.o)
 .debug_loclists
                0x00000d74      0x1a5 /opt/devkitpro/libnds/lib/libnds9.a(interrupts.o)
 .debug_loclists
                0x00000f19       0x48 /opt/devkitpro/libnds/lib/libnds9.a(libnds_exit.arm.o)
 .debug_loclists
                0x00000f61      0xe1a /opt/devkitpro/libnds/lib/libnds9.a(fifosystem.o)
 .debug_loclists
                0x00001d7b      0x1da /opt/devkitpro/libnds/lib/libnds9.a(video.o)
 .debug_loclists
                0x00001f55      0x140 /opt/devkitpro/libnds/lib/libnds9.a(system.o)

.debug_rnglists
                0x00000000      0x6d2
 .debug_rnglists
                0x00000000      0x100 main.o
 .debug_rnglists
                0x00000100       0x7c /opt/devkitpro/libnds/lib/libnds9.a(background.o)
 .debug_rnglists
                0x0000017c       0x9d /opt/devkitpro/libnds/lib/libnds9.a(trig.o)
 .debug_rnglists
                0x00000219       0x20 /opt/devkitpro/libnds/lib/libnds9.a(initSystem.o)
 .debug_rnglists
                0x00000239       0x8b /opt/devkitpro/libnds/lib/libnds9.a(interrupts.o)
 .debug_rnglists
                0x000002c4       0x19 /opt/devkitpro/libnds/lib/libnds9.a(libnds_exit.arm.o)
 .debug_rnglists
                0x000002dd      0x2a4 /opt/devkitpro/libnds/lib/libnds9.a(fifosystem.o)
 .debug_rnglists
                0x00000581       0x20 /opt/devkitpro/libnds/lib/libnds9.a(mpu_setup.o)
 .debug_rnglists
                0x000005a1       0x19 /opt/devkitpro/libnds/lib/libnds9.a(IntrWait.o)
 .debug_rnglists
                0x000005ba       0x3e /opt/devkitpro/libnds/lib/libnds9.a(video.o)
 .debug_rnglists
                0x000005f8       0x49 /opt/devkitpro/libnds/lib/libnds9.a(system.o)
 .debug_rnglists
                0x00000641       0x91 /opt/devkitpro/libnds/lib/libnds9.a(biosCalls.o)

.debug_line_str
                0x00000000      0x113
 .debug_line_str
                0x00000000      0x113 /opt/devkitpro/libnds/lib/libnds9.a(mpu_setup.o)
                                 0xdc (size before relaxing)
 .debug_line_str
                0x00000113       0xda /opt/devkitpro/libnds/lib/libnds9.a(IntrWait.o)
 .debug_line_str
                0x00000113       0xdc /opt/devkitpro/libnds/lib/libnds9.a(cpu_clock.o)
 .debug_line_str
                0x00000113       0xe6 /opt/devkitpro/libnds/lib/libnds9.a(interruptDispatcher.o)
 .debug_line_str
                0x00000113       0xd8 /opt/devkitpro/libnds/lib/libnds9.a(swiSoftReset.o)
 .debug_line_str
                0x00000113       0xd2 /opt/devkitpro/libnds/lib/libnds9.a(biosCalls.o)
